
> scopus-search-frontend@0.1.0 test
> vitest run --reporter=verbose


[1m[30m[46m RUN [49m[39m[22m [36mv4.1.5 [39m[90mC:/pet_projects/scopus_search_project/scopus_search_code/frontend[39m

 [32mтЬУ[39m src/hooks/usePagination.test.ts[2m > [22musePagination[2m > [22mtotal=0 тЖТ totalPages=1, hasPrev=false, hasNext=false[32m 36[2mms[22m[39m
 [32mтЬУ[39m src/hooks/usePagination.test.ts[2m > [22musePagination[2m > [22mtotal=10, size=10 тЖТ totalPages=1[32m 4[2mms[22m[39m
 [32mтЬУ[39m src/hooks/usePagination.test.ts[2m > [22musePagination[2m > [22mtotal=11, size=10 тЖТ totalPages=2, page=1 hasNext=true[32m 3[2mms[22m[39m
 [32mтЬУ[39m src/hooks/usePagination.test.ts[2m > [22musePagination[2m > [22mtotal=70, size=10 тЖТ pages=[1..7], ╨╜╨╡╤В ellipsis[32m 5[2mms[22m[39m
 [32mтЬУ[39m src/hooks/usePagination.test.ts[2m > [22musePagination[2m > [22mtotal=100, page=1, size=10 тЖТ ellipsis ╤В╨╛╨╗╤М╨║╨╛ ╤Б╨┐╤А╨░╨▓╨░[32m 4[2mms[22m[39m
 [32mтЬУ[39m src/hooks/usePagination.test.ts[2m > [22musePagination[2m > [22mtotal=100, page=5, size=10 тЖТ ellipsis ╤Б ╨╛╨▒╨╡╨╕╤Е ╤Б╤В╨╛╤А╨╛╨╜[32m 2[2mms[22m[39m
 [32mтЬУ[39m src/hooks/usePagination.test.ts[2m > [22musePagination[2m > [22mtotal=100, page=10, size=10 тЖТ ellipsis ╤В╨╛╨╗╤М╨║╨╛ ╤Б╨╗╨╡╨▓╨░[32m 2[2mms[22m[39m
 [32mтЬУ[39m src/hooks/usePagination.test.ts[2m > [22musePagination[2m > [22mtotal=50, page=2, size=25 тЖТ totalPages=2, hasPrev=true, hasNext=false[32m 2[2mms[22m[39m
 [32mтЬУ[39m src/hooks/usePagination.test.ts[2m > [22musePagination[2m > [22mrerender ╤Б ╨╜╨╛╨▓╤Л╨╝ page ╨╛╨▒╨╜╨╛╨▓╨╗╤П╨╡╤В hasPrev/hasNext[32m 4[2mms[22m[39m
 [32mтЬУ[39m src/components/articles/PaginationBar.test.tsx[2m > [22mPaginationBar тАФ null cases[2m > [22m╨▓╨╛╨╖╨▓╤А╨░╤Й╨░╨╡╤В null ╨┐╤А╨╕ total=0 (totalPages=1)[32m 18[2mms[22m[39m
 [32mтЬУ[39m src/components/articles/PaginationBar.test.tsx[2m > [22mPaginationBar тАФ null cases[2m > [22m╨▓╨╛╨╖╨▓╤А╨░╤Й╨░╨╡╤В null ╨┐╤А╨╕ ╤А╨╛╨▓╨╜╨╛ 1 ╤Б╤В╤А╨░╨╜╨╕╤Ж╨╡ (total=10, size=10)[32m 2[2mms[22m[39m
 [32mтЬУ[39m src/components/articles/PaginationBar.test.tsx[2m > [22mPaginationBar тАФ null cases[2m > [22m╤А╨╡╨╜╨┤╨╡╤А╨╕╤В╤Б╤П ╨┐╤А╨╕ total=11, size=10 (2 ╤Б╤В╤А╨░╨╜╨╕╤Ж╤Л)[32m 94[2mms[22m[39m
 [31m├Ч[39m src/components/articles/PaginationBar.test.tsx[2m > [22mPaginationBar тАФ Prev/Next disabled[2m > [22mPrev disabled ╨╜╨░ ╨┐╨╡╤А╨▓╨╛╨╣ ╤Б╤В╤А╨░╨╜╨╕╤Ж╨╡[32m 82[2mms[22m[39m
[31m   тЖТ Unable to find an accessible element with the role "button" and name `/prev/i`

Here are the accessible roles:

  navigation:

  Name "╨Э╨░╨▓╨╕╨│╨░╤Ж╨╕╤П ╨┐╨╛ ╤Б╤В╤А╨░╨╜╨╕╤Ж╨░╨╝":
  [36m<nav[31m
    [33maria-label[31m=[32m"╨Э╨░╨▓╨╕╨│╨░╤Ж╨╕╤П ╨┐╨╛ ╤Б╤В╤А╨░╨╜╨╕╤Ж╨░╨╝"[31m
    [33mclass[31m=[32m"mt-4"[31m
  [36m/>[31m

  --------------------------------------------------
  group:

  Name "╨б╤В╤А╨░╨╜╨╕╤Ж╤Л":
  [36m<div[31m
    [33maria-label[31m=[32m"╨б╤В╤А╨░╨╜╨╕╤Ж╤Л"[31m
    [33mclass[31m=[32m"flex items-center gap-1"[31m
    [33mrole[31m=[32m"group"[31m
  [36m/>[31m

  Name "╨б╤В╤А╨╛╨║ ╨╜╨░ ╤Б╤В╤А╨░╨╜╨╕╤Ж╨╡":
  [36m<div[31m
    [33maria-label[31m=[32m"╨б╤В╤А╨╛╨║ ╨╜╨░ ╤Б╤В╤А╨░╨╜╨╕╤Ж╨╡"[31m
    [33mclass[31m=[32m"flex items-center gap-1.5"[31m
    [33mrole[31m=[32m"group"[31m
  [36m/>[31m

  --------------------------------------------------
  button:

  Name "╨Я╤А╨╡╨┤╤Л╨┤╤Г╤Й╨░╤П ╤Б╤В╤А╨░╨╜╨╕╤Ж╨░":
  [36m<button[31m
    [33maria-label[31m=[32m"╨Я╤А╨╡╨┤╤Л╨┤╤Г╤Й╨░╤П ╤Б╤В╤А╨░╨╜╨╕╤Ж╨░"[31m
    [33mclass[31m=[32m"group/button inline-flex shrink-0 items-center justify-center border bg-clip-padding font-medium whitespace-nowrap transition-all outline-none select-none focus-visible:border-ring focus-visible:ring-3 focus-visible:ring-ring/50 active:not-aria-[haspopup]:translate-y-px disabled:pointer-events-none disabled:opacity-50 aria-invalid:border-destructive aria-invalid:ring-3 aria-invalid:ring-destructive/20 dark:aria-invalid:border-destructive/50 dark:aria-invalid:ring-destructive/40 [&_svg]:pointer-events-none [&_svg]:shrink-0 border-border bg-background hover:bg-muted hover:text-foreground aria-expanded:bg-muted aria-expanded:text-foreground dark:border-input dark:bg-input/30 dark:hover:bg-input/50 h-7 gap-1 rounded-[min(var(--radius-md),12px)] px-2.5 text-[0.8rem] in-data-[slot=button-group]:rounded-lg has-data-[icon=inline-end]:pr-1.5 has-data-[icon=inline-start]:pl-1.5 [&_svg:not([class*='size-'])]:size-3.5"[31m
    [33mdata-size[31m=[32m"sm"[31m
    [33mdata-slot[31m=[32m"button"[31m
    [33mdata-variant[31m=[32m"outline"[31m
    [33mdisabled[31m=[32m""[31m
  [36m/>[31m

  Name "1":
  [36m<button[31m
    [33maria-current[31m=[32m"page"[31m
    [33mclass[31m=[32m"group/button inline-flex shrink-0 items-center justify-center border border-transparent bg-clip-padding font-medium whitespace-nowrap transition-all outline-none select-none focus-visible:border-ring focus-visible:ring-3 focus-visible:ring-ring/50 active:not-aria-[haspopup]:translate-y-px disabled:pointer-events-none disabled:opacity-50 aria-invalid:border-destructive aria-invalid:ring-3 aria-invalid:ring-destructive/20 dark:aria-invalid:border-destructive/50 dark:aria-invalid:ring-destructive/40 [&_svg]:pointer-events-none [&_svg]:shrink-0 bg-primary text-primary-foreground [a]:hover:bg-primary/80 h-7 gap-1 rounded-[min(var(--radius-md),12px)] px-2.5 text-[0.8rem] in-data-[slot=button-group]:rounded-lg has-data-[icon=inline-end]:pr-1.5 has-data-[icon=inline-start]:pl-1.5 [&_svg:not([class*='size-'])]:size-3.5"[31m
    [33mdata-size[31m=[32m"sm"[31m
    [33mdata-slot[31m=[32m"button"[31m
    [33mdata-variant[31m=[32m"default"[31m
  [36m/>[31m

  Name "2":
  [36m<button[31m
    [33mclass[31m=[32m"group/button inline-flex shrink-0 items-center justify-center border bg-clip-padding font-medium whitespace-nowrap transition-all outline-none select-none focus-visible:border-ring focus-visible:ring-3 focus-visible:ring-ring/50 active:not-aria-[haspopup]:translate-y-px disabled:pointer-events-none disabled:opacity-50 aria-invalid:border-destructive aria-invalid:ring-3 aria-invalid:ring-destructive/20 dark:aria-invalid:border-destructive/50 dark:aria-invalid:ring-destructive/40 [&_svg]:pointer-events-none [&_svg]:shrink-0 border-border bg-background hover:bg-muted hover:text-foreground aria-expanded:bg-muted aria-expanded:text-foreground dark:border-input dark:bg-input/30 dark:hover:bg-input/50 h-7 gap-1 rounded-[min(var(--radius-md),12px)] px-2.5 text-[0.8rem] in-data-[slot=button-group]:rounded-lg has-data-[icon=inline-end]:pr-1.5 has-data-[icon=inline-start]:pl-1.5 [&_svg:not([class*='size-'])]:size-3.5"[31m
    [33mdata-size[31m=[32m"sm"[31m
    [33mdata-slot[31m=[32m"button"[31m
    [33mdata-variant[31m=[32m"outline"[31m
  [36m/>[31m

  Name "3":
  [36m<button[31m
    [33mclass[31m=[32m"group/button inline-flex shrink-0 items-center justify-center border bg-clip-padding font-medium whitespace-nowrap transition-all outline-none select-none focus-visible:border-ring focus-visible:ring-3 focus-visible:ring-ring/50 active:not-aria-[haspopup]:translate-y-px disabled:pointer-events-none disabled:opacity-50 aria-invalid:border-destructive aria-invalid:ring-3 aria-invalid:ring-destructive/20 dark:aria-invalid:border-destructive/50 dark:aria-invalid:ring-destructive/40 [&_svg]:pointer-events-none [&_svg]:shrink-0 border-border bg-background hover:bg-muted hover:text-foreground aria-expanded:bg-muted aria-expanded:text-foreground dark:border-input dark:bg-input/30 dark:hover:bg-input/50 h-7 gap-1 rounded-[min(var(--radius-md),12px)] px-2.5 text-[0.8rem] in-data-[slot=button-group]:rounded-lg has-data-[icon=inline-end]:pr-1.5 has-data-[icon=inline-start]:pl-1.5 [&_svg:not([class*='size-'])]:size-3.5"[31m
    [33mdata-size[31m=[32m"sm"[31m
    [33mdata-slot[31m=[32m"button"[31m
    [33mdata-variant[31m=[32m"outline"[31m
  [36m/>[31m

  Name "╨б╨╗╨╡╨┤╤Г╤О╤Й╨░╤П ╤Б╤В╤А╨░╨╜╨╕╤Ж╨░":
  [36m<button[31m
    [33maria-label[31m=[32m"╨б╨╗╨╡╨┤╤Г╤О╤Й╨░╤П ╤Б╤В╤А╨░╨╜╨╕╤Ж╨░"[31m
    [33mclass[31m=[32m"group/button inline-flex shrink-0 items-center justify-center border bg-clip-padding font-medium whitespace-nowrap transition-all outline-none select-none focus-visible:border-ring focus-visible:ring-3 focus-visible:ring-ring/50 active:not-aria-[haspopup]:translate-y-px disabled:pointer-events-none disabled:opacity-50 aria-invalid:border-destructive aria-invalid:ring-3 aria-invalid:ring-destructive/20 dark:aria-invalid:border-destructive/50 dark:aria-invalid:ring-destructive/40 [&_svg]:pointer-events-none [&_svg]:shrink-0 border-border bg-background hover:bg-muted hover:text-foreground aria-expanded:bg-muted aria-expanded:text-foreground dark:border-input dark:bg-input/30 dark:hover:bg-input/50 h-7 gap-1 rounded-[min(var(--radius-md),12px)] px-2.5 text-[0.8rem] in-data-[slot=button-group]:rounded-lg has-data-[icon=inline-end]:pr-1.5 has-data-[icon=inline-start]:pl-1.5 [&_svg:not([class*='size-'])]:size-3.5"[31m
    [33mdata-size[31m=[32m"sm"[31m
    [33mdata-slot[31m=[32m"button"[31m
    [33mdata-variant[31m=[32m"outline"[31m
  [36m/>[31m

  Name "10":
  [36m<button[31m
    [33mclass[31m=[32m"group/button inline-flex shrink-0 items-center justify-center border border-transparent bg-clip-padding font-medium whitespace-nowrap transition-all outline-none select-none focus-visible:border-ring focus-visible:ring-3 focus-visible:ring-ring/50 active:not-aria-[haspopup]:translate-y-px disabled:pointer-events-none disabled:opacity-50 aria-invalid:border-destructive aria-invalid:ring-3 aria-invalid:ring-destructive/20 dark:aria-invalid:border-destructive/50 dark:aria-invalid:ring-destructive/40 [&_svg]:pointer-events-none [&_svg]:shrink-0 bg-primary text-primary-foreground [a]:hover:bg-primary/80 h-7 gap-1 rounded-[min(var(--radius-md),12px)] px-2.5 text-[0.8rem] in-data-[slot=button-group]:rounded-lg has-data-[icon=inline-end]:pr-1.5 has-data-[icon=inline-start]:pl-1.5 [&_svg:not([class*='size-'])]:size-3.5"[31m
    [33mdata-size[31m=[32m"sm"[31m
    [33mdata-slot[31m=[32m"button"[31m
    [33mdata-variant[31m=[32m"default"[31m
  [36m/>[31m

  Name "25":
  [36m<button[31m
    [33mclass[31m=[32m"group/button inline-flex shrink-0 items-center justify-center border bg-clip-padding font-medium whitespace-nowrap transition-all outline-none select-none focus-visible:border-ring focus-visible:ring-3 focus-visible:ring-ring/50 active:not-aria-[haspopup]:translate-y-px disabled:pointer-events-none disabled:opacity-50 aria-invalid:border-destructive aria-invalid:ring-3 aria-invalid:ring-destructive/20 dark:aria-invalid:border-destructive/50 dark:aria-invalid:ring-destructive/40 [&_svg]:pointer-events-none [&_svg]:shrink-0 border-border bg-background hover:bg-muted hover:text-foreground aria-expanded:bg-muted aria-expanded:text-foreground dark:border-input dark:bg-input/30 dark:hover:bg-input/50 h-7 gap-1 rounded-[min(var(--radius-md),12px)] px-2.5 text-[0.8rem] in-data-[slot=button-group]:rounded-lg has-data-[icon=inline-end]:pr-1.5 has-data-[icon=inline-start]:pl-1.5 [&_svg:not([class*='size-'])]:size-3.5"[31m
    [33mdata-size[31m=[32m"sm"[31m
    [33mdata-slot[31m=[32m"button"[31m
    [33mdata-variant[31m=[32m"outline"[31m
  [36m/>[31m

  Name "50":
  [36m<button[31m
    [33mclass[31m=[32m"group/button inline-flex shrink-0 items-center justify-center border bg-clip-padding font-medium whitespace-nowrap transition-all outline-none select-none focus-visible:border-ring focus-visible:ring-3 focus-visible:ring-ring/50 active:not-aria-[haspopup]:translate-y-px disabled:pointer-events-none disabled:opacity-50 aria-invalid:border-destructive aria-invalid:ring-3 aria-invalid:ring-destructive/20 dark:aria-invalid:border-destructive/50 dark:aria-invalid:ring-destructive/40 [&_svg]:pointer-events-none [&_svg]:shrink-0 border-border bg-background hover:bg-muted hover:text-foreground aria-expanded:bg-muted aria-expanded:text-foreground dark:border-input dark:bg-input/30 dark:hover:bg-input/50 h-7 gap-1 rounded-[min(var(--radius-md),12px)] px-2.5 text-[0.8rem] in-data-[slot=button-group]:rounded-lg has-data-[icon=inline-end]:pr-1.5 has-data-[icon=inline-start]:pl-1.5 [&_svg:not([class*='size-'])]:size-3.5"[31m
    [33mdata-size[31m=[32m"sm"[31m
    [33mdata-slot[31m=[32m"button"[31m
    [33mdata-variant[31m=[32m"outline"[31m
  [36m/>[31m

  --------------------------------------------------

Ignored nodes: comments, script, style
[36m<body>[31m
  [36m<div>[31m
    [36m<nav[31m
      [33maria-label[31m=[32m"╨Э╨░╨▓╨╕╨│╨░╤Ж╨╕╤П ╨┐╨╛ ╤Б╤В╤А╨░╨╜╨╕╤Ж╨░╨╝"[31m
      [33mclass[31m=[32m"mt-4"[31m
    [36m>[31m
      [36m<div[31m
        [33mclass[31m=[32m"flex flex-wrap items-center justify-between gap-y-2 gap-x-4"[31m
      [36m>[31m
        [36m<div[31m
          [33maria-label[31m=[32m"╨б╤В╤А╨░╨╜╨╕╤Ж╤Л"[31m
          [33mclass[31m=[32m"flex items-center gap-1"[31m
          [33mrole[31m=[32m"group"[31m
        [36m>[31m
          [36m<button[31m
            [33maria-label[31m=[32m"╨Я╤А╨╡╨┤╤Л╨┤╤Г╤Й╨░╤П ╤Б╤В╤А╨░╨╜╨╕╤Ж╨░"[31m
            [33mclass[31m=[32m"group/button inline-flex shrink-0 items-center justify-center border bg-clip-padding font-medium whitespace-nowrap transition-all outline-none select-none focus-visible:border-ring focus-visible:ring-3 focus-visible:ring-ring/50 active:not-aria-[haspopup]:translate-y-px disabled:pointer-events-none disabled:opacity-50 aria-invalid:border-destructive aria-invalid:ring-3 aria-invalid:ring-destructive/20 dark:aria-invalid:border-destructive/50 dark:aria-invalid:ring-destructive/40 [&_svg]:pointer-events-none [&_svg]:shrink-0 border-border bg-background hover:bg-muted hover:text-foreground aria-expanded:bg-muted aria-expanded:text-foreground dark:border-input dark:bg-input/30 dark:hover:bg-input/50 h-7 gap-1 rounded-[min(var(--radius-md),12px)] px-2.5 text-[0.8rem] in-data-[slot=button-group]:rounded-lg has-data-[icon=inline-end]:pr-1.5 has-data-[icon=inline-start]:pl-1.5 [&_svg:not([class*='size-'])]:size-3.5"[31m
            [33mdata-size[31m=[32m"sm"[31m
            [33mdata-slot[31m=[32m"button"[31m
            [33mdata-variant[31m=[32m"outline"[31m
            [33mdisabled[31m=[32m""[31m
          [36m>[31m
            [0mтЖР Prev[0m
          [36m</button>[31m
          [36m<button[31m
            [33maria-current[31m=[32m"page"[31m
            [33mclass[31m=[32m"group/button inline-flex shrink-0 items-center justify-center border border-transparent bg-clip-padding font-medium whitespace-nowrap transition-all outline-none select-none focus-visible:border-ring focus-visible:ring-3 focus-visible:ring-ring/50 active:not-aria-[haspopup]:translate-y-px disabled:pointer-events-none disabled:opacity-50 aria-invalid:border-destructive aria-invalid:ring-3 aria-invalid:ring-destructive/20 dark:aria-invalid:border-destructive/50 dark:aria-invalid:ring-destructive/40 [&_svg]:pointer-events-none [&_svg]:shrink-0 bg-primary text-primary-foreground [a]:hover:bg-primary/80 h-7 gap-1 rounded-[min(var(--radius-md),12px)] px-2.5 text-[0.8rem] in-data-[slot=button-group]:rounded-lg has-data-[icon=inline-end]:pr-1.5 has-data-[icon=inline-start]:pl-1.5 [&_svg:not([class*='size-'])]:size-3.5"[31m
            [33mdata-size[31m=[32m"sm"[31m
            [33mdata-slot[31m=[32m"button"[31m
            [33mdata-variant[31m=[32m"default"[31m
          [36m>[31m
            [0m1[0m
          [36m</button>[31m
          [36m<button[31m
            [33mclass[31m=[32m"group/button inline-flex shrink-0 items-center justify-center border bg-clip-padding font-medium whitespace-nowrap transition-all outline-none select-none focus-visible:border-ring focus-visible:ring-3 focus-visible:ring-ring/50 active:not-aria-[haspopup]:translate-y-px disabled:pointer-events-none disabled:opacity-50 aria-invalid:border-destructive aria-invalid:ring-3 aria-invalid:ring-destructive/20 dark:aria-invalid:border-destructive/50 dark:aria-invalid:ring-destructive/40 [&_svg]:pointer-events-none [&_svg]:shrink-0 border-border bg-background hover:bg-muted hover:text-foreground aria-expanded:bg-muted aria-expanded:text-foreground dark:border-input dark:bg-input/30 dark:hover:bg-input/50 h-7 gap-1 rounded-[min(var(--radius-md),12px)] px-2.5 text-[0.8rem] in-data-[slot=button-group]:rounded-lg has-data-[icon=inline-end]:pr-1.5 has-data-[icon=inline-start]:pl-1.5 [&_svg:not([class*='size-'])]:size-3.5"[31m
            [33mdata-size[31m=[32m"sm"[31m
            [33mdata-slot[31m=[32m"button"[31m
            [33mdata-variant[31m=[32m"outline"[31m
          [36m>[31m
            [0m2[0m
          [36m</button>[31m
          [36m<button[31m
            [33mclass[31m=[32m"group/button inline-flex shrink-0 items-center justify-center border bg-clip-padding font-medium whitespace-nowrap transition-all outline-none select-none focus-visible:border-ring focus-visible:ring-3 focus-visible:ring-ring/50 active:not-aria-[haspopup]:translate-y-px disabled:pointer-events-none disabled:opacity-50 aria-invalid:border-destructive aria-invalid:ring-3 aria-invalid:ring-destructive/20 dark:aria-invalid:border-destructive/50 dark:aria-invalid:ring-destructive/40 [&_svg]:pointer-events-none [&_svg]:shrink-0 border-border bg-background hover:bg-muted hover:text-foreground aria-expanded:bg-muted aria-expanded:text-foreground dark:border-input dark:bg-input/30 dark:hover:bg-input/50 h-7 gap-1 rounded-[min(var(--radius-md),12px)] px-2.5 text-[0.8rem] in-data-[slot=button-group]:rounded-lg has-data-[icon=inline-end]:pr-1.5 has-data-[icon=inline-start]:pl-1.5 [&_svg:not([class*='size-'])]:size-3.5"[31m
            [33mdata-size[31m=[32m"sm"[31m
            [33mdata-slot[31m=[32m"button"[31m
            [33mdata-variant[31m=[32m"outline"[31m
          [36m>[31m
            [0m3[0m
          [36m</button>[31m
          [36m<button[31m
            [33maria-label[31m=[32m"╨б╨╗╨╡╨┤╤Г╤О╤Й╨░╤П ╤Б╤В╤А╨░╨╜╨╕╤Ж╨░"[31m
            [33mclass[31m=[32m"group/button inline-flex shrink-0 items-center justify-center border bg-clip-padding font-medium whitespace-nowrap transition-all outline-none select-none focus-visible:border-ring focus-visible:ring-3 focus-visible:ring-ring/50 active:not-aria-[haspopup]:translate-y-px disabled:pointer-events-none disabled:opacity-50 aria-invalid:border-destructive aria-invalid:ring-3 aria-invalid:ring-destructive/20 dark:aria-invalid:border-destructive/50 dark:aria-invalid:ring-destructive/40 [&_svg]:pointer-events-none [&_svg]:shrink-0 border-border bg-background hover:bg-muted hover:text-foreground aria-expanded:bg-muted aria-expanded:text-foreground dark:border-input dark:bg-input/30 dark:hover:bg-input/50 h-7 gap-1 rounded-[min(var(--radius-md),12px)] px-2.5 text-[0.8rem] in-data-[slot=button-group]:rounded-lg has-data-[icon=inline-end]:pr-1.5 has-data-[icon=inline-start]:pl-1.5 [&_svg:not([class*='size-'])]:size-3.5"[31m
            [33mdata-size[31m=[32m"sm"[31m
            [33mdata-slot[31m=[32m"button"[31m
            [33mdata-variant[31m=[32m"outline"[31m
          [36m>[31m
            [0mNext тЖТ[0m
          [36m</button>[31m
        [36m</div>[31m
        [36m<div[31m
          [33maria-label[31m=[32m"╨б╤В╤А╨╛╨║ ╨╜╨░ ╤Б╤В╤А╨░╨╜╨╕╤Ж╨╡"[31m
          [33mclass[31m=[32m"flex items-center gap-1.5"[31m
          [33mrole[31m=[32m"group"[31m
        [36m>[31m
          [36m<span[31m
            [33mcla...[39m
 [31m├Ч[39m src/components/articles/PaginationBar.test.tsx[2m > [22mPaginationBar тАФ Prev/Next disabled[2m > [22mNext disabled ╨╜╨░ ╨┐╨╛╤Б╨╗╨╡╨┤╨╜╨╡╨╣ ╤Б╤В╤А╨░╨╜╨╕╤Ж╨╡ (page=3, total=25, size=10)[32m 55[2mms[22m[39m
[31m   тЖТ Unable to find an accessible element with the role "button" and name `/next/i`

Here are the accessible roles:

  navigation:

  Name "╨Э╨░╨▓╨╕╨│╨░╤Ж╨╕╤П ╨┐╨╛ ╤Б╤В╤А╨░╨╜╨╕╤Ж╨░╨╝":
  [36m<nav[31m
    [33maria-label[31m=[32m"╨Э╨░╨▓╨╕╨│╨░╤Ж╨╕╤П ╨┐╨╛ ╤Б╤В╤А╨░╨╜╨╕╤Ж╨░╨╝"[31m
    [33mclass[31m=[32m"mt-4"[31m
  [36m/>[31m

  --------------------------------------------------
  group:

  Name "╨б╤В╤А╨░╨╜╨╕╤Ж╤Л":
  [36m<div[31m
    [33maria-label[31m=[32m"╨б╤В╤А╨░╨╜╨╕╤Ж╤Л"[31m
    [33mclass[31m=[32m"flex items-center gap-1"[31m
    [33mrole[31m=[32m"group"[31m
  [36m/>[31m

  Name "╨б╤В╤А╨╛╨║ ╨╜╨░ ╤Б╤В╤А╨░╨╜╨╕╤Ж╨╡":
  [36m<div[31m
    [33maria-label[31m=[32m"╨б╤В╤А╨╛╨║ ╨╜╨░ ╤Б╤В╤А╨░╨╜╨╕╤Ж╨╡"[31m
    [33mclass[31m=[32m"flex items-center gap-1.5"[31m
    [33mrole[31m=[32m"group"[31m
  [36m/>[31m

  --------------------------------------------------
  button:

  Name "╨Я╤А╨╡╨┤╤Л╨┤╤Г╤Й╨░╤П ╤Б╤В╤А╨░╨╜╨╕╤Ж╨░":
  [36m<button[31m
    [33maria-label[31m=[32m"╨Я╤А╨╡╨┤╤Л╨┤╤Г╤Й╨░╤П ╤Б╤В╤А╨░╨╜╨╕╤Ж╨░"[31m
    [33mclass[31m=[32m"group/button inline-flex shrink-0 items-center justify-center border bg-clip-padding font-medium whitespace-nowrap transition-all outline-none select-none focus-visible:border-ring focus-visible:ring-3 focus-visible:ring-ring/50 active:not-aria-[haspopup]:translate-y-px disabled:pointer-events-none disabled:opacity-50 aria-invalid:border-destructive aria-invalid:ring-3 aria-invalid:ring-destructive/20 dark:aria-invalid:border-destructive/50 dark:aria-invalid:ring-destructive/40 [&_svg]:pointer-events-none [&_svg]:shrink-0 border-border bg-background hover:bg-muted hover:text-foreground aria-expanded:bg-muted aria-expanded:text-foreground dark:border-input dark:bg-input/30 dark:hover:bg-input/50 h-7 gap-1 rounded-[min(var(--radius-md),12px)] px-2.5 text-[0.8rem] in-data-[slot=button-group]:rounded-lg has-data-[icon=inline-end]:pr-1.5 has-data-[icon=inline-start]:pl-1.5 [&_svg:not([class*='size-'])]:size-3.5"[31m
    [33mdata-size[31m=[32m"sm"[31m
    [33mdata-slot[31m=[32m"button"[31m
    [33mdata-variant[31m=[32m"outline"[31m
  [36m/>[31m

  Name "1":
  [36m<button[31m
    [33mclass[31m=[32m"group/button inline-flex shrink-0 items-center justify-center border bg-clip-padding font-medium whitespace-nowrap transition-all outline-none select-none focus-visible:border-ring focus-visible:ring-3 focus-visible:ring-ring/50 active:not-aria-[haspopup]:translate-y-px disabled:pointer-events-none disabled:opacity-50 aria-invalid:border-destructive aria-invalid:ring-3 aria-invalid:ring-destructive/20 dark:aria-invalid:border-destructive/50 dark:aria-invalid:ring-destructive/40 [&_svg]:pointer-events-none [&_svg]:shrink-0 border-border bg-background hover:bg-muted hover:text-foreground aria-expanded:bg-muted aria-expanded:text-foreground dark:border-input dark:bg-input/30 dark:hover:bg-input/50 h-7 gap-1 rounded-[min(var(--radius-md),12px)] px-2.5 text-[0.8rem] in-data-[slot=button-group]:rounded-lg has-data-[icon=inline-end]:pr-1.5 has-data-[icon=inline-start]:pl-1.5 [&_svg:not([class*='size-'])]:size-3.5"[31m
    [33mdata-size[31m=[32m"sm"[31m
    [33mdata-slot[31m=[32m"button"[31m
    [33mdata-variant[31m=[32m"outline"[31m
  [36m/>[31m

  Name "2":
  [36m<button[31m
    [33mclass[31m=[32m"group/button inline-flex shrink-0 items-center justify-center border bg-clip-padding font-medium whitespace-nowrap transition-all outline-none select-none focus-visible:border-ring focus-visible:ring-3 focus-visible:ring-ring/50 active:not-aria-[haspopup]:translate-y-px disabled:pointer-events-none disabled:opacity-50 aria-invalid:border-destructive aria-invalid:ring-3 aria-invalid:ring-destructive/20 dark:aria-invalid:border-destructive/50 dark:aria-invalid:ring-destructive/40 [&_svg]:pointer-events-none [&_svg]:shrink-0 border-border bg-background hover:bg-muted hover:text-foreground aria-expanded:bg-muted aria-expanded:text-foreground dark:border-input dark:bg-input/30 dark:hover:bg-input/50 h-7 gap-1 rounded-[min(var(--radius-md),12px)] px-2.5 text-[0.8rem] in-data-[slot=button-group]:rounded-lg has-data-[icon=inline-end]:pr-1.5 has-data-[icon=inline-start]:pl-1.5 [&_svg:not([class*='size-'])]:size-3.5"[31m
    [33mdata-size[31m=[32m"sm"[31m
    [33mdata-slot[31m=[32m"button"[31m
    [33mdata-variant[31m=[32m"outline"[31m
  [36m/>[31m

  Name "3":
  [36m<button[31m
    [33maria-current[31m=[32m"page"[31m
    [33mclass[31m=[32m"group/button inline-flex shrink-0 items-center justify-center border border-transparent bg-clip-padding font-medium whitespace-nowrap transition-all outline-none select-none focus-visible:border-ring focus-visible:ring-3 focus-visible:ring-ring/50 active:not-aria-[haspopup]:translate-y-px disabled:pointer-events-none disabled:opacity-50 aria-invalid:border-destructive aria-invalid:ring-3 aria-invalid:ring-destructive/20 dark:aria-invalid:border-destructive/50 dark:aria-invalid:ring-destructive/40 [&_svg]:pointer-events-none [&_svg]:shrink-0 bg-primary text-primary-foreground [a]:hover:bg-primary/80 h-7 gap-1 rounded-[min(var(--radius-md),12px)] px-2.5 text-[0.8rem] in-data-[slot=button-group]:rounded-lg has-data-[icon=inline-end]:pr-1.5 has-data-[icon=inline-start]:pl-1.5 [&_svg:not([class*='size-'])]:size-3.5"[31m
    [33mdata-size[31m=[32m"sm"[31m
    [33mdata-slot[31m=[32m"button"[31m
    [33mdata-variant[31m=[32m"default"[31m
  [36m/>[31m

  Name "╨б╨╗╨╡╨┤╤Г╤О╤Й╨░╤П ╤Б╤В╤А╨░╨╜╨╕╤Ж╨░":
  [36m<button[31m
    [33maria-label[31m=[32m"╨б╨╗╨╡╨┤╤Г╤О╤Й╨░╤П ╤Б╤В╤А╨░╨╜╨╕╤Ж╨░"[31m
    [33mclass[31m=[32m"group/button inline-flex shrink-0 items-center justify-center border bg-clip-padding font-medium whitespace-nowrap transition-all outline-none select-none focus-visible:border-ring focus-visible:ring-3 focus-visible:ring-ring/50 active:not-aria-[haspopup]:translate-y-px disabled:pointer-events-none disabled:opacity-50 aria-invalid:border-destructive aria-invalid:ring-3 aria-invalid:ring-destructive/20 dark:aria-invalid:border-destructive/50 dark:aria-invalid:ring-destructive/40 [&_svg]:pointer-events-none [&_svg]:shrink-0 border-border bg-background hover:bg-muted hover:text-foreground aria-expanded:bg-muted aria-expanded:text-foreground dark:border-input dark:bg-input/30 dark:hover:bg-input/50 h-7 gap-1 rounded-[min(var(--radius-md),12px)] px-2.5 text-[0.8rem] in-data-[slot=button-group]:rounded-lg has-data-[icon=inline-end]:pr-1.5 has-data-[icon=inline-start]:pl-1.5 [&_svg:not([class*='size-'])]:size-3.5"[31m
    [33mdata-size[31m=[32m"sm"[31m
    [33mdata-slot[31m=[32m"button"[31m
    [33mdata-variant[31m=[32m"outline"[31m
    [33mdisabled[31m=[32m""[31m
  [36m/>[31m

  Name "10":
  [36m<button[31m
    [33mclass[31m=[32m"group/button inline-flex shrink-0 items-center justify-center border border-transparent bg-clip-padding font-medium whitespace-nowrap transition-all outline-none select-none focus-visible:border-ring focus-visible:ring-3 focus-visible:ring-ring/50 active:not-aria-[haspopup]:translate-y-px disabled:pointer-events-none disabled:opacity-50 aria-invalid:border-destructive aria-invalid:ring-3 aria-invalid:ring-destructive/20 dark:aria-invalid:border-destructive/50 dark:aria-invalid:ring-destructive/40 [&_svg]:pointer-events-none [&_svg]:shrink-0 bg-primary text-primary-foreground [a]:hover:bg-primary/80 h-7 gap-1 rounded-[min(var(--radius-md),12px)] px-2.5 text-[0.8rem] in-data-[slot=button-group]:rounded-lg has-data-[icon=inline-end]:pr-1.5 has-data-[icon=inline-start]:pl-1.5 [&_svg:not([class*='size-'])]:size-3.5"[31m
    [33mdata-size[31m=[32m"sm"[31m
    [33mdata-slot[31m=[32m"button"[31m
    [33mdata-variant[31m=[32m"default"[31m
  [36m/>[31m

  Name "25":
  [36m<button[31m
    [33mclass[31m=[32m"group/button inline-flex shrink-0 items-center justify-center border bg-clip-padding font-medium whitespace-nowrap transition-all outline-none select-none focus-visible:border-ring focus-visible:ring-3 focus-visible:ring-ring/50 active:not-aria-[haspopup]:translate-y-px disabled:pointer-events-none disabled:opacity-50 aria-invalid:border-destructive aria-invalid:ring-3 aria-invalid:ring-destructive/20 dark:aria-invalid:border-destructive/50 dark:aria-invalid:ring-destructive/40 [&_svg]:pointer-events-none [&_svg]:shrink-0 border-border bg-background hover:bg-muted hover:text-foreground aria-expanded:bg-muted aria-expanded:text-foreground dark:border-input dark:bg-input/30 dark:hover:bg-input/50 h-7 gap-1 rounded-[min(var(--radius-md),12px)] px-2.5 text-[0.8rem] in-data-[slot=button-group]:rounded-lg has-data-[icon=inline-end]:pr-1.5 has-data-[icon=inline-start]:pl-1.5 [&_svg:not([class*='size-'])]:size-3.5"[31m
    [33mdata-size[31m=[32m"sm"[31m
    [33mdata-slot[31m=[32m"button"[31m
    [33mdata-variant[31m=[32m"outline"[31m
  [36m/>[31m

  Name "50":
  [36m<button[31m
    [33mclass[31m=[32m"group/button inline-flex shrink-0 items-center justify-center border bg-clip-padding font-medium whitespace-nowrap transition-all outline-none select-none focus-visible:border-ring focus-visible:ring-3 focus-visible:ring-ring/50 active:not-aria-[haspopup]:translate-y-px disabled:pointer-events-none disabled:opacity-50 aria-invalid:border-destructive aria-invalid:ring-3 aria-invalid:ring-destructive/20 dark:aria-invalid:border-destructive/50 dark:aria-invalid:ring-destructive/40 [&_svg]:pointer-events-none [&_svg]:shrink-0 border-border bg-background hover:bg-muted hover:text-foreground aria-expanded:bg-muted aria-expanded:text-foreground dark:border-input dark:bg-input/30 dark:hover:bg-input/50 h-7 gap-1 rounded-[min(var(--radius-md),12px)] px-2.5 text-[0.8rem] in-data-[slot=button-group]:rounded-lg has-data-[icon=inline-end]:pr-1.5 has-data-[icon=inline-start]:pl-1.5 [&_svg:not([class*='size-'])]:size-3.5"[31m
    [33mdata-size[31m=[32m"sm"[31m
    [33mdata-slot[31m=[32m"button"[31m
    [33mdata-variant[31m=[32m"outline"[31m
  [36m/>[31m

  --------------------------------------------------

Ignored nodes: comments, script, style
[36m<body>[31m
  [36m<div>[31m
    [36m<nav[31m
      [33maria-label[31m=[32m"╨Э╨░╨▓╨╕╨│╨░╤Ж╨╕╤П ╨┐╨╛ ╤Б╤В╤А╨░╨╜╨╕╤Ж╨░╨╝"[31m
      [33mclass[31m=[32m"mt-4"[31m
    [36m>[31m
      [36m<div[31m
        [33mclass[31m=[32m"flex flex-wrap items-center justify-between gap-y-2 gap-x-4"[31m
      [36m>[31m
        [36m<div[31m
          [33maria-label[31m=[32m"╨б╤В╤А╨░╨╜╨╕╤Ж╤Л"[31m
          [33mclass[31m=[32m"flex items-center gap-1"[31m
          [33mrole[31m=[32m"group"[31m
        [36m>[31m
          [36m<button[31m
            [33maria-label[31m=[32m"╨Я╤А╨╡╨┤╤Л╨┤╤Г╤Й╨░╤П ╤Б╤В╤А╨░╨╜╨╕╤Ж╨░"[31m
            [33mclass[31m=[32m"group/button inline-flex shrink-0 items-center justify-center border bg-clip-padding font-medium whitespace-nowrap transition-all outline-none select-none focus-visible:border-ring focus-visible:ring-3 focus-visible:ring-ring/50 active:not-aria-[haspopup]:translate-y-px disabled:pointer-events-none disabled:opacity-50 aria-invalid:border-destructive aria-invalid:ring-3 aria-invalid:ring-destructive/20 dark:aria-invalid:border-destructive/50 dark:aria-invalid:ring-destructive/40 [&_svg]:pointer-events-none [&_svg]:shrink-0 border-border bg-background hover:bg-muted hover:text-foreground aria-expanded:bg-muted aria-expanded:text-foreground dark:border-input dark:bg-input/30 dark:hover:bg-input/50 h-7 gap-1 rounded-[min(var(--radius-md),12px)] px-2.5 text-[0.8rem] in-data-[slot=button-group]:rounded-lg has-data-[icon=inline-end]:pr-1.5 has-data-[icon=inline-start]:pl-1.5 [&_svg:not([class*='size-'])]:size-3.5"[31m
            [33mdata-size[31m=[32m"sm"[31m
            [33mdata-slot[31m=[32m"button"[31m
            [33mdata-variant[31m=[32m"outline"[31m
          [36m>[31m
            [0mтЖР Prev[0m
          [36m</button>[31m
          [36m<button[31m
            [33mclass[31m=[32m"group/button inline-flex shrink-0 items-center justify-center border bg-clip-padding font-medium whitespace-nowrap transition-all outline-none select-none focus-visible:border-ring focus-visible:ring-3 focus-visible:ring-ring/50 active:not-aria-[haspopup]:translate-y-px disabled:pointer-events-none disabled:opacity-50 aria-invalid:border-destructive aria-invalid:ring-3 aria-invalid:ring-destructive/20 dark:aria-invalid:border-destructive/50 dark:aria-invalid:ring-destructive/40 [&_svg]:pointer-events-none [&_svg]:shrink-0 border-border bg-background hover:bg-muted hover:text-foreground aria-expanded:bg-muted aria-expanded:text-foreground dark:border-input dark:bg-input/30 dark:hover:bg-input/50 h-7 gap-1 rounded-[min(var(--radius-md),12px)] px-2.5 text-[0.8rem] in-data-[slot=button-group]:rounded-lg has-data-[icon=inline-end]:pr-1.5 has-data-[icon=inline-start]:pl-1.5 [&_svg:not([class*='size-'])]:size-3.5"[31m
            [33mdata-size[31m=[32m"sm"[31m
            [33mdata-slot[31m=[32m"button"[31m
            [33mdata-variant[31m=[32m"outline"[31m
          [36m>[31m
            [0m1[0m
          [36m</button>[31m
          [36m<button[31m
            [33mclass[31m=[32m"group/button inline-flex shrink-0 items-center justify-center border bg-clip-padding font-medium whitespace-nowrap transition-all outline-none select-none focus-visible:border-ring focus-visible:ring-3 focus-visible:ring-ring/50 active:not-aria-[haspopup]:translate-y-px disabled:pointer-events-none disabled:opacity-50 aria-invalid:border-destructive aria-invalid:ring-3 aria-invalid:ring-destructive/20 dark:aria-invalid:border-destructive/50 dark:aria-invalid:ring-destructive/40 [&_svg]:pointer-events-none [&_svg]:shrink-0 border-border bg-background hover:bg-muted hover:text-foreground aria-expanded:bg-muted aria-expanded:text-foreground dark:border-input dark:bg-input/30 dark:hover:bg-input/50 h-7 gap-1 rounded-[min(var(--radius-md),12px)] px-2.5 text-[0.8rem] in-data-[slot=button-group]:rounded-lg has-data-[icon=inline-end]:pr-1.5 has-data-[icon=inline-start]:pl-1.5 [&_svg:not([class*='size-'])]:size-3.5"[31m
            [33mdata-size[31m=[32m"sm"[31m
            [33mdata-slot[31m=[32m"button"[31m
            [33mdata-variant[31m=[32m"outline"[31m
          [36m>[31m
            [0m2[0m
          [36m</button>[31m
          [36m<button[31m
            [33maria-current[31m=[32m"page"[31m
            [33mclass[31m=[32m"group/button inline-flex shrink-0 items-center justify-center border border-transparent bg-clip-padding font-medium whitespace-nowrap transition-all outline-none select-none focus-visible:border-ring focus-visible:ring-3 focus-visible:ring-ring/50 active:not-aria-[haspopup]:translate-y-px disabled:pointer-events-none disabled:opacity-50 aria-invalid:border-destructive aria-invalid:ring-3 aria-invalid:ring-destructive/20 dark:aria-invalid:border-destructive/50 dark:aria-invalid:ring-destructive/40 [&_svg]:pointer-events-none [&_svg]:shrink-0 bg-primary text-primary-foreground [a]:hover:bg-primary/80 h-7 gap-1 rounded-[min(var(--radius-md),12px)] px-2.5 text-[0.8rem] in-data-[slot=button-group]:rounded-lg has-data-[icon=inline-end]:pr-1.5 has-data-[icon=inline-start]:pl-1.5 [&_svg:not([class*='size-'])]:size-3.5"[31m
            [33mdata-size[31m=[32m"sm"[31m
            [33mdata-slot[31m=[32m"button"[31m
            [33mdata-variant[31m=[32m"default"[31m
          [36m>[31m
            [0m3[0m
          [36m</button>[31m
          [36m<button[31m
            [33maria-label[31m=[32m"╨б╨╗╨╡╨┤╤Г╤О╤Й╨░╤П ╤Б╤В╤А╨░╨╜╨╕╤Ж╨░"[31m
            [33mclass[31m=[32m"group/button inline-flex shrink-0 items-center justify-center border bg-clip-padding font-medium whitespace-nowrap transition-all outline-none select-none focus-visible:border-ring focus-visible:ring-3 focus-visible:ring-ring/50 active:not-aria-[haspopup]:translate-y-px disabled:pointer-events-none disabled:opacity-50 aria-invalid:border-destructive aria-invalid:ring-3 aria-invalid:ring-destructive/20 dark:aria-invalid:border-destructive/50 dark:aria-invalid:ring-destructive/40 [&_svg]:pointer-events-none [&_svg]:shrink-0 border-border bg-background hover:bg-muted hover:text-foreground aria-expanded:bg-muted aria-expanded:text-foreground dark:border-input dark:bg-input/30 dark:hover:bg-input/50 h-7 gap-1 rounded-[min(var(--radius-md),12px)] px-2.5 text-[0.8rem] in-data-[slot=button-group]:rounded-lg has-data-[icon=inline-end]:pr-1.5 has-data-[icon=inline-start]:pl-1.5 [&_svg:not([class*='size-'])]:size-3.5"[31m
            [33mdata-size[31m=[32m"sm"[31m
            [33mdata-slot[31m=[32m"button"[31m
            [33mdata-variant[31m=[32m"outline"[31m
            [33mdisabled[31m=[32m""[31m
          [36m>[31m
            [0mNext тЖТ[0m
          [36m</button>[31m
        [36m</div>[31m
        [36m<div[31m
          [33maria-label[31m=[32m"╨б╤В╤А╨╛╨║ ╨╜╨░ ╤Б╤В╤А╨░╨╜╨╕╤Ж╨╡"[31m
          [33mclass[31m=[32m"flex items-center gap-1.5"[31m
          [33mrole[31m=[32m"group"[31m
        [36m>[31m
          [36m<span[31m
            [33mcla...[39m
 [31m├Ч[39m src/components/articles/PaginationBar.test.tsx[2m > [22mPaginationBar тАФ Prev/Next disabled[2m > [22mPrev ╨╕ Next ╨░╨║╤В╨╕╨▓╨╜╤Л ╨╜╨░ ╤Б╤А╨╡╨┤╨╜╨╡╨╣ ╤Б╤В╤А╨░╨╜╨╕╤Ж╨╡[32m 51[2mms[22m[39m
[31m   тЖТ Unable to find an accessible element with the role "button" and name `/prev/i`

Here are the accessible roles:

  navigation:

  Name "╨Э╨░╨▓╨╕╨│╨░╤Ж╨╕╤П ╨┐╨╛ ╤Б╤В╤А╨░╨╜╨╕╤Ж╨░╨╝":
  [36m<nav[31m
    [33maria-label[31m=[32m"╨Э╨░╨▓╨╕╨│╨░╤Ж╨╕╤П ╨┐╨╛ ╤Б╤В╤А╨░╨╜╨╕╤Ж╨░╨╝"[31m
    [33mclass[31m=[32m"mt-4"[31m
  [36m/>[31m

  --------------------------------------------------
  group:

  Name "╨б╤В╤А╨░╨╜╨╕╤Ж╤Л":
  [36m<div[31m
    [33maria-label[31m=[32m"╨б╤В╤А╨░╨╜╨╕╤Ж╤Л"[31m
    [33mclass[31m=[32m"flex items-center gap-1"[31m
    [33mrole[31m=[32m"group"[31m
  [36m/>[31m

  Name "╨б╤В╤А╨╛╨║ ╨╜╨░ ╤Б╤В╤А╨░╨╜╨╕╤Ж╨╡":
  [36m<div[31m
    [33maria-label[31m=[32m"╨б╤В╤А╨╛╨║ ╨╜╨░ ╤Б╤В╤А╨░╨╜╨╕╤Ж╨╡"[31m
    [33mclass[31m=[32m"flex items-center gap-1.5"[31m
    [33mrole[31m=[32m"group"[31m
  [36m/>[31m

  --------------------------------------------------
  button:

  Name "╨Я╤А╨╡╨┤╤Л╨┤╤Г╤Й╨░╤П ╤Б╤В╤А╨░╨╜╨╕╤Ж╨░":
  [36m<button[31m
    [33maria-label[31m=[32m"╨Я╤А╨╡╨┤╤Л╨┤╤Г╤Й╨░╤П ╤Б╤В╤А╨░╨╜╨╕╤Ж╨░"[31m
    [33mclass[31m=[32m"group/button inline-flex shrink-0 items-center justify-center border bg-clip-padding font-medium whitespace-nowrap transition-all outline-none select-none focus-visible:border-ring focus-visible:ring-3 focus-visible:ring-ring/50 active:not-aria-[haspopup]:translate-y-px disabled:pointer-events-none disabled:opacity-50 aria-invalid:border-destructive aria-invalid:ring-3 aria-invalid:ring-destructive/20 dark:aria-invalid:border-destructive/50 dark:aria-invalid:ring-destructive/40 [&_svg]:pointer-events-none [&_svg]:shrink-0 border-border bg-background hover:bg-muted hover:text-foreground aria-expanded:bg-muted aria-expanded:text-foreground dark:border-input dark:bg-input/30 dark:hover:bg-input/50 h-7 gap-1 rounded-[min(var(--radius-md),12px)] px-2.5 text-[0.8rem] in-data-[slot=button-group]:rounded-lg has-data-[icon=inline-end]:pr-1.5 has-data-[icon=inline-start]:pl-1.5 [&_svg:not([class*='size-'])]:size-3.5"[31m
    [33mdata-size[31m=[32m"sm"[31m
    [33mdata-slot[31m=[32m"button"[31m
    [33mdata-variant[31m=[32m"outline"[31m
  [36m/>[31m

  Name "1":
  [36m<button[31m
    [33mclass[31m=[32m"group/button inline-flex shrink-0 items-center justify-center border bg-clip-padding font-medium whitespace-nowrap transition-all outline-none select-none focus-visible:border-ring focus-visible:ring-3 focus-visible:ring-ring/50 active:not-aria-[haspopup]:translate-y-px disabled:pointer-events-none disabled:opacity-50 aria-invalid:border-destructive aria-invalid:ring-3 aria-invalid:ring-destructive/20 dark:aria-invalid:border-destructive/50 dark:aria-invalid:ring-destructive/40 [&_svg]:pointer-events-none [&_svg]:shrink-0 border-border bg-background hover:bg-muted hover:text-foreground aria-expanded:bg-muted aria-expanded:text-foreground dark:border-input dark:bg-input/30 dark:hover:bg-input/50 h-7 gap-1 rounded-[min(var(--radius-md),12px)] px-2.5 text-[0.8rem] in-data-[slot=button-group]:rounded-lg has-data-[icon=inline-end]:pr-1.5 has-data-[icon=inline-start]:pl-1.5 [&_svg:not([class*='size-'])]:size-3.5"[31m
    [33mdata-size[31m=[32m"sm"[31m
    [33mdata-slot[31m=[32m"button"[31m
    [33mdata-variant[31m=[32m"outline"[31m
  [36m/>[31m

  Name "2":
  [36m<button[31m
    [33maria-current[31m=[32m"page"[31m
    [33mclass[31m=[32m"group/button inline-flex shrink-0 items-center justify-center border border-transparent bg-clip-padding font-medium whitespace-nowrap transition-all outline-none select-none focus-visible:border-ring focus-visible:ring-3 focus-visible:ring-ring/50 active:not-aria-[haspopup]:translate-y-px disabled:pointer-events-none disabled:opacity-50 aria-invalid:border-destructive aria-invalid:ring-3 aria-invalid:ring-destructive/20 dark:aria-invalid:border-destructive/50 dark:aria-invalid:ring-destructive/40 [&_svg]:pointer-events-none [&_svg]:shrink-0 bg-primary text-primary-foreground [a]:hover:bg-primary/80 h-7 gap-1 rounded-[min(var(--radius-md),12px)] px-2.5 text-[0.8rem] in-data-[slot=button-group]:rounded-lg has-data-[icon=inline-end]:pr-1.5 has-data-[icon=inline-start]:pl-1.5 [&_svg:not([class*='size-'])]:size-3.5"[31m
    [33mdata-size[31m=[32m"sm"[31m
    [33mdata-slot[31m=[32m"button"[31m
    [33mdata-variant[31m=[32m"default"[31m
  [36m/>[31m

  Name "3":
  [36m<button[31m
    [33mclass[31m=[32m"group/button inline-flex shrink-0 items-center justify-center border bg-clip-padding font-medium whitespace-nowrap transition-all outline-none select-none focus-visible:border-ring focus-visible:ring-3 focus-visible:ring-ring/50 active:not-aria-[haspopup]:translate-y-px disabled:pointer-events-none disabled:opacity-50 aria-invalid:border-destructive aria-invalid:ring-3 aria-invalid:ring-destructive/20 dark:aria-invalid:border-destructive/50 dark:aria-invalid:ring-destructive/40 [&_svg]:pointer-events-none [&_svg]:shrink-0 border-border bg-background hover:bg-muted hover:text-foreground aria-expanded:bg-muted aria-expanded:text-foreground dark:border-input dark:bg-input/30 dark:hover:bg-input/50 h-7 gap-1 rounded-[min(var(--radius-md),12px)] px-2.5 text-[0.8rem] in-data-[slot=button-group]:rounded-lg has-data-[icon=inline-end]:pr-1.5 has-data-[icon=inline-start]:pl-1.5 [&_svg:not([class*='size-'])]:size-3.5"[31m
    [33mdata-size[31m=[32m"sm"[31m
    [33mdata-slot[31m=[32m"button"[31m
    [33mdata-variant[31m=[32m"outline"[31m
  [36m/>[31m

  Name "╨б╨╗╨╡╨┤╤Г╤О╤Й╨░╤П ╤Б╤В╤А╨░╨╜╨╕╤Ж╨░":
  [36m<button[31m
    [33maria-label[31m=[32m"╨б╨╗╨╡╨┤╤Г╤О╤Й╨░╤П ╤Б╤В╤А╨░╨╜╨╕╤Ж╨░"[31m
    [33mclass[31m=[32m"group/button inline-flex shrink-0 items-center justify-center border bg-clip-padding font-medium whitespace-nowrap transition-all outline-none select-none focus-visible:border-ring focus-visible:ring-3 focus-visible:ring-ring/50 active:not-aria-[haspopup]:translate-y-px disabled:pointer-events-none disabled:opacity-50 aria-invalid:border-destructive aria-invalid:ring-3 aria-invalid:ring-destructive/20 dark:aria-invalid:border-destructive/50 dark:aria-invalid:ring-destructive/40 [&_svg]:pointer-events-none [&_svg]:shrink-0 border-border bg-background hover:bg-muted hover:text-foreground aria-expanded:bg-muted aria-expanded:text-foreground dark:border-input dark:bg-input/30 dark:hover:bg-input/50 h-7 gap-1 rounded-[min(var(--radius-md),12px)] px-2.5 text-[0.8rem] in-data-[slot=button-group]:rounded-lg has-data-[icon=inline-end]:pr-1.5 has-data-[icon=inline-start]:pl-1.5 [&_svg:not([class*='size-'])]:size-3.5"[31m
    [33mdata-size[31m=[32m"sm"[31m
    [33mdata-slot[31m=[32m"button"[31m
    [33mdata-variant[31m=[32m"outline"[31m
  [36m/>[31m

  Name "10":
  [36m<button[31m
    [33mclass[31m=[32m"group/button inline-flex shrink-0 items-center justify-center border border-transparent bg-clip-padding font-medium whitespace-nowrap transition-all outline-none select-none focus-visible:border-ring focus-visible:ring-3 focus-visible:ring-ring/50 active:not-aria-[haspopup]:translate-y-px disabled:pointer-events-none disabled:opacity-50 aria-invalid:border-destructive aria-invalid:ring-3 aria-invalid:ring-destructive/20 dark:aria-invalid:border-destructive/50 dark:aria-invalid:ring-destructive/40 [&_svg]:pointer-events-none [&_svg]:shrink-0 bg-primary text-primary-foreground [a]:hover:bg-primary/80 h-7 gap-1 rounded-[min(var(--radius-md),12px)] px-2.5 text-[0.8rem] in-data-[slot=button-group]:rounded-lg has-data-[icon=inline-end]:pr-1.5 has-data-[icon=inline-start]:pl-1.5 [&_svg:not([class*='size-'])]:size-3.5"[31m
    [33mdata-size[31m=[32m"sm"[31m
    [33mdata-slot[31m=[32m"button"[31m
    [33mdata-variant[31m=[32m"default"[31m
  [36m/>[31m

  Name "25":
  [36m<button[31m
    [33mclass[31m=[32m"group/button inline-flex shrink-0 items-center justify-center border bg-clip-padding font-medium whitespace-nowrap transition-all outline-none select-none focus-visible:border-ring focus-visible:ring-3 focus-visible:ring-ring/50 active:not-aria-[haspopup]:translate-y-px disabled:pointer-events-none disabled:opacity-50 aria-invalid:border-destructive aria-invalid:ring-3 aria-invalid:ring-destructive/20 dark:aria-invalid:border-destructive/50 dark:aria-invalid:ring-destructive/40 [&_svg]:pointer-events-none [&_svg]:shrink-0 border-border bg-background hover:bg-muted hover:text-foreground aria-expanded:bg-muted aria-expanded:text-foreground dark:border-input dark:bg-input/30 dark:hover:bg-input/50 h-7 gap-1 rounded-[min(var(--radius-md),12px)] px-2.5 text-[0.8rem] in-data-[slot=button-group]:rounded-lg has-data-[icon=inline-end]:pr-1.5 has-data-[icon=inline-start]:pl-1.5 [&_svg:not([class*='size-'])]:size-3.5"[31m
    [33mdata-size[31m=[32m"sm"[31m
    [33mdata-slot[31m=[32m"button"[31m
    [33mdata-variant[31m=[32m"outline"[31m
  [36m/>[31m

  Name "50":
  [36m<button[31m
    [33mclass[31m=[32m"group/button inline-flex shrink-0 items-center justify-center border bg-clip-padding font-medium whitespace-nowrap transition-all outline-none select-none focus-visible:border-ring focus-visible:ring-3 focus-visible:ring-ring/50 active:not-aria-[haspopup]:translate-y-px disabled:pointer-events-none disabled:opacity-50 aria-invalid:border-destructive aria-invalid:ring-3 aria-invalid:ring-destructive/20 dark:aria-invalid:border-destructive/50 dark:aria-invalid:ring-destructive/40 [&_svg]:pointer-events-none [&_svg]:shrink-0 border-border bg-background hover:bg-muted hover:text-foreground aria-expanded:bg-muted aria-expanded:text-foreground dark:border-input dark:bg-input/30 dark:hover:bg-input/50 h-7 gap-1 rounded-[min(var(--radius-md),12px)] px-2.5 text-[0.8rem] in-data-[slot=button-group]:rounded-lg has-data-[icon=inline-end]:pr-1.5 has-data-[icon=inline-start]:pl-1.5 [&_svg:not([class*='size-'])]:size-3.5"[31m
    [33mdata-size[31m=[32m"sm"[31m
    [33mdata-slot[31m=[32m"button"[31m
    [33mdata-variant[31m=[32m"outline"[31m
  [36m/>[31m

  --------------------------------------------------

Ignored nodes: comments, script, style
[36m<body>[31m
  [36m<div>[31m
    [36m<nav[31m
      [33maria-label[31m=[32m"╨Э╨░╨▓╨╕╨│╨░╤Ж╨╕╤П ╨┐╨╛ ╤Б╤В╤А╨░╨╜╨╕╤Ж╨░╨╝"[31m
      [33mclass[31m=[32m"mt-4"[31m
    [36m>[31m
      [36m<div[31m
        [33mclass[31m=[32m"flex flex-wrap items-center justify-between gap-y-2 gap-x-4"[31m
      [36m>[31m
        [36m<div[31m
          [33maria-label[31m=[32m"╨б╤В╤А╨░╨╜╨╕╤Ж╤Л"[31m
          [33mclass[31m=[32m"flex items-center gap-1"[31m
          [33mrole[31m=[32m"group"[31m
        [36m>[31m
          [36m<button[31m
            [33maria-label[31m=[32m"╨Я╤А╨╡╨┤╤Л╨┤╤Г╤Й╨░╤П ╤Б╤В╤А╨░╨╜╨╕╤Ж╨░"[31m
            [33mclass[31m=[32m"group/button inline-flex shrink-0 items-center justify-center border bg-clip-padding font-medium whitespace-nowrap transition-all outline-none select-none focus-visible:border-ring focus-visible:ring-3 focus-visible:ring-ring/50 active:not-aria-[haspopup]:translate-y-px disabled:pointer-events-none disabled:opacity-50 aria-invalid:border-destructive aria-invalid:ring-3 aria-invalid:ring-destructive/20 dark:aria-invalid:border-destructive/50 dark:aria-invalid:ring-destructive/40 [&_svg]:pointer-events-none [&_svg]:shrink-0 border-border bg-background hover:bg-muted hover:text-foreground aria-expanded:bg-muted aria-expanded:text-foreground dark:border-input dark:bg-input/30 dark:hover:bg-input/50 h-7 gap-1 rounded-[min(var(--radius-md),12px)] px-2.5 text-[0.8rem] in-data-[slot=button-group]:rounded-lg has-data-[icon=inline-end]:pr-1.5 has-data-[icon=inline-start]:pl-1.5 [&_svg:not([class*='size-'])]:size-3.5"[31m
            [33mdata-size[31m=[32m"sm"[31m
            [33mdata-slot[31m=[32m"button"[31m
            [33mdata-variant[31m=[32m"outline"[31m
          [36m>[31m
            [0mтЖР Prev[0m
          [36m</button>[31m
          [36m<button[31m
            [33mclass[31m=[32m"group/button inline-flex shrink-0 items-center justify-center border bg-clip-padding font-medium whitespace-nowrap transition-all outline-none select-none focus-visible:border-ring focus-visible:ring-3 focus-visible:ring-ring/50 active:not-aria-[haspopup]:translate-y-px disabled:pointer-events-none disabled:opacity-50 aria-invalid:border-destructive aria-invalid:ring-3 aria-invalid:ring-destructive/20 dark:aria-invalid:border-destructive/50 dark:aria-invalid:ring-destructive/40 [&_svg]:pointer-events-none [&_svg]:shrink-0 border-border bg-background hover:bg-muted hover:text-foreground aria-expanded:bg-muted aria-expanded:text-foreground dark:border-input dark:bg-input/30 dark:hover:bg-input/50 h-7 gap-1 rounded-[min(var(--radius-md),12px)] px-2.5 text-[0.8rem] in-data-[slot=button-group]:rounded-lg has-data-[icon=inline-end]:pr-1.5 has-data-[icon=inline-start]:pl-1.5 [&_svg:not([class*='size-'])]:size-3.5"[31m
            [33mdata-size[31m=[32m"sm"[31m
            [33mdata-slot[31m=[32m"button"[31m
            [33mdata-variant[31m=[32m"outline"[31m
          [36m>[31m
            [0m1[0m
          [36m</button>[31m
          [36m<button[31m
            [33maria-current[31m=[32m"page"[31m
            [33mclass[31m=[32m"group/button inline-flex shrink-0 items-center justify-center border border-transparent bg-clip-padding font-medium whitespace-nowrap transition-all outline-none select-none focus-visible:border-ring focus-visible:ring-3 focus-visible:ring-ring/50 active:not-aria-[haspopup]:translate-y-px disabled:pointer-events-none disabled:opacity-50 aria-invalid:border-destructive aria-invalid:ring-3 aria-invalid:ring-destructive/20 dark:aria-invalid:border-destructive/50 dark:aria-invalid:ring-destructive/40 [&_svg]:pointer-events-none [&_svg]:shrink-0 bg-primary text-primary-foreground [a]:hover:bg-primary/80 h-7 gap-1 rounded-[min(var(--radius-md),12px)] px-2.5 text-[0.8rem] in-data-[slot=button-group]:rounded-lg has-data-[icon=inline-end]:pr-1.5 has-data-[icon=inline-start]:pl-1.5 [&_svg:not([class*='size-'])]:size-3.5"[31m
            [33mdata-size[31m=[32m"sm"[31m
            [33mdata-slot[31m=[32m"button"[31m
            [33mdata-variant[31m=[32m"default"[31m
          [36m>[31m
            [0m2[0m
          [36m</button>[31m
          [36m<button[31m
            [33mclass[31m=[32m"group/button inline-flex shrink-0 items-center justify-center border bg-clip-padding font-medium whitespace-nowrap transition-all outline-none select-none focus-visible:border-ring focus-visible:ring-3 focus-visible:ring-ring/50 active:not-aria-[haspopup]:translate-y-px disabled:pointer-events-none disabled:opacity-50 aria-invalid:border-destructive aria-invalid:ring-3 aria-invalid:ring-destructive/20 dark:aria-invalid:border-destructive/50 dark:aria-invalid:ring-destructive/40 [&_svg]:pointer-events-none [&_svg]:shrink-0 border-border bg-background hover:bg-muted hover:text-foreground aria-expanded:bg-muted aria-expanded:text-foreground dark:border-input dark:bg-input/30 dark:hover:bg-input/50 h-7 gap-1 rounded-[min(var(--radius-md),12px)] px-2.5 text-[0.8rem] in-data-[slot=button-group]:rounded-lg has-data-[icon=inline-end]:pr-1.5 has-data-[icon=inline-start]:pl-1.5 [&_svg:not([class*='size-'])]:size-3.5"[31m
            [33mdata-size[31m=[32m"sm"[31m
            [33mdata-slot[31m=[32m"button"[31m
            [33mdata-variant[31m=[32m"outline"[31m
          [36m>[31m
            [0m3[0m
          [36m</button>[31m
          [36m<button[31m
            [33maria-label[31m=[32m"╨б╨╗╨╡╨┤╤Г╤О╤Й╨░╤П ╤Б╤В╤А╨░╨╜╨╕╤Ж╨░"[31m
            [33mclass[31m=[32m"group/button inline-flex shrink-0 items-center justify-center border bg-clip-padding font-medium whitespace-nowrap transition-all outline-none select-none focus-visible:border-ring focus-visible:ring-3 focus-visible:ring-ring/50 active:not-aria-[haspopup]:translate-y-px disabled:pointer-events-none disabled:opacity-50 aria-invalid:border-destructive aria-invalid:ring-3 aria-invalid:ring-destructive/20 dark:aria-invalid:border-destructive/50 dark:aria-invalid:ring-destructive/40 [&_svg]:pointer-events-none [&_svg]:shrink-0 border-border bg-background hover:bg-muted hover:text-foreground aria-expanded:bg-muted aria-expanded:text-foreground dark:border-input dark:bg-input/30 dark:hover:bg-input/50 h-7 gap-1 rounded-[min(var(--radius-md),12px)] px-2.5 text-[0.8rem] in-data-[slot=button-group]:rounded-lg has-data-[icon=inline-end]:pr-1.5 has-data-[icon=inline-start]:pl-1.5 [&_svg:not([class*='size-'])]:size-3.5"[31m
            [33mdata-size[31m=[32m"sm"[31m
            [33mdata-slot[31m=[32m"button"[31m
            [33mdata-variant[31m=[32m"outline"[31m
          [36m>[31m
            [0mNext тЖТ[0m
          [36m</button>[31m
        [36m</div>[31m
        [36m<div[31m
          [33maria-label[31m=[32m"╨б╤В╤А╨╛╨║ ╨╜╨░ ╤Б╤В╤А╨░╨╜╨╕╤Ж╨╡"[31m
          [33mclass[31m=[32m"flex items-center gap-1.5"[31m
          [33mrole[31m=[32m"group"[31m
        [36m>[31m
          [36m<span[31m
            [33mclass[31m=[32m"text-xs text-slate-500 dark:te...[39m
 [31m├Ч[39m src/components/articles/PaginationBar.test.tsx[2m > [22mPaginationBar тАФ ╨╜╨░╨▓╨╕╨│╨░╤Ж╨╕╤П[2m > [22m╨║╨╗╨╕╨║ Prev ╨▓╤Л╨╖╤Л╨▓╨░╨╡╤В onPageChange(page - 1)[32m 35[2mms[22m[39m
[31m   тЖТ Unable to find an accessible element with the role "button" and name `/prev/i`

Here are the accessible roles:

  navigation:

  Name "╨Э╨░╨▓╨╕╨│╨░╤Ж╨╕╤П ╨┐╨╛ ╤Б╤В╤А╨░╨╜╨╕╤Ж╨░╨╝":
  [36m<nav[31m
    [33maria-label[31m=[32m"╨Э╨░╨▓╨╕╨│╨░╤Ж╨╕╤П ╨┐╨╛ ╤Б╤В╤А╨░╨╜╨╕╤Ж╨░╨╝"[31m
    [33mclass[31m=[32m"mt-4"[31m
  [36m/>[31m

  --------------------------------------------------
  group:

  Name "╨б╤В╤А╨░╨╜╨╕╤Ж╤Л":
  [36m<div[31m
    [33maria-label[31m=[32m"╨б╤В╤А╨░╨╜╨╕╤Ж╤Л"[31m
    [33mclass[31m=[32m"flex items-center gap-1"[31m
    [33mrole[31m=[32m"group"[31m
  [36m/>[31m

  Name "╨б╤В╤А╨╛╨║ ╨╜╨░ ╤Б╤В╤А╨░╨╜╨╕╤Ж╨╡":
  [36m<div[31m
    [33maria-label[31m=[32m"╨б╤В╤А╨╛╨║ ╨╜╨░ ╤Б╤В╤А╨░╨╜╨╕╤Ж╨╡"[31m
    [33mclass[31m=[32m"flex items-center gap-1.5"[31m
    [33mrole[31m=[32m"group"[31m
  [36m/>[31m

  --------------------------------------------------
  button:

  Name "╨Я╤А╨╡╨┤╤Л╨┤╤Г╤Й╨░╤П ╤Б╤В╤А╨░╨╜╨╕╤Ж╨░":
  [36m<button[31m
    [33maria-label[31m=[32m"╨Я╤А╨╡╨┤╤Л╨┤╤Г╤Й╨░╤П ╤Б╤В╤А╨░╨╜╨╕╤Ж╨░"[31m
    [33mclass[31m=[32m"group/button inline-flex shrink-0 items-center justify-center border bg-clip-padding font-medium whitespace-nowrap transition-all outline-none select-none focus-visible:border-ring focus-visible:ring-3 focus-visible:ring-ring/50 active:not-aria-[haspopup]:translate-y-px disabled:pointer-events-none disabled:opacity-50 aria-invalid:border-destructive aria-invalid:ring-3 aria-invalid:ring-destructive/20 dark:aria-invalid:border-destructive/50 dark:aria-invalid:ring-destructive/40 [&_svg]:pointer-events-none [&_svg]:shrink-0 border-border bg-background hover:bg-muted hover:text-foreground aria-expanded:bg-muted aria-expanded:text-foreground dark:border-input dark:bg-input/30 dark:hover:bg-input/50 h-7 gap-1 rounded-[min(var(--radius-md),12px)] px-2.5 text-[0.8rem] in-data-[slot=button-group]:rounded-lg has-data-[icon=inline-end]:pr-1.5 has-data-[icon=inline-start]:pl-1.5 [&_svg:not([class*='size-'])]:size-3.5"[31m
    [33mdata-size[31m=[32m"sm"[31m
    [33mdata-slot[31m=[32m"button"[31m
    [33mdata-variant[31m=[32m"outline"[31m
  [36m/>[31m

  Name "1":
  [36m<button[31m
    [33mclass[31m=[32m"group/button inline-flex shrink-0 items-center justify-center border bg-clip-padding font-medium whitespace-nowrap transition-all outline-none select-none focus-visible:border-ring focus-visible:ring-3 focus-visible:ring-ring/50 active:not-aria-[haspopup]:translate-y-px disabled:pointer-events-none disabled:opacity-50 aria-invalid:border-destructive aria-invalid:ring-3 aria-invalid:ring-destructive/20 dark:aria-invalid:border-destructive/50 dark:aria-invalid:ring-destructive/40 [&_svg]:pointer-events-none [&_svg]:shrink-0 border-border bg-background hover:bg-muted hover:text-foreground aria-expanded:bg-muted aria-expanded:text-foreground dark:border-input dark:bg-input/30 dark:hover:bg-input/50 h-7 gap-1 rounded-[min(var(--radius-md),12px)] px-2.5 text-[0.8rem] in-data-[slot=button-group]:rounded-lg has-data-[icon=inline-end]:pr-1.5 has-data-[icon=inline-start]:pl-1.5 [&_svg:not([class*='size-'])]:size-3.5"[31m
    [33mdata-size[31m=[32m"sm"[31m
    [33mdata-slot[31m=[32m"button"[31m
    [33mdata-variant[31m=[32m"outline"[31m
  [36m/>[31m

  Name "2":
  [36m<button[31m
    [33maria-current[31m=[32m"page"[31m
    [33mclass[31m=[32m"group/button inline-flex shrink-0 items-center justify-center border border-transparent bg-clip-padding font-medium whitespace-nowrap transition-all outline-none select-none focus-visible:border-ring focus-visible:ring-3 focus-visible:ring-ring/50 active:not-aria-[haspopup]:translate-y-px disabled:pointer-events-none disabled:opacity-50 aria-invalid:border-destructive aria-invalid:ring-3 aria-invalid:ring-destructive/20 dark:aria-invalid:border-destructive/50 dark:aria-invalid:ring-destructive/40 [&_svg]:pointer-events-none [&_svg]:shrink-0 bg-primary text-primary-foreground [a]:hover:bg-primary/80 h-7 gap-1 rounded-[min(var(--radius-md),12px)] px-2.5 text-[0.8rem] in-data-[slot=button-group]:rounded-lg has-data-[icon=inline-end]:pr-1.5 has-data-[icon=inline-start]:pl-1.5 [&_svg:not([class*='size-'])]:size-3.5"[31m
    [33mdata-size[31m=[32m"sm"[31m
    [33mdata-slot[31m=[32m"button"[31m
    [33mdata-variant[31m=[32m"default"[31m
  [36m/>[31m

  Name "3":
  [36m<button[31m
    [33mclass[31m=[32m"group/button inline-flex shrink-0 items-center justify-center border bg-clip-padding font-medium whitespace-nowrap transition-all outline-none select-none focus-visible:border-ring focus-visible:ring-3 focus-visible:ring-ring/50 active:not-aria-[haspopup]:translate-y-px disabled:pointer-events-none disabled:opacity-50 aria-invalid:border-destructive aria-invalid:ring-3 aria-invalid:ring-destructive/20 dark:aria-invalid:border-destructive/50 dark:aria-invalid:ring-destructive/40 [&_svg]:pointer-events-none [&_svg]:shrink-0 border-border bg-background hover:bg-muted hover:text-foreground aria-expanded:bg-muted aria-expanded:text-foreground dark:border-input dark:bg-input/30 dark:hover:bg-input/50 h-7 gap-1 rounded-[min(var(--radius-md),12px)] px-2.5 text-[0.8rem] in-data-[slot=button-group]:rounded-lg has-data-[icon=inline-end]:pr-1.5 has-data-[icon=inline-start]:pl-1.5 [&_svg:not([class*='size-'])]:size-3.5"[31m
    [33mdata-size[31m=[32m"sm"[31m
    [33mdata-slot[31m=[32m"button"[31m
    [33mdata-variant[31m=[32m"outline"[31m
  [36m/>[31m

  Name "╨б╨╗╨╡╨┤╤Г╤О╤Й╨░╤П ╤Б╤В╤А╨░╨╜╨╕╤Ж╨░":
  [36m<button[31m
    [33maria-label[31m=[32m"╨б╨╗╨╡╨┤╤Г╤О╤Й╨░╤П ╤Б╤В╤А╨░╨╜╨╕╤Ж╨░"[31m
    [33mclass[31m=[32m"group/button inline-flex shrink-0 items-center justify-center border bg-clip-padding font-medium whitespace-nowrap transition-all outline-none select-none focus-visible:border-ring focus-visible:ring-3 focus-visible:ring-ring/50 active:not-aria-[haspopup]:translate-y-px disabled:pointer-events-none disabled:opacity-50 aria-invalid:border-destructive aria-invalid:ring-3 aria-invalid:ring-destructive/20 dark:aria-invalid:border-destructive/50 dark:aria-invalid:ring-destructive/40 [&_svg]:pointer-events-none [&_svg]:shrink-0 border-border bg-background hover:bg-muted hover:text-foreground aria-expanded:bg-muted aria-expanded:text-foreground dark:border-input dark:bg-input/30 dark:hover:bg-input/50 h-7 gap-1 rounded-[min(var(--radius-md),12px)] px-2.5 text-[0.8rem] in-data-[slot=button-group]:rounded-lg has-data-[icon=inline-end]:pr-1.5 has-data-[icon=inline-start]:pl-1.5 [&_svg:not([class*='size-'])]:size-3.5"[31m
    [33mdata-size[31m=[32m"sm"[31m
    [33mdata-slot[31m=[32m"button"[31m
    [33mdata-variant[31m=[32m"outline"[31m
  [36m/>[31m

  Name "10":
  [36m<button[31m
    [33mclass[31m=[32m"group/button inline-flex shrink-0 items-center justify-center border border-transparent bg-clip-padding font-medium whitespace-nowrap transition-all outline-none select-none focus-visible:border-ring focus-visible:ring-3 focus-visible:ring-ring/50 active:not-aria-[haspopup]:translate-y-px disabled:pointer-events-none disabled:opacity-50 aria-invalid:border-destructive aria-invalid:ring-3 aria-invalid:ring-destructive/20 dark:aria-invalid:border-destructive/50 dark:aria-invalid:ring-destructive/40 [&_svg]:pointer-events-none [&_svg]:shrink-0 bg-primary text-primary-foreground [a]:hover:bg-primary/80 h-7 gap-1 rounded-[min(var(--radius-md),12px)] px-2.5 text-[0.8rem] in-data-[slot=button-group]:rounded-lg has-data-[icon=inline-end]:pr-1.5 has-data-[icon=inline-start]:pl-1.5 [&_svg:not([class*='size-'])]:size-3.5"[31m
    [33mdata-size[31m=[32m"sm"[31m
    [33mdata-slot[31m=[32m"button"[31m
    [33mdata-variant[31m=[32m"default"[31m
  [36m/>[31m

  Name "25":
  [36m<button[31m
    [33mclass[31m=[32m"group/button inline-flex shrink-0 items-center justify-center border bg-clip-padding font-medium whitespace-nowrap transition-all outline-none select-none focus-visible:border-ring focus-visible:ring-3 focus-visible:ring-ring/50 active:not-aria-[haspopup]:translate-y-px disabled:pointer-events-none disabled:opacity-50 aria-invalid:border-destructive aria-invalid:ring-3 aria-invalid:ring-destructive/20 dark:aria-invalid:border-destructive/50 dark:aria-invalid:ring-destructive/40 [&_svg]:pointer-events-none [&_svg]:shrink-0 border-border bg-background hover:bg-muted hover:text-foreground aria-expanded:bg-muted aria-expanded:text-foreground dark:border-input dark:bg-input/30 dark:hover:bg-input/50 h-7 gap-1 rounded-[min(var(--radius-md),12px)] px-2.5 text-[0.8rem] in-data-[slot=button-group]:rounded-lg has-data-[icon=inline-end]:pr-1.5 has-data-[icon=inline-start]:pl-1.5 [&_svg:not([class*='size-'])]:size-3.5"[31m
    [33mdata-size[31m=[32m"sm"[31m
    [33mdata-slot[31m=[32m"button"[31m
    [33mdata-variant[31m=[32m"outline"[31m
  [36m/>[31m

  Name "50":
  [36m<button[31m
    [33mclass[31m=[32m"group/button inline-flex shrink-0 items-center justify-center border bg-clip-padding font-medium whitespace-nowrap transition-all outline-none select-none focus-visible:border-ring focus-visible:ring-3 focus-visible:ring-ring/50 active:not-aria-[haspopup]:translate-y-px disabled:pointer-events-none disabled:opacity-50 aria-invalid:border-destructive aria-invalid:ring-3 aria-invalid:ring-destructive/20 dark:aria-invalid:border-destructive/50 dark:aria-invalid:ring-destructive/40 [&_svg]:pointer-events-none [&_svg]:shrink-0 border-border bg-background hover:bg-muted hover:text-foreground aria-expanded:bg-muted aria-expanded:text-foreground dark:border-input dark:bg-input/30 dark:hover:bg-input/50 h-7 gap-1 rounded-[min(var(--radius-md),12px)] px-2.5 text-[0.8rem] in-data-[slot=button-group]:rounded-lg has-data-[icon=inline-end]:pr-1.5 has-data-[icon=inline-start]:pl-1.5 [&_svg:not([class*='size-'])]:size-3.5"[31m
    [33mdata-size[31m=[32m"sm"[31m
    [33mdata-slot[31m=[32m"button"[31m
    [33mdata-variant[31m=[32m"outline"[31m
  [36m/>[31m

  --------------------------------------------------

Ignored nodes: comments, script, style
[36m<body>[31m
  [36m<div>[31m
    [36m<nav[31m
      [33maria-label[31m=[32m"╨Э╨░╨▓╨╕╨│╨░╤Ж╨╕╤П ╨┐╨╛ ╤Б╤В╤А╨░╨╜╨╕╤Ж╨░╨╝"[31m
      [33mclass[31m=[32m"mt-4"[31m
    [36m>[31m
      [36m<div[31m
        [33mclass[31m=[32m"flex flex-wrap items-center justify-between gap-y-2 gap-x-4"[31m
      [36m>[31m
        [36m<div[31m
          [33maria-label[31m=[32m"╨б╤В╤А╨░╨╜╨╕╤Ж╤Л"[31m
          [33mclass[31m=[32m"flex items-center gap-1"[31m
          [33mrole[31m=[32m"group"[31m
        [36m>[31m
          [36m<button[31m
            [33maria-label[31m=[32m"╨Я╤А╨╡╨┤╤Л╨┤╤Г╤Й╨░╤П ╤Б╤В╤А╨░╨╜╨╕╤Ж╨░"[31m
            [33mclass[31m=[32m"group/button inline-flex shrink-0 items-center justify-center border bg-clip-padding font-medium whitespace-nowrap transition-all outline-none select-none focus-visible:border-ring focus-visible:ring-3 focus-visible:ring-ring/50 active:not-aria-[haspopup]:translate-y-px disabled:pointer-events-none disabled:opacity-50 aria-invalid:border-destructive aria-invalid:ring-3 aria-invalid:ring-destructive/20 dark:aria-invalid:border-destructive/50 dark:aria-invalid:ring-destructive/40 [&_svg]:pointer-events-none [&_svg]:shrink-0 border-border bg-background hover:bg-muted hover:text-foreground aria-expanded:bg-muted aria-expanded:text-foreground dark:border-input dark:bg-input/30 dark:hover:bg-input/50 h-7 gap-1 rounded-[min(var(--radius-md),12px)] px-2.5 text-[0.8rem] in-data-[slot=button-group]:rounded-lg has-data-[icon=inline-end]:pr-1.5 has-data-[icon=inline-start]:pl-1.5 [&_svg:not([class*='size-'])]:size-3.5"[31m
            [33mdata-size[31m=[32m"sm"[31m
            [33mdata-slot[31m=[32m"button"[31m
            [33mdata-variant[31m=[32m"outline"[31m
          [36m>[31m
            [0mтЖР Prev[0m
          [36m</button>[31m
          [36m<button[31m
            [33mclass[31m=[32m"group/button inline-flex shrink-0 items-center justify-center border bg-clip-padding font-medium whitespace-nowrap transition-all outline-none select-none focus-visible:border-ring focus-visible:ring-3 focus-visible:ring-ring/50 active:not-aria-[haspopup]:translate-y-px disabled:pointer-events-none disabled:opacity-50 aria-invalid:border-destructive aria-invalid:ring-3 aria-invalid:ring-destructive/20 dark:aria-invalid:border-destructive/50 dark:aria-invalid:ring-destructive/40 [&_svg]:pointer-events-none [&_svg]:shrink-0 border-border bg-background hover:bg-muted hover:text-foreground aria-expanded:bg-muted aria-expanded:text-foreground dark:border-input dark:bg-input/30 dark:hover:bg-input/50 h-7 gap-1 rounded-[min(var(--radius-md),12px)] px-2.5 text-[0.8rem] in-data-[slot=button-group]:rounded-lg has-data-[icon=inline-end]:pr-1.5 has-data-[icon=inline-start]:pl-1.5 [&_svg:not([class*='size-'])]:size-3.5"[31m
            [33mdata-size[31m=[32m"sm"[31m
            [33mdata-slot[31m=[32m"button"[31m
            [33mdata-variant[31m=[32m"outline"[31m
          [36m>[31m
            [0m1[0m
          [36m</button>[31m
          [36m<button[31m
            [33maria-current[31m=[32m"page"[31m
            [33mclass[31m=[32m"group/button inline-flex shrink-0 items-center justify-center border border-transparent bg-clip-padding font-medium whitespace-nowrap transition-all outline-none select-none focus-visible:border-ring focus-visible:ring-3 focus-visible:ring-ring/50 active:not-aria-[haspopup]:translate-y-px disabled:pointer-events-none disabled:opacity-50 aria-invalid:border-destructive aria-invalid:ring-3 aria-invalid:ring-destructive/20 dark:aria-invalid:border-destructive/50 dark:aria-invalid:ring-destructive/40 [&_svg]:pointer-events-none [&_svg]:shrink-0 bg-primary text-primary-foreground [a]:hover:bg-primary/80 h-7 gap-1 rounded-[min(var(--radius-md),12px)] px-2.5 text-[0.8rem] in-data-[slot=button-group]:rounded-lg has-data-[icon=inline-end]:pr-1.5 has-data-[icon=inline-start]:pl-1.5 [&_svg:not([class*='size-'])]:size-3.5"[31m
            [33mdata-size[31m=[32m"sm"[31m
            [33mdata-slot[31m=[32m"button"[31m
            [33mdata-variant[31m=[32m"default"[31m
          [36m>[31m
            [0m2[0m
          [36m</button>[31m
          [36m<button[31m
            [33mclass[31m=[32m"group/button inline-flex shrink-0 items-center justify-center border bg-clip-padding font-medium whitespace-nowrap transition-all outline-none select-none focus-visible:border-ring focus-visible:ring-3 focus-visible:ring-ring/50 active:not-aria-[haspopup]:translate-y-px disabled:pointer-events-none disabled:opacity-50 aria-invalid:border-destructive aria-invalid:ring-3 aria-invalid:ring-destructive/20 dark:aria-invalid:border-destructive/50 dark:aria-invalid:ring-destructive/40 [&_svg]:pointer-events-none [&_svg]:shrink-0 border-border bg-background hover:bg-muted hover:text-foreground aria-expanded:bg-muted aria-expanded:text-foreground dark:border-input dark:bg-input/30 dark:hover:bg-input/50 h-7 gap-1 rounded-[min(var(--radius-md),12px)] px-2.5 text-[0.8rem] in-data-[slot=button-group]:rounded-lg has-data-[icon=inline-end]:pr-1.5 has-data-[icon=inline-start]:pl-1.5 [&_svg:not([class*='size-'])]:size-3.5"[31m
            [33mdata-size[31m=[32m"sm"[31m
            [33mdata-slot[31m=[32m"button"[31m
            [33mdata-variant[31m=[32m"outline"[31m
          [36m>[31m
            [0m3[0m
          [36m</button>[31m
          [36m<button[31m
            [33maria-label[31m=[32m"╨б╨╗╨╡╨┤╤Г╤О╤Й╨░╤П ╤Б╤В╤А╨░╨╜╨╕╤Ж╨░"[31m
            [33mclass[31m=[32m"group/button inline-flex shrink-0 items-center justify-center border bg-clip-padding font-medium whitespace-nowrap transition-all outline-none select-none focus-visible:border-ring focus-visible:ring-3 focus-visible:ring-ring/50 active:not-aria-[haspopup]:translate-y-px disabled:pointer-events-none disabled:opacity-50 aria-invalid:border-destructive aria-invalid:ring-3 aria-invalid:ring-destructive/20 dark:aria-invalid:border-destructive/50 dark:aria-invalid:ring-destructive/40 [&_svg]:pointer-events-none [&_svg]:shrink-0 border-border bg-background hover:bg-muted hover:text-foreground aria-expanded:bg-muted aria-expanded:text-foreground dark:border-input dark:bg-input/30 dark:hover:bg-input/50 h-7 gap-1 rounded-[min(var(--radius-md),12px)] px-2.5 text-[0.8rem] in-data-[slot=button-group]:rounded-lg has-data-[icon=inline-end]:pr-1.5 has-data-[icon=inline-start]:pl-1.5 [&_svg:not([class*='size-'])]:size-3.5"[31m
            [33mdata-size[31m=[32m"sm"[31m
            [33mdata-slot[31m=[32m"button"[31m
            [33mdata-variant[31m=[32m"outline"[31m
          [36m>[31m
            [0mNext тЖТ[0m
          [36m</button>[31m
        [36m</div>[31m
        [36m<div[31m
          [33maria-label[31m=[32m"╨б╤В╤А╨╛╨║ ╨╜╨░ ╤Б╤В╤А╨░╨╜╨╕╤Ж╨╡"[31m
          [33mclass[31m=[32m"flex items-center gap-1.5"[31m
          [33mrole[31m=[32m"group"[31m
        [36m>[31m
          [36m<span[31m
            [33mclass[31m=[32m"text-xs text-slate-500 dark:te...[39m
 [31m├Ч[39m src/components/articles/PaginationBar.test.tsx[2m > [22mPaginationBar тАФ ╨╜╨░╨▓╨╕╨│╨░╤Ж╨╕╤П[2m > [22m╨║╨╗╨╕╨║ Next ╨▓╤Л╨╖╤Л╨▓╨░╨╡╤В onPageChange(page + 1)[32m 40[2mms[22m[39m
[31m   тЖТ Unable to find an accessible element with the role "button" and name `/next/i`

Here are the accessible roles:

  navigation:

  Name "╨Э╨░╨▓╨╕╨│╨░╤Ж╨╕╤П ╨┐╨╛ ╤Б╤В╤А╨░╨╜╨╕╤Ж╨░╨╝":
  [36m<nav[31m
    [33maria-label[31m=[32m"╨Э╨░╨▓╨╕╨│╨░╤Ж╨╕╤П ╨┐╨╛ ╤Б╤В╤А╨░╨╜╨╕╤Ж╨░╨╝"[31m
    [33mclass[31m=[32m"mt-4"[31m
  [36m/>[31m

  --------------------------------------------------
  group:

  Name "╨б╤В╤А╨░╨╜╨╕╤Ж╤Л":
  [36m<div[31m
    [33maria-label[31m=[32m"╨б╤В╤А╨░╨╜╨╕╤Ж╤Л"[31m
    [33mclass[31m=[32m"flex items-center gap-1"[31m
    [33mrole[31m=[32m"group"[31m
  [36m/>[31m

  Name "╨б╤В╤А╨╛╨║ ╨╜╨░ ╤Б╤В╤А╨░╨╜╨╕╤Ж╨╡":
  [36m<div[31m
    [33maria-label[31m=[32m"╨б╤В╤А╨╛╨║ ╨╜╨░ ╤Б╤В╤А╨░╨╜╨╕╤Ж╨╡"[31m
    [33mclass[31m=[32m"flex items-center gap-1.5"[31m
    [33mrole[31m=[32m"group"[31m
  [36m/>[31m

  --------------------------------------------------
  button:

  Name "╨Я╤А╨╡╨┤╤Л╨┤╤Г╤Й╨░╤П ╤Б╤В╤А╨░╨╜╨╕╤Ж╨░":
  [36m<button[31m
    [33maria-label[31m=[32m"╨Я╤А╨╡╨┤╤Л╨┤╤Г╤Й╨░╤П ╤Б╤В╤А╨░╨╜╨╕╤Ж╨░"[31m
    [33mclass[31m=[32m"group/button inline-flex shrink-0 items-center justify-center border bg-clip-padding font-medium whitespace-nowrap transition-all outline-none select-none focus-visible:border-ring focus-visible:ring-3 focus-visible:ring-ring/50 active:not-aria-[haspopup]:translate-y-px disabled:pointer-events-none disabled:opacity-50 aria-invalid:border-destructive aria-invalid:ring-3 aria-invalid:ring-destructive/20 dark:aria-invalid:border-destructive/50 dark:aria-invalid:ring-destructive/40 [&_svg]:pointer-events-none [&_svg]:shrink-0 border-border bg-background hover:bg-muted hover:text-foreground aria-expanded:bg-muted aria-expanded:text-foreground dark:border-input dark:bg-input/30 dark:hover:bg-input/50 h-7 gap-1 rounded-[min(var(--radius-md),12px)] px-2.5 text-[0.8rem] in-data-[slot=button-group]:rounded-lg has-data-[icon=inline-end]:pr-1.5 has-data-[icon=inline-start]:pl-1.5 [&_svg:not([class*='size-'])]:size-3.5"[31m
    [33mdata-size[31m=[32m"sm"[31m
    [33mdata-slot[31m=[32m"button"[31m
    [33mdata-variant[31m=[32m"outline"[31m
    [33mdisabled[31m=[32m""[31m
  [36m/>[31m

  Name "1":
  [36m<button[31m
    [33maria-current[31m=[32m"page"[31m
    [33mclass[31m=[32m"group/button inline-flex shrink-0 items-center justify-center border border-transparent bg-clip-padding font-medium whitespace-nowrap transition-all outline-none select-none focus-visible:border-ring focus-visible:ring-3 focus-visible:ring-ring/50 active:not-aria-[haspopup]:translate-y-px disabled:pointer-events-none disabled:opacity-50 aria-invalid:border-destructive aria-invalid:ring-3 aria-invalid:ring-destructive/20 dark:aria-invalid:border-destructive/50 dark:aria-invalid:ring-destructive/40 [&_svg]:pointer-events-none [&_svg]:shrink-0 bg-primary text-primary-foreground [a]:hover:bg-primary/80 h-7 gap-1 rounded-[min(var(--radius-md),12px)] px-2.5 text-[0.8rem] in-data-[slot=button-group]:rounded-lg has-data-[icon=inline-end]:pr-1.5 has-data-[icon=inline-start]:pl-1.5 [&_svg:not([class*='size-'])]:size-3.5"[31m
    [33mdata-size[31m=[32m"sm"[31m
    [33mdata-slot[31m=[32m"button"[31m
    [33mdata-variant[31m=[32m"default"[31m
  [36m/>[31m

  Name "2":
  [36m<button[31m
    [33mclass[31m=[32m"group/button inline-flex shrink-0 items-center justify-center border bg-clip-padding font-medium whitespace-nowrap transition-all outline-none select-none focus-visible:border-ring focus-visible:ring-3 focus-visible:ring-ring/50 active:not-aria-[haspopup]:translate-y-px disabled:pointer-events-none disabled:opacity-50 aria-invalid:border-destructive aria-invalid:ring-3 aria-invalid:ring-destructive/20 dark:aria-invalid:border-destructive/50 dark:aria-invalid:ring-destructive/40 [&_svg]:pointer-events-none [&_svg]:shrink-0 border-border bg-background hover:bg-muted hover:text-foreground aria-expanded:bg-muted aria-expanded:text-foreground dark:border-input dark:bg-input/30 dark:hover:bg-input/50 h-7 gap-1 rounded-[min(var(--radius-md),12px)] px-2.5 text-[0.8rem] in-data-[slot=button-group]:rounded-lg has-data-[icon=inline-end]:pr-1.5 has-data-[icon=inline-start]:pl-1.5 [&_svg:not([class*='size-'])]:size-3.5"[31m
    [33mdata-size[31m=[32m"sm"[31m
    [33mdata-slot[31m=[32m"button"[31m
    [33mdata-variant[31m=[32m"outline"[31m
  [36m/>[31m

  Name "3":
  [36m<button[31m
    [33mclass[31m=[32m"group/button inline-flex shrink-0 items-center justify-center border bg-clip-padding font-medium whitespace-nowrap transition-all outline-none select-none focus-visible:border-ring focus-visible:ring-3 focus-visible:ring-ring/50 active:not-aria-[haspopup]:translate-y-px disabled:pointer-events-none disabled:opacity-50 aria-invalid:border-destructive aria-invalid:ring-3 aria-invalid:ring-destructive/20 dark:aria-invalid:border-destructive/50 dark:aria-invalid:ring-destructive/40 [&_svg]:pointer-events-none [&_svg]:shrink-0 border-border bg-background hover:bg-muted hover:text-foreground aria-expanded:bg-muted aria-expanded:text-foreground dark:border-input dark:bg-input/30 dark:hover:bg-input/50 h-7 gap-1 rounded-[min(var(--radius-md),12px)] px-2.5 text-[0.8rem] in-data-[slot=button-group]:rounded-lg has-data-[icon=inline-end]:pr-1.5 has-data-[icon=inline-start]:pl-1.5 [&_svg:not([class*='size-'])]:size-3.5"[31m
    [33mdata-size[31m=[32m"sm"[31m
    [33mdata-slot[31m=[32m"button"[31m
    [33mdata-variant[31m=[32m"outline"[31m
  [36m/>[31m

  Name "╨б╨╗╨╡╨┤╤Г╤О╤Й╨░╤П ╤Б╤В╤А╨░╨╜╨╕╤Ж╨░":
  [36m<button[31m
    [33maria-label[31m=[32m"╨б╨╗╨╡╨┤╤Г╤О╤Й╨░╤П ╤Б╤В╤А╨░╨╜╨╕╤Ж╨░"[31m
    [33mclass[31m=[32m"group/button inline-flex shrink-0 items-center justify-center border bg-clip-padding font-medium whitespace-nowrap transition-all outline-none select-none focus-visible:border-ring focus-visible:ring-3 focus-visible:ring-ring/50 active:not-aria-[haspopup]:translate-y-px disabled:pointer-events-none disabled:opacity-50 aria-invalid:border-destructive aria-invalid:ring-3 aria-invalid:ring-destructive/20 dark:aria-invalid:border-destructive/50 dark:aria-invalid:ring-destructive/40 [&_svg]:pointer-events-none [&_svg]:shrink-0 border-border bg-background hover:bg-muted hover:text-foreground aria-expanded:bg-muted aria-expanded:text-foreground dark:border-input dark:bg-input/30 dark:hover:bg-input/50 h-7 gap-1 rounded-[min(var(--radius-md),12px)] px-2.5 text-[0.8rem] in-data-[slot=button-group]:rounded-lg has-data-[icon=inline-end]:pr-1.5 has-data-[icon=inline-start]:pl-1.5 [&_svg:not([class*='size-'])]:size-3.5"[31m
    [33mdata-size[31m=[32m"sm"[31m
    [33mdata-slot[31m=[32m"button"[31m
    [33mdata-variant[31m=[32m"outline"[31m
  [36m/>[31m

  Name "10":
  [36m<button[31m
    [33mclass[31m=[32m"group/button inline-flex shrink-0 items-center justify-center border border-transparent bg-clip-padding font-medium whitespace-nowrap transition-all outline-none select-none focus-visible:border-ring focus-visible:ring-3 focus-visible:ring-ring/50 active:not-aria-[haspopup]:translate-y-px disabled:pointer-events-none disabled:opacity-50 aria-invalid:border-destructive aria-invalid:ring-3 aria-invalid:ring-destructive/20 dark:aria-invalid:border-destructive/50 dark:aria-invalid:ring-destructive/40 [&_svg]:pointer-events-none [&_svg]:shrink-0 bg-primary text-primary-foreground [a]:hover:bg-primary/80 h-7 gap-1 rounded-[min(var(--radius-md),12px)] px-2.5 text-[0.8rem] in-data-[slot=button-group]:rounded-lg has-data-[icon=inline-end]:pr-1.5 has-data-[icon=inline-start]:pl-1.5 [&_svg:not([class*='size-'])]:size-3.5"[31m
    [33mdata-size[31m=[32m"sm"[31m
    [33mdata-slot[31m=[32m"button"[31m
    [33mdata-variant[31m=[32m"default"[31m
  [36m/>[31m

  Name "25":
  [36m<button[31m
    [33mclass[31m=[32m"group/button inline-flex shrink-0 items-center justify-center border bg-clip-padding font-medium whitespace-nowrap transition-all outline-none select-none focus-visible:border-ring focus-visible:ring-3 focus-visible:ring-ring/50 active:not-aria-[haspopup]:translate-y-px disabled:pointer-events-none disabled:opacity-50 aria-invalid:border-destructive aria-invalid:ring-3 aria-invalid:ring-destructive/20 dark:aria-invalid:border-destructive/50 dark:aria-invalid:ring-destructive/40 [&_svg]:pointer-events-none [&_svg]:shrink-0 border-border bg-background hover:bg-muted hover:text-foreground aria-expanded:bg-muted aria-expanded:text-foreground dark:border-input dark:bg-input/30 dark:hover:bg-input/50 h-7 gap-1 rounded-[min(var(--radius-md),12px)] px-2.5 text-[0.8rem] in-data-[slot=button-group]:rounded-lg has-data-[icon=inline-end]:pr-1.5 has-data-[icon=inline-start]:pl-1.5 [&_svg:not([class*='size-'])]:size-3.5"[31m
    [33mdata-size[31m=[32m"sm"[31m
    [33mdata-slot[31m=[32m"button"[31m
    [33mdata-variant[31m=[32m"outline"[31m
  [36m/>[31m

  Name "50":
  [36m<button[31m
    [33mclass[31m=[32m"group/button inline-flex shrink-0 items-center justify-center border bg-clip-padding font-medium whitespace-nowrap transition-all outline-none select-none focus-visible:border-ring focus-visible:ring-3 focus-visible:ring-ring/50 active:not-aria-[haspopup]:translate-y-px disabled:pointer-events-none disabled:opacity-50 aria-invalid:border-destructive aria-invalid:ring-3 aria-invalid:ring-destructive/20 dark:aria-invalid:border-destructive/50 dark:aria-invalid:ring-destructive/40 [&_svg]:pointer-events-none [&_svg]:shrink-0 border-border bg-background hover:bg-muted hover:text-foreground aria-expanded:bg-muted aria-expanded:text-foreground dark:border-input dark:bg-input/30 dark:hover:bg-input/50 h-7 gap-1 rounded-[min(var(--radius-md),12px)] px-2.5 text-[0.8rem] in-data-[slot=button-group]:rounded-lg has-data-[icon=inline-end]:pr-1.5 has-data-[icon=inline-start]:pl-1.5 [&_svg:not([class*='size-'])]:size-3.5"[31m
    [33mdata-size[31m=[32m"sm"[31m
    [33mdata-slot[31m=[32m"button"[31m
    [33mdata-variant[31m=[32m"outline"[31m
  [36m/>[31m

  --------------------------------------------------

Ignored nodes: comments, script, style
[36m<body>[31m
  [36m<div>[31m
    [36m<nav[31m
      [33maria-label[31m=[32m"╨Э╨░╨▓╨╕╨│╨░╤Ж╨╕╤П ╨┐╨╛ ╤Б╤В╤А╨░╨╜╨╕╤Ж╨░╨╝"[31m
      [33mclass[31m=[32m"mt-4"[31m
    [36m>[31m
      [36m<div[31m
        [33mclass[31m=[32m"flex flex-wrap items-center justify-between gap-y-2 gap-x-4"[31m
      [36m>[31m
        [36m<div[31m
          [33maria-label[31m=[32m"╨б╤В╤А╨░╨╜╨╕╤Ж╤Л"[31m
          [33mclass[31m=[32m"flex items-center gap-1"[31m
          [33mrole[31m=[32m"group"[31m
        [36m>[31m
          [36m<button[31m
            [33maria-label[31m=[32m"╨Я╤А╨╡╨┤╤Л╨┤╤Г╤Й╨░╤П ╤Б╤В╤А╨░╨╜╨╕╤Ж╨░"[31m
            [33mclass[31m=[32m"group/button inline-flex shrink-0 items-center justify-center border bg-clip-padding font-medium whitespace-nowrap transition-all outline-none select-none focus-visible:border-ring focus-visible:ring-3 focus-visible:ring-ring/50 active:not-aria-[haspopup]:translate-y-px disabled:pointer-events-none disabled:opacity-50 aria-invalid:border-destructive aria-invalid:ring-3 aria-invalid:ring-destructive/20 dark:aria-invalid:border-destructive/50 dark:aria-invalid:ring-destructive/40 [&_svg]:pointer-events-none [&_svg]:shrink-0 border-border bg-background hover:bg-muted hover:text-foreground aria-expanded:bg-muted aria-expanded:text-foreground dark:border-input dark:bg-input/30 dark:hover:bg-input/50 h-7 gap-1 rounded-[min(var(--radius-md),12px)] px-2.5 text-[0.8rem] in-data-[slot=button-group]:rounded-lg has-data-[icon=inline-end]:pr-1.5 has-data-[icon=inline-start]:pl-1.5 [&_svg:not([class*='size-'])]:size-3.5"[31m
            [33mdata-size[31m=[32m"sm"[31m
            [33mdata-slot[31m=[32m"button"[31m
            [33mdata-variant[31m=[32m"outline"[31m
            [33mdisabled[31m=[32m""[31m
          [36m>[31m
            [0mтЖР Prev[0m
          [36m</button>[31m
          [36m<button[31m
            [33maria-current[31m=[32m"page"[31m
            [33mclass[31m=[32m"group/button inline-flex shrink-0 items-center justify-center border border-transparent bg-clip-padding font-medium whitespace-nowrap transition-all outline-none select-none focus-visible:border-ring focus-visible:ring-3 focus-visible:ring-ring/50 active:not-aria-[haspopup]:translate-y-px disabled:pointer-events-none disabled:opacity-50 aria-invalid:border-destructive aria-invalid:ring-3 aria-invalid:ring-destructive/20 dark:aria-invalid:border-destructive/50 dark:aria-invalid:ring-destructive/40 [&_svg]:pointer-events-none [&_svg]:shrink-0 bg-primary text-primary-foreground [a]:hover:bg-primary/80 h-7 gap-1 rounded-[min(var(--radius-md),12px)] px-2.5 text-[0.8rem] in-data-[slot=button-group]:rounded-lg has-data-[icon=inline-end]:pr-1.5 has-data-[icon=inline-start]:pl-1.5 [&_svg:not([class*='size-'])]:size-3.5"[31m
            [33mdata-size[31m=[32m"sm"[31m
            [33mdata-slot[31m=[32m"button"[31m
            [33mdata-variant[31m=[32m"default"[31m
          [36m>[31m
            [0m1[0m
          [36m</button>[31m
          [36m<button[31m
            [33mclass[31m=[32m"group/button inline-flex shrink-0 items-center justify-center border bg-clip-padding font-medium whitespace-nowrap transition-all outline-none select-none focus-visible:border-ring focus-visible:ring-3 focus-visible:ring-ring/50 active:not-aria-[haspopup]:translate-y-px disabled:pointer-events-none disabled:opacity-50 aria-invalid:border-destructive aria-invalid:ring-3 aria-invalid:ring-destructive/20 dark:aria-invalid:border-destructive/50 dark:aria-invalid:ring-destructive/40 [&_svg]:pointer-events-none [&_svg]:shrink-0 border-border bg-background hover:bg-muted hover:text-foreground aria-expanded:bg-muted aria-expanded:text-foreground dark:border-input dark:bg-input/30 dark:hover:bg-input/50 h-7 gap-1 rounded-[min(var(--radius-md),12px)] px-2.5 text-[0.8rem] in-data-[slot=button-group]:rounded-lg has-data-[icon=inline-end]:pr-1.5 has-data-[icon=inline-start]:pl-1.5 [&_svg:not([class*='size-'])]:size-3.5"[31m
            [33mdata-size[31m=[32m"sm"[31m
            [33mdata-slot[31m=[32m"button"[31m
            [33mdata-variant[31m=[32m"outline"[31m
          [36m>[31m
            [0m2[0m
          [36m</button>[31m
          [36m<button[31m
            [33mclass[31m=[32m"group/button inline-flex shrink-0 items-center justify-center border bg-clip-padding font-medium whitespace-nowrap transition-all outline-none select-none focus-visible:border-ring focus-visible:ring-3 focus-visible:ring-ring/50 active:not-aria-[haspopup]:translate-y-px disabled:pointer-events-none disabled:opacity-50 aria-invalid:border-destructive aria-invalid:ring-3 aria-invalid:ring-destructive/20 dark:aria-invalid:border-destructive/50 dark:aria-invalid:ring-destructive/40 [&_svg]:pointer-events-none [&_svg]:shrink-0 border-border bg-background hover:bg-muted hover:text-foreground aria-expanded:bg-muted aria-expanded:text-foreground dark:border-input dark:bg-input/30 dark:hover:bg-input/50 h-7 gap-1 rounded-[min(var(--radius-md),12px)] px-2.5 text-[0.8rem] in-data-[slot=button-group]:rounded-lg has-data-[icon=inline-end]:pr-1.5 has-data-[icon=inline-start]:pl-1.5 [&_svg:not([class*='size-'])]:size-3.5"[31m
            [33mdata-size[31m=[32m"sm"[31m
            [33mdata-slot[31m=[32m"button"[31m
            [33mdata-variant[31m=[32m"outline"[31m
          [36m>[31m
            [0m3[0m
          [36m</button>[31m
          [36m<button[31m
            [33maria-label[31m=[32m"╨б╨╗╨╡╨┤╤Г╤О╤Й╨░╤П ╤Б╤В╤А╨░╨╜╨╕╤Ж╨░"[31m
            [33mclass[31m=[32m"group/button inline-flex shrink-0 items-center justify-center border bg-clip-padding font-medium whitespace-nowrap transition-all outline-none select-none focus-visible:border-ring focus-visible:ring-3 focus-visible:ring-ring/50 active:not-aria-[haspopup]:translate-y-px disabled:pointer-events-none disabled:opacity-50 aria-invalid:border-destructive aria-invalid:ring-3 aria-invalid:ring-destructive/20 dark:aria-invalid:border-destructive/50 dark:aria-invalid:ring-destructive/40 [&_svg]:pointer-events-none [&_svg]:shrink-0 border-border bg-background hover:bg-muted hover:text-foreground aria-expanded:bg-muted aria-expanded:text-foreground dark:border-input dark:bg-input/30 dark:hover:bg-input/50 h-7 gap-1 rounded-[min(var(--radius-md),12px)] px-2.5 text-[0.8rem] in-data-[slot=button-group]:rounded-lg has-data-[icon=inline-end]:pr-1.5 has-data-[icon=inline-start]:pl-1.5 [&_svg:not([class*='size-'])]:size-3.5"[31m
            [33mdata-size[31m=[32m"sm"[31m
            [33mdata-slot[31m=[32m"button"[31m
            [33mdata-variant[31m=[32m"outline"[31m
          [36m>[31m
            [0mNext тЖТ[0m
          [36m</button>[31m
        [36m</div>[31m
        [36m<div[31m
          [33maria-label[31m=[32m"╨б╤В╤А╨╛╨║ ╨╜╨░ ╤Б╤В╤А╨░╨╜╨╕╤Ж╨╡"[31m
          [33mclass[31m=[32m"flex items-center gap-1.5"[31m
          [33mrole[31m=[32m"group"[31m
        [36m>[31m
          [36m<span[31m
            [33mcla...[39m
 [32mтЬУ[39m src/components/articles/PaginationBar.test.tsx[2m > [22mPaginationBar тАФ ╨╜╨░╨▓╨╕╨│╨░╤Ж╨╕╤П[2m > [22m╨║╨╗╨╕╨║ ╨┐╨╛ ╨╜╨╛╨╝╨╡╤А╤Г ╤Б╤В╤А╨░╨╜╨╕╤Ж╤Л ╨▓╤Л╨╖╤Л╨▓╨░╨╡╤В onPageChange(n)[32m 76[2mms[22m[39m
 [32mтЬУ[39m src/components/articles/PaginationBar.test.tsx[2m > [22mPaginationBar тАФ size selector[2m > [22m╨║╨╗╨╕╨║ ╨┐╨╛ size=25 ╨▓╤Л╨╖╤Л╨▓╨░╨╡╤В onSizeChange(25)[32m 61[2mms[22m[39m
 [32mтЬУ[39m src/components/articles/PaginationBar.test.tsx[2m > [22mPaginationBar тАФ size selector[2m > [22m╨▓╤Б╨╡ ╤В╤А╨╕ ╨▓╨░╤А╨╕╨░╨╜╤В╨░ SIZE_OPTIONS ╤А╨╡╨╜╨┤╨╡╤А╤П╤В╤Б╤П ╨║╨░╨║ ╨║╨╜╨╛╨┐╨║╨╕[32m 21[2mms[22m[39m
 [32mтЬУ[39m src/components/articles/PaginationBar.test.tsx[2m > [22mPaginationBar тАФ accessibility[2m > [22m╨░╨║╤В╨╕╨▓╨╜╨░╤П ╤Б╤В╤А╨░╨╜╨╕╤Ж╨░ ╨╕╨╝╨╡╨╡╤В aria-current="page"[32m 8[2mms[22m[39m
 [32mтЬУ[39m src/components/articles/PaginationBar.test.tsx[2m > [22mPaginationBar тАФ accessibility[2m > [22mellipsis тАФ span ╤Б aria-hidden, ╨░ ╨╜╨╡ button[32m 11[2mms[22m[39m
 [31m├Ч[39m src/components/articles/PaginationBar.test.tsx[2m > [22mPaginationBar тАФ accessibility[2m > [22msafePage: page=0 ╨╜╨╡ ╨▓╤Л╨╖╤Л╨▓╨░╨╡╤В ╨╛╤И╨╕╨▒╨╛╨║ (Math.max ╨╖╨░╤Й╨╕╤В╨░)[32m 28[2mms[22m[39m
[31m   тЖТ Unable to find an accessible element with the role "button" and name `/prev/i`

Here are the accessible roles:

  navigation:

  Name "╨Э╨░╨▓╨╕╨│╨░╤Ж╨╕╤П ╨┐╨╛ ╤Б╤В╤А╨░╨╜╨╕╤Ж╨░╨╝":
  [36m<nav[31m
    [33maria-label[31m=[32m"╨Э╨░╨▓╨╕╨│╨░╤Ж╨╕╤П ╨┐╨╛ ╤Б╤В╤А╨░╨╜╨╕╤Ж╨░╨╝"[31m
    [33mclass[31m=[32m"mt-4"[31m
  [36m/>[31m

  --------------------------------------------------
  group:

  Name "╨б╤В╤А╨░╨╜╨╕╤Ж╤Л":
  [36m<div[31m
    [33maria-label[31m=[32m"╨б╤В╤А╨░╨╜╨╕╤Ж╤Л"[31m
    [33mclass[31m=[32m"flex items-center gap-1"[31m
    [33mrole[31m=[32m"group"[31m
  [36m/>[31m

  Name "╨б╤В╤А╨╛╨║ ╨╜╨░ ╤Б╤В╤А╨░╨╜╨╕╤Ж╨╡":
  [36m<div[31m
    [33maria-label[31m=[32m"╨б╤В╤А╨╛╨║ ╨╜╨░ ╤Б╤В╤А╨░╨╜╨╕╤Ж╨╡"[31m
    [33mclass[31m=[32m"flex items-center gap-1.5"[31m
    [33mrole[31m=[32m"group"[31m
  [36m/>[31m

  --------------------------------------------------
  button:

  Name "╨Я╤А╨╡╨┤╤Л╨┤╤Г╤Й╨░╤П ╤Б╤В╤А╨░╨╜╨╕╤Ж╨░":
  [36m<button[31m
    [33maria-label[31m=[32m"╨Я╤А╨╡╨┤╤Л╨┤╤Г╤Й╨░╤П ╤Б╤В╤А╨░╨╜╨╕╤Ж╨░"[31m
    [33mclass[31m=[32m"group/button inline-flex shrink-0 items-center justify-center border bg-clip-padding font-medium whitespace-nowrap transition-all outline-none select-none focus-visible:border-ring focus-visible:ring-3 focus-visible:ring-ring/50 active:not-aria-[haspopup]:translate-y-px disabled:pointer-events-none disabled:opacity-50 aria-invalid:border-destructive aria-invalid:ring-3 aria-invalid:ring-destructive/20 dark:aria-invalid:border-destructive/50 dark:aria-invalid:ring-destructive/40 [&_svg]:pointer-events-none [&_svg]:shrink-0 border-border bg-background hover:bg-muted hover:text-foreground aria-expanded:bg-muted aria-expanded:text-foreground dark:border-input dark:bg-input/30 dark:hover:bg-input/50 h-7 gap-1 rounded-[min(var(--radius-md),12px)] px-2.5 text-[0.8rem] in-data-[slot=button-group]:rounded-lg has-data-[icon=inline-end]:pr-1.5 has-data-[icon=inline-start]:pl-1.5 [&_svg:not([class*='size-'])]:size-3.5"[31m
    [33mdata-size[31m=[32m"sm"[31m
    [33mdata-slot[31m=[32m"button"[31m
    [33mdata-variant[31m=[32m"outline"[31m
    [33mdisabled[31m=[32m""[31m
  [36m/>[31m

  Name "1":
  [36m<button[31m
    [33maria-current[31m=[32m"page"[31m
    [33mclass[31m=[32m"group/button inline-flex shrink-0 items-center justify-center border border-transparent bg-clip-padding font-medium whitespace-nowrap transition-all outline-none select-none focus-visible:border-ring focus-visible:ring-3 focus-visible:ring-ring/50 active:not-aria-[haspopup]:translate-y-px disabled:pointer-events-none disabled:opacity-50 aria-invalid:border-destructive aria-invalid:ring-3 aria-invalid:ring-destructive/20 dark:aria-invalid:border-destructive/50 dark:aria-invalid:ring-destructive/40 [&_svg]:pointer-events-none [&_svg]:shrink-0 bg-primary text-primary-foreground [a]:hover:bg-primary/80 h-7 gap-1 rounded-[min(var(--radius-md),12px)] px-2.5 text-[0.8rem] in-data-[slot=button-group]:rounded-lg has-data-[icon=inline-end]:pr-1.5 has-data-[icon=inline-start]:pl-1.5 [&_svg:not([class*='size-'])]:size-3.5"[31m
    [33mdata-size[31m=[32m"sm"[31m
    [33mdata-slot[31m=[32m"button"[31m
    [33mdata-variant[31m=[32m"default"[31m
  [36m/>[31m

  Name "2":
  [36m<button[31m
    [33mclass[31m=[32m"group/button inline-flex shrink-0 items-center justify-center border bg-clip-padding font-medium whitespace-nowrap transition-all outline-none select-none focus-visible:border-ring focus-visible:ring-3 focus-visible:ring-ring/50 active:not-aria-[haspopup]:translate-y-px disabled:pointer-events-none disabled:opacity-50 aria-invalid:border-destructive aria-invalid:ring-3 aria-invalid:ring-destructive/20 dark:aria-invalid:border-destructive/50 dark:aria-invalid:ring-destructive/40 [&_svg]:pointer-events-none [&_svg]:shrink-0 border-border bg-background hover:bg-muted hover:text-foreground aria-expanded:bg-muted aria-expanded:text-foreground dark:border-input dark:bg-input/30 dark:hover:bg-input/50 h-7 gap-1 rounded-[min(var(--radius-md),12px)] px-2.5 text-[0.8rem] in-data-[slot=button-group]:rounded-lg has-data-[icon=inline-end]:pr-1.5 has-data-[icon=inline-start]:pl-1.5 [&_svg:not([class*='size-'])]:size-3.5"[31m
    [33mdata-size[31m=[32m"sm"[31m
    [33mdata-slot[31m=[32m"button"[31m
    [33mdata-variant[31m=[32m"outline"[31m
  [36m/>[31m

  Name "3":
  [36m<button[31m
    [33mclass[31m=[32m"group/button inline-flex shrink-0 items-center justify-center border bg-clip-padding font-medium whitespace-nowrap transition-all outline-none select-none focus-visible:border-ring focus-visible:ring-3 focus-visible:ring-ring/50 active:not-aria-[haspopup]:translate-y-px disabled:pointer-events-none disabled:opacity-50 aria-invalid:border-destructive aria-invalid:ring-3 aria-invalid:ring-destructive/20 dark:aria-invalid:border-destructive/50 dark:aria-invalid:ring-destructive/40 [&_svg]:pointer-events-none [&_svg]:shrink-0 border-border bg-background hover:bg-muted hover:text-foreground aria-expanded:bg-muted aria-expanded:text-foreground dark:border-input dark:bg-input/30 dark:hover:bg-input/50 h-7 gap-1 rounded-[min(var(--radius-md),12px)] px-2.5 text-[0.8rem] in-data-[slot=button-group]:rounded-lg has-data-[icon=inline-end]:pr-1.5 has-data-[icon=inline-start]:pl-1.5 [&_svg:not([class*='size-'])]:size-3.5"[31m
    [33mdata-size[31m=[32m"sm"[31m
    [33mdata-slot[31m=[32m"button"[31m
    [33mdata-variant[31m=[32m"outline"[31m
  [36m/>[31m

  Name "╨б╨╗╨╡╨┤╤Г╤О╤Й╨░╤П ╤Б╤В╤А╨░╨╜╨╕╤Ж╨░":
  [36m<button[31m
    [33maria-label[31m=[32m"╨б╨╗╨╡╨┤╤Г╤О╤Й╨░╤П ╤Б╤В╤А╨░╨╜╨╕╤Ж╨░"[31m
    [33mclass[31m=[32m"group/button inline-flex shrink-0 items-center justify-center border bg-clip-padding font-medium whitespace-nowrap transition-all outline-none select-none focus-visible:border-ring focus-visible:ring-3 focus-visible:ring-ring/50 active:not-aria-[haspopup]:translate-y-px disabled:pointer-events-none disabled:opacity-50 aria-invalid:border-destructive aria-invalid:ring-3 aria-invalid:ring-destructive/20 dark:aria-invalid:border-destructive/50 dark:aria-invalid:ring-destructive/40 [&_svg]:pointer-events-none [&_svg]:shrink-0 border-border bg-background hover:bg-muted hover:text-foreground aria-expanded:bg-muted aria-expanded:text-foreground dark:border-input dark:bg-input/30 dark:hover:bg-input/50 h-7 gap-1 rounded-[min(var(--radius-md),12px)] px-2.5 text-[0.8rem] in-data-[slot=button-group]:rounded-lg has-data-[icon=inline-end]:pr-1.5 has-data-[icon=inline-start]:pl-1.5 [&_svg:not([class*='size-'])]:size-3.5"[31m
    [33mdata-size[31m=[32m"sm"[31m
    [33mdata-slot[31m=[32m"button"[31m
    [33mdata-variant[31m=[32m"outline"[31m
  [36m/>[31m

  Name "10":
  [36m<button[31m
    [33mclass[31m=[32m"group/button inline-flex shrink-0 items-center justify-center border border-transparent bg-clip-padding font-medium whitespace-nowrap transition-all outline-none select-none focus-visible:border-ring focus-visible:ring-3 focus-visible:ring-ring/50 active:not-aria-[haspopup]:translate-y-px disabled:pointer-events-none disabled:opacity-50 aria-invalid:border-destructive aria-invalid:ring-3 aria-invalid:ring-destructive/20 dark:aria-invalid:border-destructive/50 dark:aria-invalid:ring-destructive/40 [&_svg]:pointer-events-none [&_svg]:shrink-0 bg-primary text-primary-foreground [a]:hover:bg-primary/80 h-7 gap-1 rounded-[min(var(--radius-md),12px)] px-2.5 text-[0.8rem] in-data-[slot=button-group]:rounded-lg has-data-[icon=inline-end]:pr-1.5 has-data-[icon=inline-start]:pl-1.5 [&_svg:not([class*='size-'])]:size-3.5"[31m
    [33mdata-size[31m=[32m"sm"[31m
    [33mdata-slot[31m=[32m"button"[31m
    [33mdata-variant[31m=[32m"default"[31m
  [36m/>[31m

  Name "25":
  [36m<button[31m
    [33mclass[31m=[32m"group/button inline-flex shrink-0 items-center justify-center border bg-clip-padding font-medium whitespace-nowrap transition-all outline-none select-none focus-visible:border-ring focus-visible:ring-3 focus-visible:ring-ring/50 active:not-aria-[haspopup]:translate-y-px disabled:pointer-events-none disabled:opacity-50 aria-invalid:border-destructive aria-invalid:ring-3 aria-invalid:ring-destructive/20 dark:aria-invalid:border-destructive/50 dark:aria-invalid:ring-destructive/40 [&_svg]:pointer-events-none [&_svg]:shrink-0 border-border bg-background hover:bg-muted hover:text-foreground aria-expanded:bg-muted aria-expanded:text-foreground dark:border-input dark:bg-input/30 dark:hover:bg-input/50 h-7 gap-1 rounded-[min(var(--radius-md),12px)] px-2.5 text-[0.8rem] in-data-[slot=button-group]:rounded-lg has-data-[icon=inline-end]:pr-1.5 has-data-[icon=inline-start]:pl-1.5 [&_svg:not([class*='size-'])]:size-3.5"[31m
    [33mdata-size[31m=[32m"sm"[31m
    [33mdata-slot[31m=[32m"button"[31m
    [33mdata-variant[31m=[32m"outline"[31m
  [36m/>[31m

  Name "50":
  [36m<button[31m
    [33mclass[31m=[32m"group/button inline-flex shrink-0 items-center justify-center border bg-clip-padding font-medium whitespace-nowrap transition-all outline-none select-none focus-visible:border-ring focus-visible:ring-3 focus-visible:ring-ring/50 active:not-aria-[haspopup]:translate-y-px disabled:pointer-events-none disabled:opacity-50 aria-invalid:border-destructive aria-invalid:ring-3 aria-invalid:ring-destructive/20 dark:aria-invalid:border-destructive/50 dark:aria-invalid:ring-destructive/40 [&_svg]:pointer-events-none [&_svg]:shrink-0 border-border bg-background hover:bg-muted hover:text-foreground aria-expanded:bg-muted aria-expanded:text-foreground dark:border-input dark:bg-input/30 dark:hover:bg-input/50 h-7 gap-1 rounded-[min(var(--radius-md),12px)] px-2.5 text-[0.8rem] in-data-[slot=button-group]:rounded-lg has-data-[icon=inline-end]:pr-1.5 has-data-[icon=inline-start]:pl-1.5 [&_svg:not([class*='size-'])]:size-3.5"[31m
    [33mdata-size[31m=[32m"sm"[31m
    [33mdata-slot[31m=[32m"button"[31m
    [33mdata-variant[31m=[32m"outline"[31m
  [36m/>[31m

  --------------------------------------------------

Ignored nodes: comments, script, style
[36m<body>[31m
  [36m<div>[31m
    [36m<nav[31m
      [33maria-label[31m=[32m"╨Э╨░╨▓╨╕╨│╨░╤Ж╨╕╤П ╨┐╨╛ ╤Б╤В╤А╨░╨╜╨╕╤Ж╨░╨╝"[31m
      [33mclass[31m=[32m"mt-4"[31m
    [36m>[31m
      [36m<div[31m
        [33mclass[31m=[32m"flex flex-wrap items-center justify-between gap-y-2 gap-x-4"[31m
      [36m>[31m
        [36m<div[31m
          [33maria-label[31m=[32m"╨б╤В╤А╨░╨╜╨╕╤Ж╤Л"[31m
          [33mclass[31m=[32m"flex items-center gap-1"[31m
          [33mrole[31m=[32m"group"[31m
        [36m>[31m
          [36m<button[31m
            [33maria-label[31m=[32m"╨Я╤А╨╡╨┤╤Л╨┤╤Г╤Й╨░╤П ╤Б╤В╤А╨░╨╜╨╕╤Ж╨░"[31m
            [33mclass[31m=[32m"group/button inline-flex shrink-0 items-center justify-center border bg-clip-padding font-medium whitespace-nowrap transition-all outline-none select-none focus-visible:border-ring focus-visible:ring-3 focus-visible:ring-ring/50 active:not-aria-[haspopup]:translate-y-px disabled:pointer-events-none disabled:opacity-50 aria-invalid:border-destructive aria-invalid:ring-3 aria-invalid:ring-destructive/20 dark:aria-invalid:border-destructive/50 dark:aria-invalid:ring-destructive/40 [&_svg]:pointer-events-none [&_svg]:shrink-0 border-border bg-background hover:bg-muted hover:text-foreground aria-expanded:bg-muted aria-expanded:text-foreground dark:border-input dark:bg-input/30 dark:hover:bg-input/50 h-7 gap-1 rounded-[min(var(--radius-md),12px)] px-2.5 text-[0.8rem] in-data-[slot=button-group]:rounded-lg has-data-[icon=inline-end]:pr-1.5 has-data-[icon=inline-start]:pl-1.5 [&_svg:not([class*='size-'])]:size-3.5"[31m
            [33mdata-size[31m=[32m"sm"[31m
            [33mdata-slot[31m=[32m"button"[31m
            [33mdata-variant[31m=[32m"outline"[31m
            [33mdisabled[31m=[32m""[31m
          [36m>[31m
            [0mтЖР Prev[0m
          [36m</button>[31m
          [36m<button[31m
            [33maria-current[31m=[32m"page"[31m
            [33mclass[31m=[32m"group/button inline-flex shrink-0 items-center justify-center border border-transparent bg-clip-padding font-medium whitespace-nowrap transition-all outline-none select-none focus-visible:border-ring focus-visible:ring-3 focus-visible:ring-ring/50 active:not-aria-[haspopup]:translate-y-px disabled:pointer-events-none disabled:opacity-50 aria-invalid:border-destructive aria-invalid:ring-3 aria-invalid:ring-destructive/20 dark:aria-invalid:border-destructive/50 dark:aria-invalid:ring-destructive/40 [&_svg]:pointer-events-none [&_svg]:shrink-0 bg-primary text-primary-foreground [a]:hover:bg-primary/80 h-7 gap-1 rounded-[min(var(--radius-md),12px)] px-2.5 text-[0.8rem] in-data-[slot=button-group]:rounded-lg has-data-[icon=inline-end]:pr-1.5 has-data-[icon=inline-start]:pl-1.5 [&_svg:not([class*='size-'])]:size-3.5"[31m
            [33mdata-size[31m=[32m"sm"[31m
            [33mdata-slot[31m=[32m"button"[31m
            [33mdata-variant[31m=[32m"default"[31m
          [36m>[31m
            [0m1[0m
          [36m</button>[31m
          [36m<button[31m
            [33mclass[31m=[32m"group/button inline-flex shrink-0 items-center justify-center border bg-clip-padding font-medium whitespace-nowrap transition-all outline-none select-none focus-visible:border-ring focus-visible:ring-3 focus-visible:ring-ring/50 active:not-aria-[haspopup]:translate-y-px disabled:pointer-events-none disabled:opacity-50 aria-invalid:border-destructive aria-invalid:ring-3 aria-invalid:ring-destructive/20 dark:aria-invalid:border-destructive/50 dark:aria-invalid:ring-destructive/40 [&_svg]:pointer-events-none [&_svg]:shrink-0 border-border bg-background hover:bg-muted hover:text-foreground aria-expanded:bg-muted aria-expanded:text-foreground dark:border-input dark:bg-input/30 dark:hover:bg-input/50 h-7 gap-1 rounded-[min(var(--radius-md),12px)] px-2.5 text-[0.8rem] in-data-[slot=button-group]:rounded-lg has-data-[icon=inline-end]:pr-1.5 has-data-[icon=inline-start]:pl-1.5 [&_svg:not([class*='size-'])]:size-3.5"[31m
            [33mdata-size[31m=[32m"sm"[31m
            [33mdata-slot[31m=[32m"button"[31m
            [33mdata-variant[31m=[32m"outline"[31m
          [36m>[31m
            [0m2[0m
          [36m</button>[31m
          [36m<button[31m
            [33mclass[31m=[32m"group/button inline-flex shrink-0 items-center justify-center border bg-clip-padding font-medium whitespace-nowrap transition-all outline-none select-none focus-visible:border-ring focus-visible:ring-3 focus-visible:ring-ring/50 active:not-aria-[haspopup]:translate-y-px disabled:pointer-events-none disabled:opacity-50 aria-invalid:border-destructive aria-invalid:ring-3 aria-invalid:ring-destructive/20 dark:aria-invalid:border-destructive/50 dark:aria-invalid:ring-destructive/40 [&_svg]:pointer-events-none [&_svg]:shrink-0 border-border bg-background hover:bg-muted hover:text-foreground aria-expanded:bg-muted aria-expanded:text-foreground dark:border-input dark:bg-input/30 dark:hover:bg-input/50 h-7 gap-1 rounded-[min(var(--radius-md),12px)] px-2.5 text-[0.8rem] in-data-[slot=button-group]:rounded-lg has-data-[icon=inline-end]:pr-1.5 has-data-[icon=inline-start]:pl-1.5 [&_svg:not([class*='size-'])]:size-3.5"[31m
            [33mdata-size[31m=[32m"sm"[31m
            [33mdata-slot[31m=[32m"button"[31m
            [33mdata-variant[31m=[32m"outline"[31m
          [36m>[31m
            [0m3[0m
          [36m</button>[31m
          [36m<button[31m
            [33maria-label[31m=[32m"╨б╨╗╨╡╨┤╤Г╤О╤Й╨░╤П ╤Б╤В╤А╨░╨╜╨╕╤Ж╨░"[31m
            [33mclass[31m=[32m"group/button inline-flex shrink-0 items-center justify-center border bg-clip-padding font-medium whitespace-nowrap transition-all outline-none select-none focus-visible:border-ring focus-visible:ring-3 focus-visible:ring-ring/50 active:not-aria-[haspopup]:translate-y-px disabled:pointer-events-none disabled:opacity-50 aria-invalid:border-destructive aria-invalid:ring-3 aria-invalid:ring-destructive/20 dark:aria-invalid:border-destructive/50 dark:aria-invalid:ring-destructive/40 [&_svg]:pointer-events-none [&_svg]:shrink-0 border-border bg-background hover:bg-muted hover:text-foreground aria-expanded:bg-muted aria-expanded:text-foreground dark:border-input dark:bg-input/30 dark:hover:bg-input/50 h-7 gap-1 rounded-[min(var(--radius-md),12px)] px-2.5 text-[0.8rem] in-data-[slot=button-group]:rounded-lg has-data-[icon=inline-end]:pr-1.5 has-data-[icon=inline-start]:pl-1.5 [&_svg:not([class*='size-'])]:size-3.5"[31m
            [33mdata-size[31m=[32m"sm"[31m
            [33mdata-slot[31m=[32m"button"[31m
            [33mdata-variant[31m=[32m"outline"[31m
          [36m>[31m
            [0mNext тЖТ[0m
          [36m</button>[31m
        [36m</div>[31m
        [36m<div[31m
          [33maria-label[31m=[32m"╨б╤В╤А╨╛╨║ ╨╜╨░ ╤Б╤В╤А╨░╨╜╨╕╤Ж╨╡"[31m
          [33mclass[31m=[32m"flex items-center gap-1.5"[31m
          [33mrole[31m=[32m"group"[31m
        [36m>[31m
          [36m<span[31m
            [33mcla...[39m
node.exe : 
строка:1 знак:1
+ & "C:\Program Files\nodejs/node.exe" "C:\Users\helgd\AppData\Roaming\ ...
+ ~~~~~~~~~~~~~~~~~~~~~~~~~~~~~~~~~~~~~~~~~~~~~~~~~~~~~~~~~~~~~~~~~~~~~
    + CategoryInfo          : NotSpecified: (:String) [], RemoteException
    + FullyQualifiedErrorId : NativeCommandError
 
[31mтОптОптОптОптОптОптОп[39m[1m[41m Failed Tests 6 [49m[22m[31mтОптОптОптОптОптОптОп[39m

[41m[1m FAIL [22m[49m src/components/articles/PaginationBar.test.tsx[2m > [22mPaginationBar тАФ Prev/Next disabled[2m > [22mPrev disabled ╨╜╨░ ╨┐╨╡╤А╨▓╨╛╨╣ 
╤Б╤В╤А╨░╨╜╨╕╤Ж╨╡
[31m[1mTestingLibraryElementError[22m[39m: Unable to find an accessible element with the role "button" and name `/prev/i`

Here are the accessible roles:

  navigation:

  Name "╨Э╨░╨▓╨╕╨│╨░╤Ж╨╕╤П ╨┐╨╛ ╤Б╤В╤А╨░╨╜╨╕╤Ж╨░╨╝":
  [36m<nav[39m
    [33maria-label[39m=[32m"╨Э╨░╨▓╨╕╨│╨░╤Ж╨╕╤П ╨┐╨╛ ╤Б╤В╤А╨░╨╜╨╕╤Ж╨░╨╝"[39m
    [33mclass[39m=[32m"mt-4"[39m
  [36m/>[39m

  --------------------------------------------------
  group:

  Name "╨б╤В╤А╨░╨╜╨╕╤Ж╤Л":
  [36m<div[39m
    [33maria-label[39m=[32m"╨б╤В╤А╨░╨╜╨╕╤Ж╤Л"[39m
    [33mclass[39m=[32m"flex items-center gap-1"[39m
    [33mrole[39m=[32m"group"[39m
  [36m/>[39m

  Name "╨б╤В╤А╨╛╨║ ╨╜╨░ ╤Б╤В╤А╨░╨╜╨╕╤Ж╨╡":
  [36m<div[39m
    [33maria-label[39m=[32m"╨б╤В╤А╨╛╨║ ╨╜╨░ ╤Б╤В╤А╨░╨╜╨╕╤Ж╨╡"[39m
    [33mclass[39m=[32m"flex items-center gap-1.5"[39m
    [33mrole[39m=[32m"group"[39m
  [36m/>[39m

  --------------------------------------------------
  button:

  Name "╨Я╤А╨╡╨┤╤Л╨┤╤Г╤Й╨░╤П ╤Б╤В╤А╨░╨╜╨╕╤Ж╨░":
  [36m<button[39m
    [33maria-label[39m=[32m"╨Я╤А╨╡╨┤╤Л╨┤╤Г╤Й╨░╤П ╤Б╤В╤А╨░╨╜╨╕╤Ж╨░"[39m
    [33mclass[39m=[32m"group/button inline-flex shrink-0 items-center justify-center border bg-clip-padding font-medium whitespace-nowrap transition-all outline-
none select-none focus-visible:border-ring focus-visible:ring-3 focus-visible:ring-ring/50 active:not-aria-[haspopup]:translate-y-px disabled:pointer-events-none di
sabled:opacity-50 aria-invalid:border-destructive aria-invalid:ring-3 aria-invalid:ring-destructive/20 dark:aria-invalid:border-destructive/50 dark:aria-invalid:rin
g-destructive/40 [&_svg]:pointer-events-none [&_svg]:shrink-0 border-border bg-background hover:bg-muted hover:text-foreground aria-expanded:bg-muted aria-expanded:
text-foreground dark:border-input dark:bg-input/30 dark:hover:bg-input/50 h-7 gap-1 rounded-[min(var(--radius-md),12px)] px-2.5 text-[0.8rem] in-data-[slot=button-g
roup]:rounded-lg has-data-[icon=inline-end]:pr-1.5 has-data-[icon=inline-start]:pl-1.5 [&_svg:not([class*='size-'])]:size-3.5"[39m
    [33mdata-size[39m=[32m"sm"[39m
    [33mdata-slot[39m=[32m"button"[39m
    [33mdata-variant[39m=[32m"outline"[39m
    [33mdisabled[39m=[32m""[39m
  [36m/>[39m

  Name "1":
  [36m<button[39m
    [33maria-current[39m=[32m"page"[39m
    [33mclass[39m=[32m"group/button inline-flex shrink-0 items-center justify-center border border-transparent bg-clip-padding font-medium whitespace-nowrap tran
sition-all outline-none select-none focus-visible:border-ring focus-visible:ring-3 focus-visible:ring-ring/50 active:not-aria-[haspopup]:translate-y-px disabled:poi
nter-events-none disabled:opacity-50 aria-invalid:border-destructive aria-invalid:ring-3 aria-invalid:ring-destructive/20 dark:aria-invalid:border-destructive/50 da
rk:aria-invalid:ring-destructive/40 [&_svg]:pointer-events-none [&_svg]:shrink-0 bg-primary text-primary-foreground [a]:hover:bg-primary/80 h-7 gap-1 rounded-[min(v
ar(--radius-md),12px)] px-2.5 text-[0.8rem] in-data-[slot=button-group]:rounded-lg has-data-[icon=inline-end]:pr-1.5 has-data-[icon=inline-start]:pl-1.5 [&_svg:not(
[class*='size-'])]:size-3.5"[39m
    [33mdata-size[39m=[32m"sm"[39m
    [33mdata-slot[39m=[32m"button"[39m
    [33mdata-variant[39m=[32m"default"[39m
  [36m/>[39m

  Name "2":
  [36m<button[39m
    [33mclass[39m=[32m"group/button inline-flex shrink-0 items-center justify-center border bg-clip-padding font-medium whitespace-nowrap transition-all outline-
none select-none focus-visible:border-ring focus-visible:ring-3 focus-visible:ring-ring/50 active:not-aria-[haspopup]:translate-y-px disabled:pointer-events-none di
sabled:opacity-50 aria-invalid:border-destructive aria-invalid:ring-3 aria-invalid:ring-destructive/20 dark:aria-invalid:border-destructive/50 dark:aria-invalid:rin
g-destructive/40 [&_svg]:pointer-events-none [&_svg]:shrink-0 border-border bg-background hover:bg-muted hover:text-foreground aria-expanded:bg-muted aria-expanded:
text-foreground dark:border-input dark:bg-input/30 dark:hover:bg-input/50 h-7 gap-1 rounded-[min(var(--radius-md),12px)] px-2.5 text-[0.8rem] in-data-[slot=button-g
roup]:rounded-lg has-data-[icon=inline-end]:pr-1.5 has-data-[icon=inline-start]:pl-1.5 [&_svg:not([class*='size-'])]:size-3.5"[39m
    [33mdata-size[39m=[32m"sm"[39m
    [33mdata-slot[39m=[32m"button"[39m
    [33mdata-variant[39m=[32m"outline"[39m
  [36m/>[39m

  Name "3":
  [36m<button[39m
    [33mclass[39m=[32m"group/button inline-flex shrink-0 items-center justify-center border bg-clip-padding font-medium whitespace-nowrap transition-all outline-
none select-none focus-visible:border-ring focus-visible:ring-3 focus-visible:ring-ring/50 active:not-aria-[haspopup]:translate-y-px disabled:pointer-events-none di
sabled:opacity-50 aria-invalid:border-destructive aria-invalid:ring-3 aria-invalid:ring-destructive/20 dark:aria-invalid:border-destructive/50 dark:aria-invalid:rin
g-destructive/40 [&_svg]:pointer-events-none [&_svg]:shrink-0 border-border bg-background hover:bg-muted hover:text-foreground aria-expanded:bg-muted aria-expanded:
text-foreground dark:border-input dark:bg-input/30 dark:hover:bg-input/50 h-7 gap-1 rounded-[min(var(--radius-md),12px)] px-2.5 text-[0.8rem] in-data-[slot=button-g
roup]:rounded-lg has-data-[icon=inline-end]:pr-1.5 has-data-[icon=inline-start]:pl-1.5 [&_svg:not([class*='size-'])]:size-3.5"[39m
    [33mdata-size[39m=[32m"sm"[39m
    [33mdata-slot[39m=[32m"button"[39m
    [33mdata-variant[39m=[32m"outline"[39m
  [36m/>[39m

  Name "╨б╨╗╨╡╨┤╤Г╤О╤Й╨░╤П ╤Б╤В╤А╨░╨╜╨╕╤Ж╨░":
  [36m<button[39m
    [33maria-label[39m=[32m"╨б╨╗╨╡╨┤╤Г╤О╤Й╨░╤П ╤Б╤В╤А╨░╨╜╨╕╤Ж╨░"[39m
    [33mclass[39m=[32m"group/button inline-flex shrink-0 items-center justify-center border bg-clip-padding font-medium whitespace-nowrap transition-all outline-
none select-none focus-visible:border-ring focus-visible:ring-3 focus-visible:ring-ring/50 active:not-aria-[haspopup]:translate-y-px disabled:pointer-events-none di
sabled:opacity-50 aria-invalid:border-destructive aria-invalid:ring-3 aria-invalid:ring-destructive/20 dark:aria-invalid:border-destructive/50 dark:aria-invalid:rin
g-destructive/40 [&_svg]:pointer-events-none [&_svg]:shrink-0 border-border bg-background hover:bg-muted hover:text-foreground aria-expanded:bg-muted aria-expanded:
text-foreground dark:border-input dark:bg-input/30 dark:hover:bg-input/50 h-7 gap-1 rounded-[min(var(--radius-md),12px)] px-2.5 text-[0.8rem] in-data-[slot=button-g
roup]:rounded-lg has-data-[icon=inline-end]:pr-1.5 has-data-[icon=inline-start]:pl-1.5 [&_svg:not([class*='size-'])]:size-3.5"[39m
    [33mdata-size[39m=[32m"sm"[39m
    [33mdata-slot[39m=[32m"button"[39m
    [33mdata-variant[39m=[32m"outline"[39m
  [36m/>[39m

  Name "10":
  [36m<button[39m
    [33mclass[39m=[32m"group/button inline-flex shrink-0 items-center justify-center border border-transparent bg-clip-padding font-medium whitespace-nowrap tran
sition-all outline-none select-none focus-visible:border-ring focus-visible:ring-3 focus-visible:ring-ring/50 active:not-aria-[haspopup]:translate-y-px disabled:poi
nter-events-none disabled:opacity-50 aria-invalid:border-destructive aria-invalid:ring-3 aria-invalid:ring-destructive/20 dark:aria-invalid:border-destructive/50 da
rk:aria-invalid:ring-destructive/40 [&_svg]:pointer-events-none [&_svg]:shrink-0 bg-primary text-primary-foreground [a]:hover:bg-primary/80 h-7 gap-1 rounded-[min(v
ar(--radius-md),12px)] px-2.5 text-[0.8rem] in-data-[slot=button-group]:rounded-lg has-data-[icon=inline-end]:pr-1.5 has-data-[icon=inline-start]:pl-1.5 [&_svg:not(
[class*='size-'])]:size-3.5"[39m
    [33mdata-size[39m=[32m"sm"[39m
    [33mdata-slot[39m=[32m"button"[39m
    [33mdata-variant[39m=[32m"default"[39m
  [36m/>[39m

  Name "25":
  [36m<button[39m
    [33mclass[39m=[32m"group/button inline-flex shrink-0 items-center justify-center border bg-clip-padding font-medium whitespace-nowrap transition-all outline-
none select-none focus-visible:border-ring focus-visible:ring-3 focus-visible:ring-ring/50 active:not-aria-[haspopup]:translate-y-px disabled:pointer-events-none di
sabled:opacity-50 aria-invalid:border-destructive aria-invalid:ring-3 aria-invalid:ring-destructive/20 dark:aria-invalid:border-destructive/50 dark:aria-invalid:rin
g-destructive/40 [&_svg]:pointer-events-none [&_svg]:shrink-0 border-border bg-background hover:bg-muted hover:text-foreground aria-expanded:bg-muted aria-expanded:
text-foreground dark:border-input dark:bg-input/30 dark:hover:bg-input/50 h-7 gap-1 rounded-[min(var(--radius-md),12px)] px-2.5 text-[0.8rem] in-data-[slot=button-g
roup]:rounded-lg has-data-[icon=inline-end]:pr-1.5 has-data-[icon=inline-start]:pl-1.5 [&_svg:not([class*='size-'])]:size-3.5"[39m
    [33mdata-size[39m=[32m"sm"[39m
    [33mdata-slot[39m=[32m"button"[39m
    [33mdata-variant[39m=[32m"outline"[39m
  [36m/>[39m

  Name "50":
  [36m<button[39m
    [33mclass[39m=[32m"group/button inline-flex shrink-0 items-center justify-center border bg-clip-padding font-medium whitespace-nowrap transition-all outline-
none select-none focus-visible:border-ring focus-visible:ring-3 focus-visible:ring-ring/50 active:not-aria-[haspopup]:translate-y-px disabled:pointer-events-none di
sabled:opacity-50 aria-invalid:border-destructive aria-invalid:ring-3 aria-invalid:ring-destructive/20 dark:aria-invalid:border-destructive/50 dark:aria-invalid:rin
g-destructive/40 [&_svg]:pointer-events-none [&_svg]:shrink-0 border-border bg-background hover:bg-muted hover:text-foreground aria-expanded:bg-muted aria-expanded:
text-foreground dark:border-input dark:bg-input/30 dark:hover:bg-input/50 h-7 gap-1 rounded-[min(var(--radius-md),12px)] px-2.5 text-[0.8rem] in-data-[slot=button-g
roup]:rounded-lg has-data-[icon=inline-end]:pr-1.5 has-data-[icon=inline-start]:pl-1.5 [&_svg:not([class*='size-'])]:size-3.5"[39m
    [33mdata-size[39m=[32m"sm"[39m
    [33mdata-slot[39m=[32m"button"[39m
    [33mdata-variant[39m=[32m"outline"[39m
  [36m/>[39m

  --------------------------------------------------

Ignored nodes: comments, script, style
[36m<body>[39m
  [36m<div>[39m
    [36m<nav[39m
      [33maria-label[39m=[32m"╨Э╨░╨▓╨╕╨│╨░╤Ж╨╕╤П ╨┐╨╛ ╤Б╤В╤А╨░╨╜╨╕╤Ж╨░╨╝"[39m
      [33mclass[39m=[32m"mt-4"[39m
    [36m>[39m
      [36m<div[39m
        [33mclass[39m=[32m"flex flex-wrap items-center justify-between gap-y-2 gap-x-4"[39m
      [36m>[39m
        [36m<div[39m
          [33maria-label[39m=[32m"╨б╤В╤А╨░╨╜╨╕╤Ж╤Л"[39m
          [33mclass[39m=[32m"flex items-center gap-1"[39m
          [33mrole[39m=[32m"group"[39m
        [36m>[39m
          [36m<button[39m
            [33maria-label[39m=[32m"╨Я╤А╨╡╨┤╤Л╨┤╤Г╤Й╨░╤П ╤Б╤В╤А╨░╨╜╨╕╤Ж╨░"[39m
            [33mclass[39m=[32m"group/button inline-flex shrink-0 items-center justify-center border bg-clip-padding font-medium whitespace-nowrap transition-all 
outline-none select-none focus-visible:border-ring focus-visible:ring-3 focus-visible:ring-ring/50 active:not-aria-[haspopup]:translate-y-px disabled:pointer-events
-none disabled:opacity-50 aria-invalid:border-destructive aria-invalid:ring-3 aria-invalid:ring-destructive/20 dark:aria-invalid:border-destructive/50 dark:aria-inv
alid:ring-destructive/40 [&_svg]:pointer-events-none [&_svg]:shrink-0 border-border bg-background hover:bg-muted hover:text-foreground aria-expanded:bg-muted aria-e
xpanded:text-foreground dark:border-input dark:bg-input/30 dark:hover:bg-input/50 h-7 gap-1 rounded-[min(var(--radius-md),12px)] px-2.5 text-[0.8rem] in-data-[slot=
button-group]:rounded-lg has-data-[icon=inline-end]:pr-1.5 has-data-[icon=inline-start]:pl-1.5 [&_svg:not([class*='size-'])]:size-3.5"[39m
            [33mdata-size[39m=[32m"sm"[39m
            [33mdata-slot[39m=[32m"button"[39m
            [33mdata-variant[39m=[32m"outline"[39m
            [33mdisabled[39m=[32m""[39m
          [36m>[39m
            [0mтЖР Prev[0m
          [36m</button>[39m
          [36m<button[39m
            [33maria-current[39m=[32m"page"[39m
            [33mclass[39m=[32m"group/button inline-flex shrink-0 items-center justify-center border border-transparent bg-clip-padding font-medium whitespace-now
rap transition-all outline-none select-none focus-visible:border-ring focus-visible:ring-3 focus-visible:ring-ring/50 active:not-aria-[haspopup]:translate-y-px disa
bled:pointer-events-none disabled:opacity-50 aria-invalid:border-destructive aria-invalid:ring-3 aria-invalid:ring-destructive/20 dark:aria-invalid:border-destructi
ve/50 dark:aria-invalid:ring-destructive/40 [&_svg]:pointer-events-none [&_svg]:shrink-0 bg-primary text-primary-foreground [a]:hover:bg-primary/80 h-7 gap-1 rounde
d-[min(var(--radius-md),12px)] px-2.5 text-[0.8rem] in-data-[slot=button-group]:rounded-lg has-data-[icon=inline-end]:pr-1.5 has-data-[icon=inline-start]:pl-1.5 [&_
svg:not([class*='size-'])]:size-3.5"[39m
            [33mdata-size[39m=[32m"sm"[39m
            [33mdata-slot[39m=[32m"button"[39m
            [33mdata-variant[39m=[32m"default"[39m
          [36m>[39m
            [0m1[0m
          [36m</button>[39m
          [36m<button[39m
            [33mclass[39m=[32m"group/button inline-flex shrink-0 items-center justify-center border bg-clip-padding font-medium whitespace-nowrap transition-all 
outline-none select-none focus-visible:border-ring focus-visible:ring-3 focus-visible:ring-ring/50 active:not-aria-[haspopup]:translate-y-px disabled:pointer-events
-none disabled:opacity-50 aria-invalid:border-destructive aria-invalid:ring-3 aria-invalid:ring-destructive/20 dark:aria-invalid:border-destructive/50 dark:aria-inv
alid:ring-destructive/40 [&_svg]:pointer-events-none [&_svg]:shrink-0 border-border bg-background hover:bg-muted hover:text-foreground aria-expanded:bg-muted aria-e
xpanded:text-foreground dark:border-input dark:bg-input/30 dark:hover:bg-input/50 h-7 gap-1 rounded-[min(var(--radius-md),12px)] px-2.5 text-[0.8rem] in-data-[slot=
button-group]:rounded-lg has-data-[icon=inline-end]:pr-1.5 has-data-[icon=inline-start]:pl-1.5 [&_svg:not([class*='size-'])]:size-3.5"[39m
            [33mdata-size[39m=[32m"sm"[39m
            [33mdata-slot[39m=[32m"button"[39m
            [33mdata-variant[39m=[32m"outline"[39m
          [36m>[39m
            [0m2[0m
          [36m</button>[39m
          [36m<button[39m
            [33mclass[39m=[32m"group/button inline-flex shrink-0 items-center justify-center border bg-clip-padding font-medium whitespace-nowrap transition-all 
outline-none select-none focus-visible:border-ring focus-visible:ring-3 focus-visible:ring-ring/50 active:not-aria-[haspopup]:translate-y-px disabled:pointer-events
-none disabled:opacity-50 aria-invalid:border-destructive aria-invalid:ring-3 aria-invalid:ring-destructive/20 dark:aria-invalid:border-destructive/50 dark:aria-inv
alid:ring-destructive/40 [&_svg]:pointer-events-none [&_svg]:shrink-0 border-border bg-background hover:bg-muted hover:text-foreground aria-expanded:bg-muted aria-e
xpanded:text-foreground dark:border-input dark:bg-input/30 dark:hover:bg-input/50 h-7 gap-1 rounded-[min(var(--radius-md),12px)] px-2.5 text-[0.8rem] in-data-[slot=
button-group]:rounded-lg has-data-[icon=inline-end]:pr-1.5 has-data-[icon=inline-start]:pl-1.5 [&_svg:not([class*='size-'])]:size-3.5"[39m
            [33mdata-size[39m=[32m"sm"[39m
            [33mdata-slot[39m=[32m"button"[39m
            [33mdata-variant[39m=[32m"outline"[39m
          [36m>[39m
            [0m3[0m
          [36m</button>[39m
          [36m<button[39m
            [33maria-label[39m=[32m"╨б╨╗╨╡╨┤╤Г╤О╤Й╨░╤П ╤Б╤В╤А╨░╨╜╨╕╤Ж╨░"[39m
            [33mclass[39m=[32m"group/button inline-flex shrink-0 items-center justify-center border bg-clip-padding font-medium whitespace-nowrap transition-all 
outline-none select-none focus-visible:border-ring focus-visible:ring-3 focus-visible:ring-ring/50 active:not-aria-[haspopup]:translate-y-px disabled:pointer-events
-none disabled:opacity-50 aria-invalid:border-destructive aria-invalid:ring-3 aria-invalid:ring-destructive/20 dark:aria-invalid:border-destructive/50 dark:aria-inv
alid:ring-destructive/40 [&_svg]:pointer-events-none [&_svg]:shrink-0 border-border bg-background hover:bg-muted hover:text-foreground aria-expanded:bg-muted aria-e
xpanded:text-foreground dark:border-input dark:bg-input/30 dark:hover:bg-input/50 h-7 gap-1 rounded-[min(var(--radius-md),12px)] px-2.5 text-[0.8rem] in-data-[slot=
button-group]:rounded-lg has-data-[icon=inline-end]:pr-1.5 has-data-[icon=inline-start]:pl-1.5 [&_svg:not([class*='size-'])]:size-3.5"[39m
            [33mdata-size[39m=[32m"sm"[39m
            [33mdata-slot[39m=[32m"button"[39m
            [33mdata-variant[39m=[32m"outline"[39m
          [36m>[39m
            [0mNext тЖТ[0m
          [36m</button>[39m
        [36m</div>[39m
        [36m<div[39m
          [33maria-label[39m=[32m"╨б╤В╤А╨╛╨║ ╨╜╨░ ╤Б╤В╤А╨░╨╜╨╕╤Ж╨╡"[39m
          [33mclass[39m=[32m"flex items-center gap-1.5"[39m
          [33mrole[39m=[32m"group"[39m
        [36m>[39m
          [36m<span[39m
            [33mcla...
[90m [2mтЭп[22m Object.getElementError node_modules/@testing-library/dom/dist/config.js:[2m37:19[22m[39m
[90m [2mтЭп[22m node_modules/@testing-library/dom/dist/query-helpers.js:[2m76:38[22m[39m
[90m [2mтЭп[22m node_modules/@testing-library/dom/dist/query-helpers.js:[2m52:17[22m[39m
[90m [2mтЭп[22m node_modules/@testing-library/dom/dist/query-helpers.js:[2m95:19[22m[39m
[36m [2mтЭп[22m src/components/articles/PaginationBar.test.tsx:[2m42:19[22m[39m
    [90m 40|[39m   [34mit[39m([32m'Prev disabled ╨╜╨░ ╨┐╨╡╤А╨▓╨╛╨╣ ╤Б╤В╤А╨░╨╜╨╕╤Ж╨╡'[39m[33m,[39m () [33m=>[39m {
    [90m 41|[39m     [34mrender[39m([33m<[39m[33mPaginationBar[39m [33m{[39m[33m...[39mdefaults[33m}[39m [33mpage[39m[33m=[39m[33m{[39m[34m1[3
9m[33m}[39m [33m/[39m[33m>[39m)[33m;[39m
    [90m 42|[39m     expect(screen.getByRole('button', { name: /prev/i })).toBeDisabledтАж
    [90m   |[39m                   [31m^[39m
    [90m 43|[39m   })[33m;[39m
    [90m 44|[39m

[31m[2mтОптОптОптОптОптОптОптОптОптОптОптОптОптОптОптОптОптОптОптОптОптОптОптОп[1/6]тОп[22m[39m

[41m[1m FAIL [22m[49m src/components/articles/PaginationBar.test.tsx[2m > [22mPaginationBar тАФ Prev/Next disabled[2m > [22mNext disabled ╨╜╨░ ╨┐╨╛╤Б╨╗╨╡╨┤╨
╜╨╡╨╣ ╤Б╤В╤А╨░╨╜╨╕╤Ж╨╡ (page=3, total=25, size=10)
[31m[1mTestingLibraryElementError[22m[39m: Unable to find an accessible element with the role "button" and name `/next/i`

Here are the accessible roles:

  navigation:

  Name "╨Э╨░╨▓╨╕╨│╨░╤Ж╨╕╤П ╨┐╨╛ ╤Б╤В╤А╨░╨╜╨╕╤Ж╨░╨╝":
  [36m<nav[39m
    [33maria-label[39m=[32m"╨Э╨░╨▓╨╕╨│╨░╤Ж╨╕╤П ╨┐╨╛ ╤Б╤В╤А╨░╨╜╨╕╤Ж╨░╨╝"[39m
    [33mclass[39m=[32m"mt-4"[39m
  [36m/>[39m

  --------------------------------------------------
  group:

  Name "╨б╤В╤А╨░╨╜╨╕╤Ж╤Л":
  [36m<div[39m
    [33maria-label[39m=[32m"╨б╤В╤А╨░╨╜╨╕╤Ж╤Л"[39m
    [33mclass[39m=[32m"flex items-center gap-1"[39m
    [33mrole[39m=[32m"group"[39m
  [36m/>[39m

  Name "╨б╤В╤А╨╛╨║ ╨╜╨░ ╤Б╤В╤А╨░╨╜╨╕╤Ж╨╡":
  [36m<div[39m
    [33maria-label[39m=[32m"╨б╤В╤А╨╛╨║ ╨╜╨░ ╤Б╤В╤А╨░╨╜╨╕╤Ж╨╡"[39m
    [33mclass[39m=[32m"flex items-center gap-1.5"[39m
    [33mrole[39m=[32m"group"[39m
  [36m/>[39m

  --------------------------------------------------
  button:

  Name "╨Я╤А╨╡╨┤╤Л╨┤╤Г╤Й╨░╤П ╤Б╤В╤А╨░╨╜╨╕╤Ж╨░":
  [36m<button[39m
    [33maria-label[39m=[32m"╨Я╤А╨╡╨┤╤Л╨┤╤Г╤Й╨░╤П ╤Б╤В╤А╨░╨╜╨╕╤Ж╨░"[39m
    [33mclass[39m=[32m"group/button inline-flex shrink-0 items-center justify-center border bg-clip-padding font-medium whitespace-nowrap transition-all outline-
none select-none focus-visible:border-ring focus-visible:ring-3 focus-visible:ring-ring/50 active:not-aria-[haspopup]:translate-y-px disabled:pointer-events-none di
sabled:opacity-50 aria-invalid:border-destructive aria-invalid:ring-3 aria-invalid:ring-destructive/20 dark:aria-invalid:border-destructive/50 dark:aria-invalid:rin
g-destructive/40 [&_svg]:pointer-events-none [&_svg]:shrink-0 border-border bg-background hover:bg-muted hover:text-foreground aria-expanded:bg-muted aria-expanded:
text-foreground dark:border-input dark:bg-input/30 dark:hover:bg-input/50 h-7 gap-1 rounded-[min(var(--radius-md),12px)] px-2.5 text-[0.8rem] in-data-[slot=button-g
roup]:rounded-lg has-data-[icon=inline-end]:pr-1.5 has-data-[icon=inline-start]:pl-1.5 [&_svg:not([class*='size-'])]:size-3.5"[39m
    [33mdata-size[39m=[32m"sm"[39m
    [33mdata-slot[39m=[32m"button"[39m
    [33mdata-variant[39m=[32m"outline"[39m
  [36m/>[39m

  Name "1":
  [36m<button[39m
    [33mclass[39m=[32m"group/button inline-flex shrink-0 items-center justify-center border bg-clip-padding font-medium whitespace-nowrap transition-all outline-
none select-none focus-visible:border-ring focus-visible:ring-3 focus-visible:ring-ring/50 active:not-aria-[haspopup]:translate-y-px disabled:pointer-events-none di
sabled:opacity-50 aria-invalid:border-destructive aria-invalid:ring-3 aria-invalid:ring-destructive/20 dark:aria-invalid:border-destructive/50 dark:aria-invalid:rin
g-destructive/40 [&_svg]:pointer-events-none [&_svg]:shrink-0 border-border bg-background hover:bg-muted hover:text-foreground aria-expanded:bg-muted aria-expanded:
text-foreground dark:border-input dark:bg-input/30 dark:hover:bg-input/50 h-7 gap-1 rounded-[min(var(--radius-md),12px)] px-2.5 text-[0.8rem] in-data-[slot=button-g
roup]:rounded-lg has-data-[icon=inline-end]:pr-1.5 has-data-[icon=inline-start]:pl-1.5 [&_svg:not([class*='size-'])]:size-3.5"[39m
    [33mdata-size[39m=[32m"sm"[39m
    [33mdata-slot[39m=[32m"button"[39m
    [33mdata-variant[39m=[32m"outline"[39m
  [36m/>[39m

  Name "2":
  [36m<button[39m
    [33mclass[39m=[32m"group/button inline-flex shrink-0 items-center justify-center border bg-clip-padding font-medium whitespace-nowrap transition-all outline-
none select-none focus-visible:border-ring focus-visible:ring-3 focus-visible:ring-ring/50 active:not-aria-[haspopup]:translate-y-px disabled:pointer-events-none di
sabled:opacity-50 aria-invalid:border-destructive aria-invalid:ring-3 aria-invalid:ring-destructive/20 dark:aria-invalid:border-destructive/50 dark:aria-invalid:rin
g-destructive/40 [&_svg]:pointer-events-none [&_svg]:shrink-0 border-border bg-background hover:bg-muted hover:text-foreground aria-expanded:bg-muted aria-expanded:
text-foreground dark:border-input dark:bg-input/30 dark:hover:bg-input/50 h-7 gap-1 rounded-[min(var(--radius-md),12px)] px-2.5 text-[0.8rem] in-data-[slot=button-g
roup]:rounded-lg has-data-[icon=inline-end]:pr-1.5 has-data-[icon=inline-start]:pl-1.5 [&_svg:not([class*='size-'])]:size-3.5"[39m
    [33mdata-size[39m=[32m"sm"[39m
    [33mdata-slot[39m=[32m"button"[39m
    [33mdata-variant[39m=[32m"outline"[39m
  [36m/>[39m

  Name "3":
  [36m<button[39m
    [33maria-current[39m=[32m"page"[39m
    [33mclass[39m=[32m"group/button inline-flex shrink-0 items-center justify-center border border-transparent bg-clip-padding font-medium whitespace-nowrap tran
sition-all outline-none select-none focus-visible:border-ring focus-visible:ring-3 focus-visible:ring-ring/50 active:not-aria-[haspopup]:translate-y-px disabled:poi
nter-events-none disabled:opacity-50 aria-invalid:border-destructive aria-invalid:ring-3 aria-invalid:ring-destructive/20 dark:aria-invalid:border-destructive/50 da
rk:aria-invalid:ring-destructive/40 [&_svg]:pointer-events-none [&_svg]:shrink-0 bg-primary text-primary-foreground [a]:hover:bg-primary/80 h-7 gap-1 rounded-[min(v
ar(--radius-md),12px)] px-2.5 text-[0.8rem] in-data-[slot=button-group]:rounded-lg has-data-[icon=inline-end]:pr-1.5 has-data-[icon=inline-start]:pl-1.5 [&_svg:not(
[class*='size-'])]:size-3.5"[39m
    [33mdata-size[39m=[32m"sm"[39m
    [33mdata-slot[39m=[32m"button"[39m
    [33mdata-variant[39m=[32m"default"[39m
  [36m/>[39m

  Name "╨б╨╗╨╡╨┤╤Г╤О╤Й╨░╤П ╤Б╤В╤А╨░╨╜╨╕╤Ж╨░":
  [36m<button[39m
    [33maria-label[39m=[32m"╨б╨╗╨╡╨┤╤Г╤О╤Й╨░╤П ╤Б╤В╤А╨░╨╜╨╕╤Ж╨░"[39m
    [33mclass[39m=[32m"group/button inline-flex shrink-0 items-center justify-center border bg-clip-padding font-medium whitespace-nowrap transition-all outline-
none select-none focus-visible:border-ring focus-visible:ring-3 focus-visible:ring-ring/50 active:not-aria-[haspopup]:translate-y-px disabled:pointer-events-none di
sabled:opacity-50 aria-invalid:border-destructive aria-invalid:ring-3 aria-invalid:ring-destructive/20 dark:aria-invalid:border-destructive/50 dark:aria-invalid:rin
g-destructive/40 [&_svg]:pointer-events-none [&_svg]:shrink-0 border-border bg-background hover:bg-muted hover:text-foreground aria-expanded:bg-muted aria-expanded:
text-foreground dark:border-input dark:bg-input/30 dark:hover:bg-input/50 h-7 gap-1 rounded-[min(var(--radius-md),12px)] px-2.5 text-[0.8rem] in-data-[slot=button-g
roup]:rounded-lg has-data-[icon=inline-end]:pr-1.5 has-data-[icon=inline-start]:pl-1.5 [&_svg:not([class*='size-'])]:size-3.5"[39m
    [33mdata-size[39m=[32m"sm"[39m
    [33mdata-slot[39m=[32m"button"[39m
    [33mdata-variant[39m=[32m"outline"[39m
    [33mdisabled[39m=[32m""[39m
  [36m/>[39m

  Name "10":
  [36m<button[39m
    [33mclass[39m=[32m"group/button inline-flex shrink-0 items-center justify-center border border-transparent bg-clip-padding font-medium whitespace-nowrap tran
sition-all outline-none select-none focus-visible:border-ring focus-visible:ring-3 focus-visible:ring-ring/50 active:not-aria-[haspopup]:translate-y-px disabled:poi
nter-events-none disabled:opacity-50 aria-invalid:border-destructive aria-invalid:ring-3 aria-invalid:ring-destructive/20 dark:aria-invalid:border-destructive/50 da
rk:aria-invalid:ring-destructive/40 [&_svg]:pointer-events-none [&_svg]:shrink-0 bg-primary text-primary-foreground [a]:hover:bg-primary/80 h-7 gap-1 rounded-[min(v
ar(--radius-md),12px)] px-2.5 text-[0.8rem] in-data-[slot=button-group]:rounded-lg has-data-[icon=inline-end]:pr-1.5 has-data-[icon=inline-start]:pl-1.5 [&_svg:not(
[class*='size-'])]:size-3.5"[39m
    [33mdata-size[39m=[32m"sm"[39m
    [33mdata-slot[39m=[32m"button"[39m
    [33mdata-variant[39m=[32m"default"[39m
  [36m/>[39m

  Name "25":
  [36m<button[39m
    [33mclass[39m=[32m"group/button inline-flex shrink-0 items-center justify-center border bg-clip-padding font-medium whitespace-nowrap transition-all outline-
none select-none focus-visible:border-ring focus-visible:ring-3 focus-visible:ring-ring/50 active:not-aria-[haspopup]:translate-y-px disabled:pointer-events-none di
sabled:opacity-50 aria-invalid:border-destructive aria-invalid:ring-3 aria-invalid:ring-destructive/20 dark:aria-invalid:border-destructive/50 dark:aria-invalid:rin
g-destructive/40 [&_svg]:pointer-events-none [&_svg]:shrink-0 border-border bg-background hover:bg-muted hover:text-foreground aria-expanded:bg-muted aria-expanded:
text-foreground dark:border-input dark:bg-input/30 dark:hover:bg-input/50 h-7 gap-1 rounded-[min(var(--radius-md),12px)] px-2.5 text-[0.8rem] in-data-[slot=button-g
roup]:rounded-lg has-data-[icon=inline-end]:pr-1.5 has-data-[icon=inline-start]:pl-1.5 [&_svg:not([class*='size-'])]:size-3.5"[39m
    [33mdata-size[39m=[32m"sm"[39m
    [33mdata-slot[39m=[32m"button"[39m
    [33mdata-variant[39m=[32m"outline"[39m
  [36m/>[39m

  Name "50":
  [36m<button[39m
    [33mclass[39m=[32m"group/button inline-flex shrink-0 items-center justify-center border bg-clip-padding font-medium whitespace-nowrap transition-all outline-
none select-none focus-visible:border-ring focus-visible:ring-3 focus-visible:ring-ring/50 active:not-aria-[haspopup]:translate-y-px disabled:pointer-events-none di
sabled:opacity-50 aria-invalid:border-destructive aria-invalid:ring-3 aria-invalid:ring-destructive/20 dark:aria-invalid:border-destructive/50 dark:aria-invalid:rin
g-destructive/40 [&_svg]:pointer-events-none [&_svg]:shrink-0 border-border bg-background hover:bg-muted hover:text-foreground aria-expanded:bg-muted aria-expanded:
text-foreground dark:border-input dark:bg-input/30 dark:hover:bg-input/50 h-7 gap-1 rounded-[min(var(--radius-md),12px)] px-2.5 text-[0.8rem] in-data-[slot=button-g
roup]:rounded-lg has-data-[icon=inline-end]:pr-1.5 has-data-[icon=inline-start]:pl-1.5 [&_svg:not([class*='size-'])]:size-3.5"[39m
    [33mdata-size[39m=[32m"sm"[39m
    [33mdata-slot[39m=[32m"button"[39m
    [33mdata-variant[39m=[32m"outline"[39m
  [36m/>[39m

  --------------------------------------------------

Ignored nodes: comments, script, style
[36m<body>[39m
  [36m<div>[39m
    [36m<nav[39m
      [33maria-label[39m=[32m"╨Э╨░╨▓╨╕╨│╨░╤Ж╨╕╤П ╨┐╨╛ ╤Б╤В╤А╨░╨╜╨╕╤Ж╨░╨╝"[39m
      [33mclass[39m=[32m"mt-4"[39m
    [36m>[39m
      [36m<div[39m
        [33mclass[39m=[32m"flex flex-wrap items-center justify-between gap-y-2 gap-x-4"[39m
      [36m>[39m
        [36m<div[39m
          [33maria-label[39m=[32m"╨б╤В╤А╨░╨╜╨╕╤Ж╤Л"[39m
          [33mclass[39m=[32m"flex items-center gap-1"[39m
          [33mrole[39m=[32m"group"[39m
        [36m>[39m
          [36m<button[39m
            [33maria-label[39m=[32m"╨Я╤А╨╡╨┤╤Л╨┤╤Г╤Й╨░╤П ╤Б╤В╤А╨░╨╜╨╕╤Ж╨░"[39m
            [33mclass[39m=[32m"group/button inline-flex shrink-0 items-center justify-center border bg-clip-padding font-medium whitespace-nowrap transition-all 
outline-none select-none focus-visible:border-ring focus-visible:ring-3 focus-visible:ring-ring/50 active:not-aria-[haspopup]:translate-y-px disabled:pointer-events
-none disabled:opacity-50 aria-invalid:border-destructive aria-invalid:ring-3 aria-invalid:ring-destructive/20 dark:aria-invalid:border-destructive/50 dark:aria-inv
alid:ring-destructive/40 [&_svg]:pointer-events-none [&_svg]:shrink-0 border-border bg-background hover:bg-muted hover:text-foreground aria-expanded:bg-muted aria-e
xpanded:text-foreground dark:border-input dark:bg-input/30 dark:hover:bg-input/50 h-7 gap-1 rounded-[min(var(--radius-md),12px)] px-2.5 text-[0.8rem] in-data-[slot=
button-group]:rounded-lg has-data-[icon=inline-end]:pr-1.5 has-data-[icon=inline-start]:pl-1.5 [&_svg:not([class*='size-'])]:size-3.5"[39m
            [33mdata-size[39m=[32m"sm"[39m
            [33mdata-slot[39m=[32m"button"[39m
            [33mdata-variant[39m=[32m"outline"[39m
          [36m>[39m
            [0mтЖР Prev[0m
          [36m</button>[39m
          [36m<button[39m
            [33mclass[39m=[32m"group/button inline-flex shrink-0 items-center justify-center border bg-clip-padding font-medium whitespace-nowrap transition-all 
outline-none select-none focus-visible:border-ring focus-visible:ring-3 focus-visible:ring-ring/50 active:not-aria-[haspopup]:translate-y-px disabled:pointer-events
-none disabled:opacity-50 aria-invalid:border-destructive aria-invalid:ring-3 aria-invalid:ring-destructive/20 dark:aria-invalid:border-destructive/50 dark:aria-inv
alid:ring-destructive/40 [&_svg]:pointer-events-none [&_svg]:shrink-0 border-border bg-background hover:bg-muted hover:text-foreground aria-expanded:bg-muted aria-e
xpanded:text-foreground dark:border-input dark:bg-input/30 dark:hover:bg-input/50 h-7 gap-1 rounded-[min(var(--radius-md),12px)] px-2.5 text-[0.8rem] in-data-[slot=
button-group]:rounded-lg has-data-[icon=inline-end]:pr-1.5 has-data-[icon=inline-start]:pl-1.5 [&_svg:not([class*='size-'])]:size-3.5"[39m
            [33mdata-size[39m=[32m"sm"[39m
            [33mdata-slot[39m=[32m"button"[39m
            [33mdata-variant[39m=[32m"outline"[39m
          [36m>[39m
            [0m1[0m
          [36m</button>[39m
          [36m<button[39m
            [33mclass[39m=[32m"group/button inline-flex shrink-0 items-center justify-center border bg-clip-padding font-medium whitespace-nowrap transition-all 
outline-none select-none focus-visible:border-ring focus-visible:ring-3 focus-visible:ring-ring/50 active:not-aria-[haspopup]:translate-y-px disabled:pointer-events
-none disabled:opacity-50 aria-invalid:border-destructive aria-invalid:ring-3 aria-invalid:ring-destructive/20 dark:aria-invalid:border-destructive/50 dark:aria-inv
alid:ring-destructive/40 [&_svg]:pointer-events-none [&_svg]:shrink-0 border-border bg-background hover:bg-muted hover:text-foreground aria-expanded:bg-muted aria-e
xpanded:text-foreground dark:border-input dark:bg-input/30 dark:hover:bg-input/50 h-7 gap-1 rounded-[min(var(--radius-md),12px)] px-2.5 text-[0.8rem] in-data-[slot=
button-group]:rounded-lg has-data-[icon=inline-end]:pr-1.5 has-data-[icon=inline-start]:pl-1.5 [&_svg:not([class*='size-'])]:size-3.5"[39m
            [33mdata-size[39m=[32m"sm"[39m
            [33mdata-slot[39m=[32m"button"[39m
            [33mdata-variant[39m=[32m"outline"[39m
          [36m>[39m
            [0m2[0m
          [36m</button>[39m
          [36m<button[39m
            [33maria-current[39m=[32m"page"[39m
            [33mclass[39m=[32m"group/button inline-flex shrink-0 items-center justify-center border border-transparent bg-clip-padding font-medium whitespace-now
rap transition-all outline-none select-none focus-visible:border-ring focus-visible:ring-3 focus-visible:ring-ring/50 active:not-aria-[haspopup]:translate-y-px disa
bled:pointer-events-none disabled:opacity-50 aria-invalid:border-destructive aria-invalid:ring-3 aria-invalid:ring-destructive/20 dark:aria-invalid:border-destructi
ve/50 dark:aria-invalid:ring-destructive/40 [&_svg]:pointer-events-none [&_svg]:shrink-0 bg-primary text-primary-foreground [a]:hover:bg-primary/80 h-7 gap-1 rounde
d-[min(var(--radius-md),12px)] px-2.5 text-[0.8rem] in-data-[slot=button-group]:rounded-lg has-data-[icon=inline-end]:pr-1.5 has-data-[icon=inline-start]:pl-1.5 [&_
svg:not([class*='size-'])]:size-3.5"[39m
            [33mdata-size[39m=[32m"sm"[39m
            [33mdata-slot[39m=[32m"button"[39m
            [33mdata-variant[39m=[32m"default"[39m
          [36m>[39m
            [0m3[0m
          [36m</button>[39m
          [36m<button[39m
            [33maria-label[39m=[32m"╨б╨╗╨╡╨┤╤Г╤О╤Й╨░╤П ╤Б╤В╤А╨░╨╜╨╕╤Ж╨░"[39m
            [33mclass[39m=[32m"group/button inline-flex shrink-0 items-center justify-center border bg-clip-padding font-medium whitespace-nowrap transition-all 
outline-none select-none focus-visible:border-ring focus-visible:ring-3 focus-visible:ring-ring/50 active:not-aria-[haspopup]:translate-y-px disabled:pointer-events
-none disabled:opacity-50 aria-invalid:border-destructive aria-invalid:ring-3 aria-invalid:ring-destructive/20 dark:aria-invalid:border-destructive/50 dark:aria-inv
alid:ring-destructive/40 [&_svg]:pointer-events-none [&_svg]:shrink-0 border-border bg-background hover:bg-muted hover:text-foreground aria-expanded:bg-muted aria-e
xpanded:text-foreground dark:border-input dark:bg-input/30 dark:hover:bg-input/50 h-7 gap-1 rounded-[min(var(--radius-md),12px)] px-2.5 text-[0.8rem] in-data-[slot=
button-group]:rounded-lg has-data-[icon=inline-end]:pr-1.5 has-data-[icon=inline-start]:pl-1.5 [&_svg:not([class*='size-'])]:size-3.5"[39m
            [33mdata-size[39m=[32m"sm"[39m
            [33mdata-slot[39m=[32m"button"[39m
            [33mdata-variant[39m=[32m"outline"[39m
            [33mdisabled[39m=[32m""[39m
          [36m>[39m
            [0mNext тЖТ[0m
          [36m</button>[39m
        [36m</div>[39m
        [36m<div[39m
          [33maria-label[39m=[32m"╨б╤В╤А╨╛╨║ ╨╜╨░ ╤Б╤В╤А╨░╨╜╨╕╤Ж╨╡"[39m
          [33mclass[39m=[32m"flex items-center gap-1.5"[39m
          [33mrole[39m=[32m"group"[39m
        [36m>[39m
          [36m<span[39m
            [33mcla...
[90m [2mтЭп[22m Object.getElementError node_modules/@testing-library/dom/dist/config.js:[2m37:19[22m[39m
[90m [2mтЭп[22m node_modules/@testing-library/dom/dist/query-helpers.js:[2m76:38[22m[39m
[90m [2mтЭп[22m node_modules/@testing-library/dom/dist/query-helpers.js:[2m52:17[22m[39m
[90m [2mтЭп[22m node_modules/@testing-library/dom/dist/query-helpers.js:[2m95:19[22m[39m
[36m [2mтЭп[22m src/components/articles/PaginationBar.test.tsx:[2m47:19[22m[39m
    [90m 45|[39m   it('Next disabled ╨╜╨░ ╨┐╨╛╤Б╨╗╨╡╨┤╨╜╨╡╨╣ ╤Б╤В╤А╨░╨╜╨╕╤Ж╨╡ (page=3, total=25, size=10)'тАж
    [90m 46|[39m     render(<PaginationBar {...defaults} page={3} total={25} size={10} тАж
    [90m 47|[39m     expect(screen.getByRole('button', { name: /next/i })).toBeDisabledтАж
    [90m   |[39m                   [31m^[39m
    [90m 48|[39m   })[33m;[39m
    [90m 49|[39m

[31m[2mтОптОптОптОптОптОптОптОптОптОптОптОптОптОптОптОптОптОптОптОптОптОптОптОп[2/6]тОп[22m[39m

[41m[1m FAIL [22m[49m src/components/articles/PaginationBar.test.tsx[2m > [22mPaginationBar тАФ Prev/Next disabled[2m > [22mPrev ╨╕ Next ╨░╨║╤В╨╕╨▓╨╜╤Л ╨╜╨░
 ╤Б╤А╨╡╨┤╨╜╨╡╨╣ ╤Б╤В╤А╨░╨╜╨╕╤Ж╨╡
[31m[1mTestingLibraryElementError[22m[39m: Unable to find an accessible element with the role "button" and name `/prev/i`

Here are the accessible roles:

  navigation:

  Name "╨Э╨░╨▓╨╕╨│╨░╤Ж╨╕╤П ╨┐╨╛ ╤Б╤В╤А╨░╨╜╨╕╤Ж╨░╨╝":
  [36m<nav[39m
    [33maria-label[39m=[32m"╨Э╨░╨▓╨╕╨│╨░╤Ж╨╕╤П ╨┐╨╛ ╤Б╤В╤А╨░╨╜╨╕╤Ж╨░╨╝"[39m
    [33mclass[39m=[32m"mt-4"[39m
  [36m/>[39m

  --------------------------------------------------
  group:

  Name "╨б╤В╤А╨░╨╜╨╕╤Ж╤Л":
  [36m<div[39m
    [33maria-label[39m=[32m"╨б╤В╤А╨░╨╜╨╕╤Ж╤Л"[39m
    [33mclass[39m=[32m"flex items-center gap-1"[39m
    [33mrole[39m=[32m"group"[39m
  [36m/>[39m

  Name "╨б╤В╤А╨╛╨║ ╨╜╨░ ╤Б╤В╤А╨░╨╜╨╕╤Ж╨╡":
  [36m<div[39m
    [33maria-label[39m=[32m"╨б╤В╤А╨╛╨║ ╨╜╨░ ╤Б╤В╤А╨░╨╜╨╕╤Ж╨╡"[39m
    [33mclass[39m=[32m"flex items-center gap-1.5"[39m
    [33mrole[39m=[32m"group"[39m
  [36m/>[39m

  --------------------------------------------------
  button:

  Name "╨Я╤А╨╡╨┤╤Л╨┤╤Г╤Й╨░╤П ╤Б╤В╤А╨░╨╜╨╕╤Ж╨░":
  [36m<button[39m
    [33maria-label[39m=[32m"╨Я╤А╨╡╨┤╤Л╨┤╤Г╤Й╨░╤П ╤Б╤В╤А╨░╨╜╨╕╤Ж╨░"[39m
    [33mclass[39m=[32m"group/button inline-flex shrink-0 items-center justify-center border bg-clip-padding font-medium whitespace-nowrap transition-all outline-
none select-none focus-visible:border-ring focus-visible:ring-3 focus-visible:ring-ring/50 active:not-aria-[haspopup]:translate-y-px disabled:pointer-events-none di
sabled:opacity-50 aria-invalid:border-destructive aria-invalid:ring-3 aria-invalid:ring-destructive/20 dark:aria-invalid:border-destructive/50 dark:aria-invalid:rin
g-destructive/40 [&_svg]:pointer-events-none [&_svg]:shrink-0 border-border bg-background hover:bg-muted hover:text-foreground aria-expanded:bg-muted aria-expanded:
text-foreground dark:border-input dark:bg-input/30 dark:hover:bg-input/50 h-7 gap-1 rounded-[min(var(--radius-md),12px)] px-2.5 text-[0.8rem] in-data-[slot=button-g
roup]:rounded-lg has-data-[icon=inline-end]:pr-1.5 has-data-[icon=inline-start]:pl-1.5 [&_svg:not([class*='size-'])]:size-3.5"[39m
    [33mdata-size[39m=[32m"sm"[39m
    [33mdata-slot[39m=[32m"button"[39m
    [33mdata-variant[39m=[32m"outline"[39m
  [36m/>[39m

  Name "1":
  [36m<button[39m
    [33mclass[39m=[32m"group/button inline-flex shrink-0 items-center justify-center border bg-clip-padding font-medium whitespace-nowrap transition-all outline-
none select-none focus-visible:border-ring focus-visible:ring-3 focus-visible:ring-ring/50 active:not-aria-[haspopup]:translate-y-px disabled:pointer-events-none di
sabled:opacity-50 aria-invalid:border-destructive aria-invalid:ring-3 aria-invalid:ring-destructive/20 dark:aria-invalid:border-destructive/50 dark:aria-invalid:rin
g-destructive/40 [&_svg]:pointer-events-none [&_svg]:shrink-0 border-border bg-background hover:bg-muted hover:text-foreground aria-expanded:bg-muted aria-expanded:
text-foreground dark:border-input dark:bg-input/30 dark:hover:bg-input/50 h-7 gap-1 rounded-[min(var(--radius-md),12px)] px-2.5 text-[0.8rem] in-data-[slot=button-g
roup]:rounded-lg has-data-[icon=inline-end]:pr-1.5 has-data-[icon=inline-start]:pl-1.5 [&_svg:not([class*='size-'])]:size-3.5"[39m
    [33mdata-size[39m=[32m"sm"[39m
    [33mdata-slot[39m=[32m"button"[39m
    [33mdata-variant[39m=[32m"outline"[39m
  [36m/>[39m

  Name "2":
  [36m<button[39m
    [33maria-current[39m=[32m"page"[39m
    [33mclass[39m=[32m"group/button inline-flex shrink-0 items-center justify-center border border-transparent bg-clip-padding font-medium whitespace-nowrap tran
sition-all outline-none select-none focus-visible:border-ring focus-visible:ring-3 focus-visible:ring-ring/50 active:not-aria-[haspopup]:translate-y-px disabled:poi
nter-events-none disabled:opacity-50 aria-invalid:border-destructive aria-invalid:ring-3 aria-invalid:ring-destructive/20 dark:aria-invalid:border-destructive/50 da
rk:aria-invalid:ring-destructive/40 [&_svg]:pointer-events-none [&_svg]:shrink-0 bg-primary text-primary-foreground [a]:hover:bg-primary/80 h-7 gap-1 rounded-[min(v
ar(--radius-md),12px)] px-2.5 text-[0.8rem] in-data-[slot=button-group]:rounded-lg has-data-[icon=inline-end]:pr-1.5 has-data-[icon=inline-start]:pl-1.5 [&_svg:not(
[class*='size-'])]:size-3.5"[39m
    [33mdata-size[39m=[32m"sm"[39m
    [33mdata-slot[39m=[32m"button"[39m
    [33mdata-variant[39m=[32m"default"[39m
  [36m/>[39m

  Name "3":
  [36m<button[39m
    [33mclass[39m=[32m"group/button inline-flex shrink-0 items-center justify-center border bg-clip-padding font-medium whitespace-nowrap transition-all outline-
none select-none focus-visible:border-ring focus-visible:ring-3 focus-visible:ring-ring/50 active:not-aria-[haspopup]:translate-y-px disabled:pointer-events-none di
sabled:opacity-50 aria-invalid:border-destructive aria-invalid:ring-3 aria-invalid:ring-destructive/20 dark:aria-invalid:border-destructive/50 dark:aria-invalid:rin
g-destructive/40 [&_svg]:pointer-events-none [&_svg]:shrink-0 border-border bg-background hover:bg-muted hover:text-foreground aria-expanded:bg-muted aria-expanded:
text-foreground dark:border-input dark:bg-input/30 dark:hover:bg-input/50 h-7 gap-1 rounded-[min(var(--radius-md),12px)] px-2.5 text-[0.8rem] in-data-[slot=button-g
roup]:rounded-lg has-data-[icon=inline-end]:pr-1.5 has-data-[icon=inline-start]:pl-1.5 [&_svg:not([class*='size-'])]:size-3.5"[39m
    [33mdata-size[39m=[32m"sm"[39m
    [33mdata-slot[39m=[32m"button"[39m
    [33mdata-variant[39m=[32m"outline"[39m
  [36m/>[39m

  Name "╨б╨╗╨╡╨┤╤Г╤О╤Й╨░╤П ╤Б╤В╤А╨░╨╜╨╕╤Ж╨░":
  [36m<button[39m
    [33maria-label[39m=[32m"╨б╨╗╨╡╨┤╤Г╤О╤Й╨░╤П ╤Б╤В╤А╨░╨╜╨╕╤Ж╨░"[39m
    [33mclass[39m=[32m"group/button inline-flex shrink-0 items-center justify-center border bg-clip-padding font-medium whitespace-nowrap transition-all outline-
none select-none focus-visible:border-ring focus-visible:ring-3 focus-visible:ring-ring/50 active:not-aria-[haspopup]:translate-y-px disabled:pointer-events-none di
sabled:opacity-50 aria-invalid:border-destructive aria-invalid:ring-3 aria-invalid:ring-destructive/20 dark:aria-invalid:border-destructive/50 dark:aria-invalid:rin
g-destructive/40 [&_svg]:pointer-events-none [&_svg]:shrink-0 border-border bg-background hover:bg-muted hover:text-foreground aria-expanded:bg-muted aria-expanded:
text-foreground dark:border-input dark:bg-input/30 dark:hover:bg-input/50 h-7 gap-1 rounded-[min(var(--radius-md),12px)] px-2.5 text-[0.8rem] in-data-[slot=button-g
roup]:rounded-lg has-data-[icon=inline-end]:pr-1.5 has-data-[icon=inline-start]:pl-1.5 [&_svg:not([class*='size-'])]:size-3.5"[39m
    [33mdata-size[39m=[32m"sm"[39m
    [33mdata-slot[39m=[32m"button"[39m
    [33mdata-variant[39m=[32m"outline"[39m
  [36m/>[39m

  Name "10":
  [36m<button[39m
    [33mclass[39m=[32m"group/button inline-flex shrink-0 items-center justify-center border border-transparent bg-clip-padding font-medium whitespace-nowrap tran
sition-all outline-none select-none focus-visible:border-ring focus-visible:ring-3 focus-visible:ring-ring/50 active:not-aria-[haspopup]:translate-y-px disabled:poi
nter-events-none disabled:opacity-50 aria-invalid:border-destructive aria-invalid:ring-3 aria-invalid:ring-destructive/20 dark:aria-invalid:border-destructive/50 da
rk:aria-invalid:ring-destructive/40 [&_svg]:pointer-events-none [&_svg]:shrink-0 bg-primary text-primary-foreground [a]:hover:bg-primary/80 h-7 gap-1 rounded-[min(v
ar(--radius-md),12px)] px-2.5 text-[0.8rem] in-data-[slot=button-group]:rounded-lg has-data-[icon=inline-end]:pr-1.5 has-data-[icon=inline-start]:pl-1.5 [&_svg:not(
[class*='size-'])]:size-3.5"[39m
    [33mdata-size[39m=[32m"sm"[39m
    [33mdata-slot[39m=[32m"button"[39m
    [33mdata-variant[39m=[32m"default"[39m
  [36m/>[39m

  Name "25":
  [36m<button[39m
    [33mclass[39m=[32m"group/button inline-flex shrink-0 items-center justify-center border bg-clip-padding font-medium whitespace-nowrap transition-all outline-
none select-none focus-visible:border-ring focus-visible:ring-3 focus-visible:ring-ring/50 active:not-aria-[haspopup]:translate-y-px disabled:pointer-events-none di
sabled:opacity-50 aria-invalid:border-destructive aria-invalid:ring-3 aria-invalid:ring-destructive/20 dark:aria-invalid:border-destructive/50 dark:aria-invalid:rin
g-destructive/40 [&_svg]:pointer-events-none [&_svg]:shrink-0 border-border bg-background hover:bg-muted hover:text-foreground aria-expanded:bg-muted aria-expanded:
text-foreground dark:border-input dark:bg-input/30 dark:hover:bg-input/50 h-7 gap-1 rounded-[min(var(--radius-md),12px)] px-2.5 text-[0.8rem] in-data-[slot=button-g
roup]:rounded-lg has-data-[icon=inline-end]:pr-1.5 has-data-[icon=inline-start]:pl-1.5 [&_svg:not([class*='size-'])]:size-3.5"[39m
    [33mdata-size[39m=[32m"sm"[39m
    [33mdata-slot[39m=[32m"button"[39m
    [33mdata-variant[39m=[32m"outline"[39m
  [36m/>[39m

  Name "50":
  [36m<button[39m
    [33mclass[39m=[32m"group/button inline-flex shrink-0 items-center justify-center border bg-clip-padding font-medium whitespace-nowrap transition-all outline-
none select-none focus-visible:border-ring focus-visible:ring-3 focus-visible:ring-ring/50 active:not-aria-[haspopup]:translate-y-px disabled:pointer-events-none di
sabled:opacity-50 aria-invalid:border-destructive aria-invalid:ring-3 aria-invalid:ring-destructive/20 dark:aria-invalid:border-destructive/50 dark:aria-invalid:rin
g-destructive/40 [&_svg]:pointer-events-none [&_svg]:shrink-0 border-border bg-background hover:bg-muted hover:text-foreground aria-expanded:bg-muted aria-expanded:
text-foreground dark:border-input dark:bg-input/30 dark:hover:bg-input/50 h-7 gap-1 rounded-[min(var(--radius-md),12px)] px-2.5 text-[0.8rem] in-data-[slot=button-g
roup]:rounded-lg has-data-[icon=inline-end]:pr-1.5 has-data-[icon=inline-start]:pl-1.5 [&_svg:not([class*='size-'])]:size-3.5"[39m
    [33mdata-size[39m=[32m"sm"[39m
    [33mdata-slot[39m=[32m"button"[39m
    [33mdata-variant[39m=[32m"outline"[39m
  [36m/>[39m

  --------------------------------------------------

Ignored nodes: comments, script, style
[36m<body>[39m
  [36m<div>[39m
    [36m<nav[39m
      [33maria-label[39m=[32m"╨Э╨░╨▓╨╕╨│╨░╤Ж╨╕╤П ╨┐╨╛ ╤Б╤В╤А╨░╨╜╨╕╤Ж╨░╨╝"[39m
      [33mclass[39m=[32m"mt-4"[39m
    [36m>[39m
      [36m<div[39m
        [33mclass[39m=[32m"flex flex-wrap items-center justify-between gap-y-2 gap-x-4"[39m
      [36m>[39m
        [36m<div[39m
          [33maria-label[39m=[32m"╨б╤В╤А╨░╨╜╨╕╤Ж╤Л"[39m
          [33mclass[39m=[32m"flex items-center gap-1"[39m
          [33mrole[39m=[32m"group"[39m
        [36m>[39m
          [36m<button[39m
            [33maria-label[39m=[32m"╨Я╤А╨╡╨┤╤Л╨┤╤Г╤Й╨░╤П ╤Б╤В╤А╨░╨╜╨╕╤Ж╨░"[39m
            [33mclass[39m=[32m"group/button inline-flex shrink-0 items-center justify-center border bg-clip-padding font-medium whitespace-nowrap transition-all 
outline-none select-none focus-visible:border-ring focus-visible:ring-3 focus-visible:ring-ring/50 active:not-aria-[haspopup]:translate-y-px disabled:pointer-events
-none disabled:opacity-50 aria-invalid:border-destructive aria-invalid:ring-3 aria-invalid:ring-destructive/20 dark:aria-invalid:border-destructive/50 dark:aria-inv
alid:ring-destructive/40 [&_svg]:pointer-events-none [&_svg]:shrink-0 border-border bg-background hover:bg-muted hover:text-foreground aria-expanded:bg-muted aria-e
xpanded:text-foreground dark:border-input dark:bg-input/30 dark:hover:bg-input/50 h-7 gap-1 rounded-[min(var(--radius-md),12px)] px-2.5 text-[0.8rem] in-data-[slot=
button-group]:rounded-lg has-data-[icon=inline-end]:pr-1.5 has-data-[icon=inline-start]:pl-1.5 [&_svg:not([class*='size-'])]:size-3.5"[39m
            [33mdata-size[39m=[32m"sm"[39m
            [33mdata-slot[39m=[32m"button"[39m
            [33mdata-variant[39m=[32m"outline"[39m
          [36m>[39m
            [0mтЖР Prev[0m
          [36m</button>[39m
          [36m<button[39m
            [33mclass[39m=[32m"group/button inline-flex shrink-0 items-center justify-center border bg-clip-padding font-medium whitespace-nowrap transition-all 
outline-none select-none focus-visible:border-ring focus-visible:ring-3 focus-visible:ring-ring/50 active:not-aria-[haspopup]:translate-y-px disabled:pointer-events
-none disabled:opacity-50 aria-invalid:border-destructive aria-invalid:ring-3 aria-invalid:ring-destructive/20 dark:aria-invalid:border-destructive/50 dark:aria-inv
alid:ring-destructive/40 [&_svg]:pointer-events-none [&_svg]:shrink-0 border-border bg-background hover:bg-muted hover:text-foreground aria-expanded:bg-muted aria-e
xpanded:text-foreground dark:border-input dark:bg-input/30 dark:hover:bg-input/50 h-7 gap-1 rounded-[min(var(--radius-md),12px)] px-2.5 text-[0.8rem] in-data-[slot=
button-group]:rounded-lg has-data-[icon=inline-end]:pr-1.5 has-data-[icon=inline-start]:pl-1.5 [&_svg:not([class*='size-'])]:size-3.5"[39m
            [33mdata-size[39m=[32m"sm"[39m
            [33mdata-slot[39m=[32m"button"[39m
            [33mdata-variant[39m=[32m"outline"[39m
          [36m>[39m
            [0m1[0m
          [36m</button>[39m
          [36m<button[39m
            [33maria-current[39m=[32m"page"[39m
            [33mclass[39m=[32m"group/button inline-flex shrink-0 items-center justify-center border border-transparent bg-clip-padding font-medium whitespace-now
rap transition-all outline-none select-none focus-visible:border-ring focus-visible:ring-3 focus-visible:ring-ring/50 active:not-aria-[haspopup]:translate-y-px disa
bled:pointer-events-none disabled:opacity-50 aria-invalid:border-destructive aria-invalid:ring-3 aria-invalid:ring-destructive/20 dark:aria-invalid:border-destructi
ve/50 dark:aria-invalid:ring-destructive/40 [&_svg]:pointer-events-none [&_svg]:shrink-0 bg-primary text-primary-foreground [a]:hover:bg-primary/80 h-7 gap-1 rounde
d-[min(var(--radius-md),12px)] px-2.5 text-[0.8rem] in-data-[slot=button-group]:rounded-lg has-data-[icon=inline-end]:pr-1.5 has-data-[icon=inline-start]:pl-1.5 [&_
svg:not([class*='size-'])]:size-3.5"[39m
            [33mdata-size[39m=[32m"sm"[39m
            [33mdata-slot[39m=[32m"button"[39m
            [33mdata-variant[39m=[32m"default"[39m
          [36m>[39m
            [0m2[0m
          [36m</button>[39m
          [36m<button[39m
            [33mclass[39m=[32m"group/button inline-flex shrink-0 items-center justify-center border bg-clip-padding font-medium whitespace-nowrap transition-all 
outline-none select-none focus-visible:border-ring focus-visible:ring-3 focus-visible:ring-ring/50 active:not-aria-[haspopup]:translate-y-px disabled:pointer-events
-none disabled:opacity-50 aria-invalid:border-destructive aria-invalid:ring-3 aria-invalid:ring-destructive/20 dark:aria-invalid:border-destructive/50 dark:aria-inv
alid:ring-destructive/40 [&_svg]:pointer-events-none [&_svg]:shrink-0 border-border bg-background hover:bg-muted hover:text-foreground aria-expanded:bg-muted aria-e
xpanded:text-foreground dark:border-input dark:bg-input/30 dark:hover:bg-input/50 h-7 gap-1 rounded-[min(var(--radius-md),12px)] px-2.5 text-[0.8rem] in-data-[slot=
button-group]:rounded-lg has-data-[icon=inline-end]:pr-1.5 has-data-[icon=inline-start]:pl-1.5 [&_svg:not([class*='size-'])]:size-3.5"[39m
            [33mdata-size[39m=[32m"sm"[39m
            [33mdata-slot[39m=[32m"button"[39m
            [33mdata-variant[39m=[32m"outline"[39m
          [36m>[39m
            [0m3[0m
          [36m</button>[39m
          [36m<button[39m
            [33maria-label[39m=[32m"╨б╨╗╨╡╨┤╤Г╤О╤Й╨░╤П ╤Б╤В╤А╨░╨╜╨╕╤Ж╨░"[39m
            [33mclass[39m=[32m"group/button inline-flex shrink-0 items-center justify-center border bg-clip-padding font-medium whitespace-nowrap transition-all 
outline-none select-none focus-visible:border-ring focus-visible:ring-3 focus-visible:ring-ring/50 active:not-aria-[haspopup]:translate-y-px disabled:pointer-events
-none disabled:opacity-50 aria-invalid:border-destructive aria-invalid:ring-3 aria-invalid:ring-destructive/20 dark:aria-invalid:border-destructive/50 dark:aria-inv
alid:ring-destructive/40 [&_svg]:pointer-events-none [&_svg]:shrink-0 border-border bg-background hover:bg-muted hover:text-foreground aria-expanded:bg-muted aria-e
xpanded:text-foreground dark:border-input dark:bg-input/30 dark:hover:bg-input/50 h-7 gap-1 rounded-[min(var(--radius-md),12px)] px-2.5 text-[0.8rem] in-data-[slot=
button-group]:rounded-lg has-data-[icon=inline-end]:pr-1.5 has-data-[icon=inline-start]:pl-1.5 [&_svg:not([class*='size-'])]:size-3.5"[39m
            [33mdata-size[39m=[32m"sm"[39m
            [33mdata-slot[39m=[32m"button"[39m
            [33mdata-variant[39m=[32m"outline"[39m
          [36m>[39m
            [0mNext тЖТ[0m
          [36m</button>[39m
        [36m</div>[39m
        [36m<div[39m
          [33maria-label[39m=[32m"╨б╤В╤А╨╛╨║ ╨╜╨░ ╤Б╤В╤А╨░╨╜╨╕╤Ж╨╡"[39m
          [33mclass[39m=[32m"flex items-center gap-1.5"[39m
          [33mrole[39m=[32m"group"[39m
        [36m>[39m
          [36m<span[39m
            [33mclass[39m=[32m"text-xs text-slate-500 dark:te...
[90m [2mтЭп[22m Object.getElementError node_modules/@testing-library/dom/dist/config.js:[2m37:19[22m[39m
[90m [2mтЭп[22m node_modules/@testing-library/dom/dist/query-helpers.js:[2m76:38[22m[39m
[90m [2mтЭп[22m node_modules/@testing-library/dom/dist/query-helpers.js:[2m52:17[22m[39m
[90m [2mтЭп[22m node_modules/@testing-library/dom/dist/query-helpers.js:[2m95:19[22m[39m
[36m [2mтЭп[22m src/components/articles/PaginationBar.test.tsx:[2m52:19[22m[39m
    [90m 50|[39m   [34mit[39m([32m'Prev ╨╕ Next ╨░╨║╤В╨╕╨▓╨╜╤Л ╨╜╨░ ╤Б╤А╨╡╨┤╨╜╨╡╨╣ ╤Б╤В╤А╨░╨╜╨╕╤Ж╨╡'[39m[33m,[39m () [33m=>[39m {
    [90m 51|[39m     [34mrender[39m([33m<[39m[33mPaginationBar[39m [33m{[39m[33m...[39mdefaults[33m}[39m [33mpage[39m[33m=[39m[33m{[39m[34m2[3
9m[33m}[39m [33m/[39m[33m>[39m)[33m;[39m
    [90m 52|[39m     expect(screen.getByRole('button', { name: /prev/i })).not.toBeDisaтАж
    [90m   |[39m                   [31m^[39m
    [90m 53|[39m     expect(screen.getByRole('button', { name: /next/i })).not.toBeDisaтАж
    [90m 54|[39m   })[33m;[39m

[31m[2mтОптОптОптОптОптОптОптОптОптОптОптОптОптОптОптОптОптОптОптОптОптОптОптОп[3/6]тОп[22m[39m

[41m[1m FAIL [22m[49m src/components/articles/PaginationBar.test.tsx[2m > [22mPaginationBar тАФ ╨╜╨░╨▓╨╕╨│╨░╤Ж╨╕╤П[2m > [22m╨║╨╗╨╕╨║ Prev ╨▓╤Л╨╖╤Л╨▓╨░╨╡╤В o
nPageChange(page - 1)
[31m[1mTestingLibraryElementError[22m[39m: Unable to find an accessible element with the role "button" and name `/prev/i`

Here are the accessible roles:

  navigation:

  Name "╨Э╨░╨▓╨╕╨│╨░╤Ж╨╕╤П ╨┐╨╛ ╤Б╤В╤А╨░╨╜╨╕╤Ж╨░╨╝":
  [36m<nav[39m
    [33maria-label[39m=[32m"╨Э╨░╨▓╨╕╨│╨░╤Ж╨╕╤П ╨┐╨╛ ╤Б╤В╤А╨░╨╜╨╕╤Ж╨░╨╝"[39m
    [33mclass[39m=[32m"mt-4"[39m
  [36m/>[39m

  --------------------------------------------------
  group:

  Name "╨б╤В╤А╨░╨╜╨╕╤Ж╤Л":
  [36m<div[39m
    [33maria-label[39m=[32m"╨б╤В╤А╨░╨╜╨╕╤Ж╤Л"[39m
    [33mclass[39m=[32m"flex items-center gap-1"[39m
    [33mrole[39m=[32m"group"[39m
  [36m/>[39m

  Name "╨б╤В╤А╨╛╨║ ╨╜╨░ ╤Б╤В╤А╨░╨╜╨╕╤Ж╨╡":
  [36m<div[39m
    [33maria-label[39m=[32m"╨б╤В╤А╨╛╨║ ╨╜╨░ ╤Б╤В╤А╨░╨╜╨╕╤Ж╨╡"[39m
    [33mclass[39m=[32m"flex items-center gap-1.5"[39m
    [33mrole[39m=[32m"group"[39m
  [36m/>[39m

  --------------------------------------------------
  button:

  Name "╨Я╤А╨╡╨┤╤Л╨┤╤Г╤Й╨░╤П ╤Б╤В╤А╨░╨╜╨╕╤Ж╨░":
  [36m<button[39m
    [33maria-label[39m=[32m"╨Я╤А╨╡╨┤╤Л╨┤╤Г╤Й╨░╤П ╤Б╤В╤А╨░╨╜╨╕╤Ж╨░"[39m
    [33mclass[39m=[32m"group/button inline-flex shrink-0 items-center justify-center border bg-clip-padding font-medium whitespace-nowrap transition-all outline-
none select-none focus-visible:border-ring focus-visible:ring-3 focus-visible:ring-ring/50 active:not-aria-[haspopup]:translate-y-px disabled:pointer-events-none di
sabled:opacity-50 aria-invalid:border-destructive aria-invalid:ring-3 aria-invalid:ring-destructive/20 dark:aria-invalid:border-destructive/50 dark:aria-invalid:rin
g-destructive/40 [&_svg]:pointer-events-none [&_svg]:shrink-0 border-border bg-background hover:bg-muted hover:text-foreground aria-expanded:bg-muted aria-expanded:
text-foreground dark:border-input dark:bg-input/30 dark:hover:bg-input/50 h-7 gap-1 rounded-[min(var(--radius-md),12px)] px-2.5 text-[0.8rem] in-data-[slot=button-g
roup]:rounded-lg has-data-[icon=inline-end]:pr-1.5 has-data-[icon=inline-start]:pl-1.5 [&_svg:not([class*='size-'])]:size-3.5"[39m
    [33mdata-size[39m=[32m"sm"[39m
    [33mdata-slot[39m=[32m"button"[39m
    [33mdata-variant[39m=[32m"outline"[39m
  [36m/>[39m

  Name "1":
  [36m<button[39m
    [33mclass[39m=[32m"group/button inline-flex shrink-0 items-center justify-center border bg-clip-padding font-medium whitespace-nowrap transition-all outline-
none select-none focus-visible:border-ring focus-visible:ring-3 focus-visible:ring-ring/50 active:not-aria-[haspopup]:translate-y-px disabled:pointer-events-none di
sabled:opacity-50 aria-invalid:border-destructive aria-invalid:ring-3 aria-invalid:ring-destructive/20 dark:aria-invalid:border-destructive/50 dark:aria-invalid:rin
g-destructive/40 [&_svg]:pointer-events-none [&_svg]:shrink-0 border-border bg-background hover:bg-muted hover:text-foreground aria-expanded:bg-muted aria-expanded:
text-foreground dark:border-input dark:bg-input/30 dark:hover:bg-input/50 h-7 gap-1 rounded-[min(var(--radius-md),12px)] px-2.5 text-[0.8rem] in-data-[slot=button-g
roup]:rounded-lg has-data-[icon=inline-end]:pr-1.5 has-data-[icon=inline-start]:pl-1.5 [&_svg:not([class*='size-'])]:size-3.5"[39m
    [33mdata-size[39m=[32m"sm"[39m
    [33mdata-slot[39m=[32m"button"[39m
    [33mdata-variant[39m=[32m"outline"[39m
  [36m/>[39m

  Name "2":
  [36m<button[39m
    [33maria-current[39m=[32m"page"[39m
    [33mclass[39m=[32m"group/button inline-flex shrink-0 items-center justify-center border border-transparent bg-clip-padding font-medium whitespace-nowrap tran
sition-all outline-none select-none focus-visible:border-ring focus-visible:ring-3 focus-visible:ring-ring/50 active:not-aria-[haspopup]:translate-y-px disabled:poi
nter-events-none disabled:opacity-50 aria-invalid:border-destructive aria-invalid:ring-3 aria-invalid:ring-destructive/20 dark:aria-invalid:border-destructive/50 da
rk:aria-invalid:ring-destructive/40 [&_svg]:pointer-events-none [&_svg]:shrink-0 bg-primary text-primary-foreground [a]:hover:bg-primary/80 h-7 gap-1 rounded-[min(v
ar(--radius-md),12px)] px-2.5 text-[0.8rem] in-data-[slot=button-group]:rounded-lg has-data-[icon=inline-end]:pr-1.5 has-data-[icon=inline-start]:pl-1.5 [&_svg:not(
[class*='size-'])]:size-3.5"[39m
    [33mdata-size[39m=[32m"sm"[39m
    [33mdata-slot[39m=[32m"button"[39m
    [33mdata-variant[39m=[32m"default"[39m
  [36m/>[39m

  Name "3":
  [36m<button[39m
    [33mclass[39m=[32m"group/button inline-flex shrink-0 items-center justify-center border bg-clip-padding font-medium whitespace-nowrap transition-all outline-
none select-none focus-visible:border-ring focus-visible:ring-3 focus-visible:ring-ring/50 active:not-aria-[haspopup]:translate-y-px disabled:pointer-events-none di
sabled:opacity-50 aria-invalid:border-destructive aria-invalid:ring-3 aria-invalid:ring-destructive/20 dark:aria-invalid:border-destructive/50 dark:aria-invalid:rin
g-destructive/40 [&_svg]:pointer-events-none [&_svg]:shrink-0 border-border bg-background hover:bg-muted hover:text-foreground aria-expanded:bg-muted aria-expanded:
text-foreground dark:border-input dark:bg-input/30 dark:hover:bg-input/50 h-7 gap-1 rounded-[min(var(--radius-md),12px)] px-2.5 text-[0.8rem] in-data-[slot=button-g
roup]:rounded-lg has-data-[icon=inline-end]:pr-1.5 has-data-[icon=inline-start]:pl-1.5 [&_svg:not([class*='size-'])]:size-3.5"[39m
    [33mdata-size[39m=[32m"sm"[39m
    [33mdata-slot[39m=[32m"button"[39m
    [33mdata-variant[39m=[32m"outline"[39m
  [36m/>[39m

  Name "╨б╨╗╨╡╨┤╤Г╤О╤Й╨░╤П ╤Б╤В╤А╨░╨╜╨╕╤Ж╨░":
  [36m<button[39m
    [33maria-label[39m=[32m"╨б╨╗╨╡╨┤╤Г╤О╤Й╨░╤П ╤Б╤В╤А╨░╨╜╨╕╤Ж╨░"[39m
    [33mclass[39m=[32m"group/button inline-flex shrink-0 items-center justify-center border bg-clip-padding font-medium whitespace-nowrap transition-all outline-
none select-none focus-visible:border-ring focus-visible:ring-3 focus-visible:ring-ring/50 active:not-aria-[haspopup]:translate-y-px disabled:pointer-events-none di
sabled:opacity-50 aria-invalid:border-destructive aria-invalid:ring-3 aria-invalid:ring-destructive/20 dark:aria-invalid:border-destructive/50 dark:aria-invalid:rin
g-destructive/40 [&_svg]:pointer-events-none [&_svg]:shrink-0 border-border bg-background hover:bg-muted hover:text-foreground aria-expanded:bg-muted aria-expanded:
text-foreground dark:border-input dark:bg-input/30 dark:hover:bg-input/50 h-7 gap-1 rounded-[min(var(--radius-md),12px)] px-2.5 text-[0.8rem] in-data-[slot=button-g
roup]:rounded-lg has-data-[icon=inline-end]:pr-1.5 has-data-[icon=inline-start]:pl-1.5 [&_svg:not([class*='size-'])]:size-3.5"[39m
    [33mdata-size[39m=[32m"sm"[39m
    [33mdata-slot[39m=[32m"button"[39m
    [33mdata-variant[39m=[32m"outline"[39m
  [36m/>[39m

  Name "10":
  [36m<button[39m
    [33mclass[39m=[32m"group/button inline-flex shrink-0 items-center justify-center border border-transparent bg-clip-padding font-medium whitespace-nowrap tran
sition-all outline-none select-none focus-visible:border-ring focus-visible:ring-3 focus-visible:ring-ring/50 active:not-aria-[haspopup]:translate-y-px disabled:poi
nter-events-none disabled:opacity-50 aria-invalid:border-destructive aria-invalid:ring-3 aria-invalid:ring-destructive/20 dark:aria-invalid:border-destructive/50 da
rk:aria-invalid:ring-destructive/40 [&_svg]:pointer-events-none [&_svg]:shrink-0 bg-primary text-primary-foreground [a]:hover:bg-primary/80 h-7 gap-1 rounded-[min(v
ar(--radius-md),12px)] px-2.5 text-[0.8rem] in-data-[slot=button-group]:rounded-lg has-data-[icon=inline-end]:pr-1.5 has-data-[icon=inline-start]:pl-1.5 [&_svg:not(
[class*='size-'])]:size-3.5"[39m
    [33mdata-size[39m=[32m"sm"[39m
    [33mdata-slot[39m=[32m"button"[39m
    [33mdata-variant[39m=[32m"default"[39m
  [36m/>[39m

  Name "25":
  [36m<button[39m
    [33mclass[39m=[32m"group/button inline-flex shrink-0 items-center justify-center border bg-clip-padding font-medium whitespace-nowrap transition-all outline-
none select-none focus-visible:border-ring focus-visible:ring-3 focus-visible:ring-ring/50 active:not-aria-[haspopup]:translate-y-px disabled:pointer-events-none di
sabled:opacity-50 aria-invalid:border-destructive aria-invalid:ring-3 aria-invalid:ring-destructive/20 dark:aria-invalid:border-destructive/50 dark:aria-invalid:rin
g-destructive/40 [&_svg]:pointer-events-none [&_svg]:shrink-0 border-border bg-background hover:bg-muted hover:text-foreground aria-expanded:bg-muted aria-expanded:
text-foreground dark:border-input dark:bg-input/30 dark:hover:bg-input/50 h-7 gap-1 rounded-[min(var(--radius-md),12px)] px-2.5 text-[0.8rem] in-data-[slot=button-g
roup]:rounded-lg has-data-[icon=inline-end]:pr-1.5 has-data-[icon=inline-start]:pl-1.5 [&_svg:not([class*='size-'])]:size-3.5"[39m
    [33mdata-size[39m=[32m"sm"[39m
    [33mdata-slot[39m=[32m"button"[39m
    [33mdata-variant[39m=[32m"outline"[39m
  [36m/>[39m

  Name "50":
  [36m<button[39m
    [33mclass[39m=[32m"group/button inline-flex shrink-0 items-center justify-center border bg-clip-padding font-medium whitespace-nowrap transition-all outline-
none select-none focus-visible:border-ring focus-visible:ring-3 focus-visible:ring-ring/50 active:not-aria-[haspopup]:translate-y-px disabled:pointer-events-none di
sabled:opacity-50 aria-invalid:border-destructive aria-invalid:ring-3 aria-invalid:ring-destructive/20 dark:aria-invalid:border-destructive/50 dark:aria-invalid:rin
g-destructive/40 [&_svg]:pointer-events-none [&_svg]:shrink-0 border-border bg-background hover:bg-muted hover:text-foreground aria-expanded:bg-muted aria-expanded:
text-foreground dark:border-input dark:bg-input/30 dark:hover:bg-input/50 h-7 gap-1 rounded-[min(var(--radius-md),12px)] px-2.5 text-[0.8rem] in-data-[slot=button-g
roup]:rounded-lg has-data-[icon=inline-end]:pr-1.5 has-data-[icon=inline-start]:pl-1.5 [&_svg:not([class*='size-'])]:size-3.5"[39m
    [33mdata-size[39m=[32m"sm"[39m
    [33mdata-slot[39m=[32m"button"[39m
    [33mdata-variant[39m=[32m"outline"[39m
  [36m/>[39m

  --------------------------------------------------

Ignored nodes: comments, script, style
[36m<body>[39m
  [36m<div>[39m
    [36m<nav[39m
      [33maria-label[39m=[32m"╨Э╨░╨▓╨╕╨│╨░╤Ж╨╕╤П ╨┐╨╛ ╤Б╤В╤А╨░╨╜╨╕╤Ж╨░╨╝"[39m
      [33mclass[39m=[32m"mt-4"[39m
    [36m>[39m
      [36m<div[39m
        [33mclass[39m=[32m"flex flex-wrap items-center justify-between gap-y-2 gap-x-4"[39m
      [36m>[39m
        [36m<div[39m
          [33maria-label[39m=[32m"╨б╤В╤А╨░╨╜╨╕╤Ж╤Л"[39m
          [33mclass[39m=[32m"flex items-center gap-1"[39m
          [33mrole[39m=[32m"group"[39m
        [36m>[39m
          [36m<button[39m
            [33maria-label[39m=[32m"╨Я╤А╨╡╨┤╤Л╨┤╤Г╤Й╨░╤П ╤Б╤В╤А╨░╨╜╨╕╤Ж╨░"[39m
            [33mclass[39m=[32m"group/button inline-flex shrink-0 items-center justify-center border bg-clip-padding font-medium whitespace-nowrap transition-all 
outline-none select-none focus-visible:border-ring focus-visible:ring-3 focus-visible:ring-ring/50 active:not-aria-[haspopup]:translate-y-px disabled:pointer-events
-none disabled:opacity-50 aria-invalid:border-destructive aria-invalid:ring-3 aria-invalid:ring-destructive/20 dark:aria-invalid:border-destructive/50 dark:aria-inv
alid:ring-destructive/40 [&_svg]:pointer-events-none [&_svg]:shrink-0 border-border bg-background hover:bg-muted hover:text-foreground aria-expanded:bg-muted aria-e
xpanded:text-foreground dark:border-input dark:bg-input/30 dark:hover:bg-input/50 h-7 gap-1 rounded-[min(var(--radius-md),12px)] px-2.5 text-[0.8rem] in-data-[slot=
button-group]:rounded-lg has-data-[icon=inline-end]:pr-1.5 has-data-[icon=inline-start]:pl-1.5 [&_svg:not([class*='size-'])]:size-3.5"[39m
            [33mdata-size[39m=[32m"sm"[39m
            [33mdata-slot[39m=[32m"button"[39m
            [33mdata-variant[39m=[32m"outline"[39m
          [36m>[39m
            [0mтЖР Prev[0m
          [36m</button>[39m
          [36m<button[39m
            [33mclass[39m=[32m"group/button inline-flex shrink-0 items-center justify-center border bg-clip-padding font-medium whitespace-nowrap transition-all 
outline-none select-none focus-visible:border-ring focus-visible:ring-3 focus-visible:ring-ring/50 active:not-aria-[haspopup]:translate-y-px disabled:pointer-events
-none disabled:opacity-50 aria-invalid:border-destructive aria-invalid:ring-3 aria-invalid:ring-destructive/20 dark:aria-invalid:border-destructive/50 dark:aria-inv
alid:ring-destructive/40 [&_svg]:pointer-events-none [&_svg]:shrink-0 border-border bg-background hover:bg-muted hover:text-foreground aria-expanded:bg-muted aria-e
xpanded:text-foreground dark:border-input dark:bg-input/30 dark:hover:bg-input/50 h-7 gap-1 rounded-[min(var(--radius-md),12px)] px-2.5 text-[0.8rem] in-data-[slot=
button-group]:rounded-lg has-data-[icon=inline-end]:pr-1.5 has-data-[icon=inline-start]:pl-1.5 [&_svg:not([class*='size-'])]:size-3.5"[39m
            [33mdata-size[39m=[32m"sm"[39m
            [33mdata-slot[39m=[32m"button"[39m
            [33mdata-variant[39m=[32m"outline"[39m
          [36m>[39m
            [0m1[0m
          [36m</button>[39m
          [36m<button[39m
            [33maria-current[39m=[32m"page"[39m
            [33mclass[39m=[32m"group/button inline-flex shrink-0 items-center justify-center border border-transparent bg-clip-padding font-medium whitespace-now
rap transition-all outline-none select-none focus-visible:border-ring focus-visible:ring-3 focus-visible:ring-ring/50 active:not-aria-[haspopup]:translate-y-px disa
bled:pointer-events-none disabled:opacity-50 aria-invalid:border-destructive aria-invalid:ring-3 aria-invalid:ring-destructive/20 dark:aria-invalid:border-destructi
ve/50 dark:aria-invalid:ring-destructive/40 [&_svg]:pointer-events-none [&_svg]:shrink-0 bg-primary text-primary-foreground [a]:hover:bg-primary/80 h-7 gap-1 rounde
d-[min(var(--radius-md),12px)] px-2.5 text-[0.8rem] in-data-[slot=button-group]:rounded-lg has-data-[icon=inline-end]:pr-1.5 has-data-[icon=inline-start]:pl-1.5 [&_
svg:not([class*='size-'])]:size-3.5"[39m
            [33mdata-size[39m=[32m"sm"[39m
            [33mdata-slot[39m=[32m"button"[39m
            [33mdata-variant[39m=[32m"default"[39m
          [36m>[39m
            [0m2[0m
          [36m</button>[39m
          [36m<button[39m
            [33mclass[39m=[32m"group/button inline-flex shrink-0 items-center justify-center border bg-clip-padding font-medium whitespace-nowrap transition-all 
outline-none select-none focus-visible:border-ring focus-visible:ring-3 focus-visible:ring-ring/50 active:not-aria-[haspopup]:translate-y-px disabled:pointer-events
-none disabled:opacity-50 aria-invalid:border-destructive aria-invalid:ring-3 aria-invalid:ring-destructive/20 dark:aria-invalid:border-destructive/50 dark:aria-inv
alid:ring-destructive/40 [&_svg]:pointer-events-none [&_svg]:shrink-0 border-border bg-background hover:bg-muted hover:text-foreground aria-expanded:bg-muted aria-e
xpanded:text-foreground dark:border-input dark:bg-input/30 dark:hover:bg-input/50 h-7 gap-1 rounded-[min(var(--radius-md),12px)] px-2.5 text-[0.8rem] in-data-[slot=
button-group]:rounded-lg has-data-[icon=inline-end]:pr-1.5 has-data-[icon=inline-start]:pl-1.5 [&_svg:not([class*='size-'])]:size-3.5"[39m
            [33mdata-size[39m=[32m"sm"[39m
            [33mdata-slot[39m=[32m"button"[39m
            [33mdata-variant[39m=[32m"outline"[39m
          [36m>[39m
            [0m3[0m
          [36m</button>[39m
          [36m<button[39m
            [33maria-label[39m=[32m"╨б╨╗╨╡╨┤╤Г╤О╤Й╨░╤П ╤Б╤В╤А╨░╨╜╨╕╤Ж╨░"[39m
            [33mclass[39m=[32m"group/button inline-flex shrink-0 items-center justify-center border bg-clip-padding font-medium whitespace-nowrap transition-all 
outline-none select-none focus-visible:border-ring focus-visible:ring-3 focus-visible:ring-ring/50 active:not-aria-[haspopup]:translate-y-px disabled:pointer-events
-none disabled:opacity-50 aria-invalid:border-destructive aria-invalid:ring-3 aria-invalid:ring-destructive/20 dark:aria-invalid:border-destructive/50 dark:aria-inv
alid:ring-destructive/40 [&_svg]:pointer-events-none [&_svg]:shrink-0 border-border bg-background hover:bg-muted hover:text-foreground aria-expanded:bg-muted aria-e
xpanded:text-foreground dark:border-input dark:bg-input/30 dark:hover:bg-input/50 h-7 gap-1 rounded-[min(var(--radius-md),12px)] px-2.5 text-[0.8rem] in-data-[slot=
button-group]:rounded-lg has-data-[icon=inline-end]:pr-1.5 has-data-[icon=inline-start]:pl-1.5 [&_svg:not([class*='size-'])]:size-3.5"[39m
            [33mdata-size[39m=[32m"sm"[39m
            [33mdata-slot[39m=[32m"button"[39m
            [33mdata-variant[39m=[32m"outline"[39m
          [36m>[39m
            [0mNext тЖТ[0m
          [36m</button>[39m
        [36m</div>[39m
        [36m<div[39m
          [33maria-label[39m=[32m"╨б╤В╤А╨╛╨║ ╨╜╨░ ╤Б╤В╤А╨░╨╜╨╕╤Ж╨╡"[39m
          [33mclass[39m=[32m"flex items-center gap-1.5"[39m
          [33mrole[39m=[32m"group"[39m
        [36m>[39m
          [36m<span[39m
            [33mclass[39m=[32m"text-xs text-slate-500 dark:te...
[90m [2mтЭп[22m Object.getElementError node_modules/@testing-library/dom/dist/config.js:[2m37:19[22m[39m
[90m [2mтЭп[22m node_modules/@testing-library/dom/dist/query-helpers.js:[2m76:38[22m[39m
[90m [2mтЭп[22m node_modules/@testing-library/dom/dist/query-helpers.js:[2m52:17[22m[39m
[90m [2mтЭп[22m node_modules/@testing-library/dom/dist/query-helpers.js:[2m95:19[22m[39m
[36m [2mтЭп[22m src/components/articles/PaginationBar.test.tsx:[2m64:34[22m[39m
    [90m 62|[39m       <PaginationBar {...defaults} page={2} onPageChange={onPageChangeтАж
    [90m 63|[39m     )[33m;[39m
    [90m 64|[39m     await userEvent.click(screen.getByRole('button', { name: /prev/i }тАж
    [90m   |[39m                                  [31m^[39m
    [90m 65|[39m     [34mexpect[39m(onPageChange)[33m.[39m[34mtoHaveBeenCalledWith[39m([34m1[39m)[33m;[39m
    [90m 66|[39m   })[33m;[39m

[31m[2mтОптОптОптОптОптОптОптОптОптОптОптОптОптОптОптОптОптОптОптОптОптОптОптОп[4/6]тОп[22m[39m

[41m[1m FAIL [22m[49m src/components/articles/PaginationBar.test.tsx[2m > [22mPaginationBar тАФ ╨╜╨░╨▓╨╕╨│╨░╤Ж╨╕╤П[2m > [22m╨║╨╗╨╕╨║ Next ╨▓╤Л╨╖╤Л╨▓╨░╨╡╤В o
nPageChange(page + 1)
[31m[1mTestingLibraryElementError[22m[39m: Unable to find an accessible element with the role "button" and name `/next/i`

Here are the accessible roles:

  navigation:

  Name "╨Э╨░╨▓╨╕╨│╨░╤Ж╨╕╤П ╨┐╨╛ ╤Б╤В╤А╨░╨╜╨╕╤Ж╨░╨╝":
  [36m<nav[39m
    [33maria-label[39m=[32m"╨Э╨░╨▓╨╕╨│╨░╤Ж╨╕╤П ╨┐╨╛ ╤Б╤В╤А╨░╨╜╨╕╤Ж╨░╨╝"[39m
    [33mclass[39m=[32m"mt-4"[39m
  [36m/>[39m

  --------------------------------------------------
  group:

  Name "╨б╤В╤А╨░╨╜╨╕╤Ж╤Л":
  [36m<div[39m
    [33maria-label[39m=[32m"╨б╤В╤А╨░╨╜╨╕╤Ж╤Л"[39m
    [33mclass[39m=[32m"flex items-center gap-1"[39m
    [33mrole[39m=[32m"group"[39m
  [36m/>[39m

  Name "╨б╤В╤А╨╛╨║ ╨╜╨░ ╤Б╤В╤А╨░╨╜╨╕╤Ж╨╡":
  [36m<div[39m
    [33maria-label[39m=[32m"╨б╤В╤А╨╛╨║ ╨╜╨░ ╤Б╤В╤А╨░╨╜╨╕╤Ж╨╡"[39m
    [33mclass[39m=[32m"flex items-center gap-1.5"[39m
    [33mrole[39m=[32m"group"[39m
  [36m/>[39m

  --------------------------------------------------
  button:

  Name "╨Я╤А╨╡╨┤╤Л╨┤╤Г╤Й╨░╤П ╤Б╤В╤А╨░╨╜╨╕╤Ж╨░":
  [36m<button[39m
    [33maria-label[39m=[32m"╨Я╤А╨╡╨┤╤Л╨┤╤Г╤Й╨░╤П ╤Б╤В╤А╨░╨╜╨╕╤Ж╨░"[39m
    [33mclass[39m=[32m"group/button inline-flex shrink-0 items-center justify-center border bg-clip-padding font-medium whitespace-nowrap transition-all outline-
none select-none focus-visible:border-ring focus-visible:ring-3 focus-visible:ring-ring/50 active:not-aria-[haspopup]:translate-y-px disabled:pointer-events-none di
sabled:opacity-50 aria-invalid:border-destructive aria-invalid:ring-3 aria-invalid:ring-destructive/20 dark:aria-invalid:border-destructive/50 dark:aria-invalid:rin
g-destructive/40 [&_svg]:pointer-events-none [&_svg]:shrink-0 border-border bg-background hover:bg-muted hover:text-foreground aria-expanded:bg-muted aria-expanded:
text-foreground dark:border-input dark:bg-input/30 dark:hover:bg-input/50 h-7 gap-1 rounded-[min(var(--radius-md),12px)] px-2.5 text-[0.8rem] in-data-[slot=button-g
roup]:rounded-lg has-data-[icon=inline-end]:pr-1.5 has-data-[icon=inline-start]:pl-1.5 [&_svg:not([class*='size-'])]:size-3.5"[39m
    [33mdata-size[39m=[32m"sm"[39m
    [33mdata-slot[39m=[32m"button"[39m
    [33mdata-variant[39m=[32m"outline"[39m
    [33mdisabled[39m=[32m""[39m
  [36m/>[39m

  Name "1":
  [36m<button[39m
    [33maria-current[39m=[32m"page"[39m
    [33mclass[39m=[32m"group/button inline-flex shrink-0 items-center justify-center border border-transparent bg-clip-padding font-medium whitespace-nowrap tran
sition-all outline-none select-none focus-visible:border-ring focus-visible:ring-3 focus-visible:ring-ring/50 active:not-aria-[haspopup]:translate-y-px disabled:poi
nter-events-none disabled:opacity-50 aria-invalid:border-destructive aria-invalid:ring-3 aria-invalid:ring-destructive/20 dark:aria-invalid:border-destructive/50 da
rk:aria-invalid:ring-destructive/40 [&_svg]:pointer-events-none [&_svg]:shrink-0 bg-primary text-primary-foreground [a]:hover:bg-primary/80 h-7 gap-1 rounded-[min(v
ar(--radius-md),12px)] px-2.5 text-[0.8rem] in-data-[slot=button-group]:rounded-lg has-data-[icon=inline-end]:pr-1.5 has-data-[icon=inline-start]:pl-1.5 [&_svg:not(
[class*='size-'])]:size-3.5"[39m
    [33mdata-size[39m=[32m"sm"[39m
    [33mdata-slot[39m=[32m"button"[39m
    [33mdata-variant[39m=[32m"default"[39m
  [36m/>[39m

  Name "2":
  [36m<button[39m
    [33mclass[39m=[32m"group/button inline-flex shrink-0 items-center justify-center border bg-clip-padding font-medium whitespace-nowrap transition-all outline-
none select-none focus-visible:border-ring focus-visible:ring-3 focus-visible:ring-ring/50 active:not-aria-[haspopup]:translate-y-px disabled:pointer-events-none di
sabled:opacity-50 aria-invalid:border-destructive aria-invalid:ring-3 aria-invalid:ring-destructive/20 dark:aria-invalid:border-destructive/50 dark:aria-invalid:rin
g-destructive/40 [&_svg]:pointer-events-none [&_svg]:shrink-0 border-border bg-background hover:bg-muted hover:text-foreground aria-expanded:bg-muted aria-expanded:
text-foreground dark:border-input dark:bg-input/30 dark:hover:bg-input/50 h-7 gap-1 rounded-[min(var(--radius-md),12px)] px-2.5 text-[0.8rem] in-data-[slot=button-g
roup]:rounded-lg has-data-[icon=inline-end]:pr-1.5 has-data-[icon=inline-start]:pl-1.5 [&_svg:not([class*='size-'])]:size-3.5"[39m
    [33mdata-size[39m=[32m"sm"[39m
    [33mdata-slot[39m=[32m"button"[39m
    [33mdata-variant[39m=[32m"outline"[39m
  [36m/>[39m

  Name "3":
  [36m<button[39m
    [33mclass[39m=[32m"group/button inline-flex shrink-0 items-center justify-center border bg-clip-padding font-medium whitespace-nowrap transition-all outline-
none select-none focus-visible:border-ring focus-visible:ring-3 focus-visible:ring-ring/50 active:not-aria-[haspopup]:translate-y-px disabled:pointer-events-none di
sabled:opacity-50 aria-invalid:border-destructive aria-invalid:ring-3 aria-invalid:ring-destructive/20 dark:aria-invalid:border-destructive/50 dark:aria-invalid:rin
g-destructive/40 [&_svg]:pointer-events-none [&_svg]:shrink-0 border-border bg-background hover:bg-muted hover:text-foreground aria-expanded:bg-muted aria-expanded:
text-foreground dark:border-input dark:bg-input/30 dark:hover:bg-input/50 h-7 gap-1 rounded-[min(var(--radius-md),12px)] px-2.5 text-[0.8rem] in-data-[slot=button-g
roup]:rounded-lg has-data-[icon=inline-end]:pr-1.5 has-data-[icon=inline-start]:pl-1.5 [&_svg:not([class*='size-'])]:size-3.5"[39m
    [33mdata-size[39m=[32m"sm"[39m
    [33mdata-slot[39m=[32m"button"[39m
    [33mdata-variant[39m=[32m"outline"[39m
  [36m/>[39m

  Name "╨б╨╗╨╡╨┤╤Г╤О╤Й╨░╤П ╤Б╤В╤А╨░╨╜╨╕╤Ж╨░":
  [36m<button[39m
    [33maria-label[39m=[32m"╨б╨╗╨╡╨┤╤Г╤О╤Й╨░╤П ╤Б╤В╤А╨░╨╜╨╕╤Ж╨░"[39m
    [33mclass[39m=[32m"group/button inline-flex shrink-0 items-center justify-center border bg-clip-padding font-medium whitespace-nowrap transition-all outline-
none select-none focus-visible:border-ring focus-visible:ring-3 focus-visible:ring-ring/50 active:not-aria-[haspopup]:translate-y-px disabled:pointer-events-none di
sabled:opacity-50 aria-invalid:border-destructive aria-invalid:ring-3 aria-invalid:ring-destructive/20 dark:aria-invalid:border-destructive/50 dark:aria-invalid:rin
g-destructive/40 [&_svg]:pointer-events-none [&_svg]:shrink-0 border-border bg-background hover:bg-muted hover:text-foreground aria-expanded:bg-muted aria-expanded:
text-foreground dark:border-input dark:bg-input/30 dark:hover:bg-input/50 h-7 gap-1 rounded-[min(var(--radius-md),12px)] px-2.5 text-[0.8rem] in-data-[slot=button-g
roup]:rounded-lg has-data-[icon=inline-end]:pr-1.5 has-data-[icon=inline-start]:pl-1.5 [&_svg:not([class*='size-'])]:size-3.5"[39m
    [33mdata-size[39m=[32m"sm"[39m
    [33mdata-slot[39m=[32m"button"[39m
    [33mdata-variant[39m=[32m"outline"[39m
  [36m/>[39m

  Name "10":
  [36m<button[39m
    [33mclass[39m=[32m"group/button inline-flex shrink-0 items-center justify-center border border-transparent bg-clip-padding font-medium whitespace-nowrap tran
sition-all outline-none select-none focus-visible:border-ring focus-visible:ring-3 focus-visible:ring-ring/50 active:not-aria-[haspopup]:translate-y-px disabled:poi
nter-events-none disabled:opacity-50 aria-invalid:border-destructive aria-invalid:ring-3 aria-invalid:ring-destructive/20 dark:aria-invalid:border-destructive/50 da
rk:aria-invalid:ring-destructive/40 [&_svg]:pointer-events-none [&_svg]:shrink-0 bg-primary text-primary-foreground [a]:hover:bg-primary/80 h-7 gap-1 rounded-[min(v
ar(--radius-md),12px)] px-2.5 text-[0.8rem] in-data-[slot=button-group]:rounded-lg has-data-[icon=inline-end]:pr-1.5 has-data-[icon=inline-start]:pl-1.5 [&_svg:not(
[class*='size-'])]:size-3.5"[39m
    [33mdata-size[39m=[32m"sm"[39m
    [33mdata-slot[39m=[32m"button"[39m
    [33mdata-variant[39m=[32m"default"[39m
  [36m/>[39m

  Name "25":
  [36m<button[39m
    [33mclass[39m=[32m"group/button inline-flex shrink-0 items-center justify-center border bg-clip-padding font-medium whitespace-nowrap transition-all outline-
none select-none focus-visible:border-ring focus-visible:ring-3 focus-visible:ring-ring/50 active:not-aria-[haspopup]:translate-y-px disabled:pointer-events-none di
sabled:opacity-50 aria-invalid:border-destructive aria-invalid:ring-3 aria-invalid:ring-destructive/20 dark:aria-invalid:border-destructive/50 dark:aria-invalid:rin
g-destructive/40 [&_svg]:pointer-events-none [&_svg]:shrink-0 border-border bg-background hover:bg-muted hover:text-foreground aria-expanded:bg-muted aria-expanded:
text-foreground dark:border-input dark:bg-input/30 dark:hover:bg-input/50 h-7 gap-1 rounded-[min(var(--radius-md),12px)] px-2.5 text-[0.8rem] in-data-[slot=button-g
roup]:rounded-lg has-data-[icon=inline-end]:pr-1.5 has-data-[icon=inline-start]:pl-1.5 [&_svg:not([class*='size-'])]:size-3.5"[39m
    [33mdata-size[39m=[32m"sm"[39m
    [33mdata-slot[39m=[32m"button"[39m
    [33mdata-variant[39m=[32m"outline"[39m
  [36m/>[39m

  Name "50":
  [36m<button[39m
    [33mclass[39m=[32m"group/button inline-flex shrink-0 items-center justify-center border bg-clip-padding font-medium whitespace-nowrap transition-all outline-
none select-none focus-visible:border-ring focus-visible:ring-3 focus-visible:ring-ring/50 active:not-aria-[haspopup]:translate-y-px disabled:pointer-events-none di
sabled:opacity-50 aria-invalid:border-destructive aria-invalid:ring-3 aria-invalid:ring-destructive/20 dark:aria-invalid:border-destructive/50 dark:aria-invalid:rin
g-destructive/40 [&_svg]:pointer-events-none [&_svg]:shrink-0 border-border bg-background hover:bg-muted hover:text-foreground aria-expanded:bg-muted aria-expanded:
text-foreground dark:border-input dark:bg-input/30 dark:hover:bg-input/50 h-7 gap-1 rounded-[min(var(--radius-md),12px)] px-2.5 text-[0.8rem] in-data-[slot=button-g
roup]:rounded-lg has-data-[icon=inline-end]:pr-1.5 has-data-[icon=inline-start]:pl-1.5 [&_svg:not([class*='size-'])]:size-3.5"[39m
    [33mdata-size[39m=[32m"sm"[39m
    [33mdata-slot[39m=[32m"button"[39m
    [33mdata-variant[39m=[32m"outline"[39m
  [36m/>[39m

  --------------------------------------------------

Ignored nodes: comments, script, style
[36m<body>[39m
  [36m<div>[39m
    [36m<nav[39m
      [33maria-label[39m=[32m"╨Э╨░╨▓╨╕╨│╨░╤Ж╨╕╤П ╨┐╨╛ ╤Б╤В╤А╨░╨╜╨╕╤Ж╨░╨╝"[39m
      [33mclass[39m=[32m"mt-4"[39m
    [36m>[39m
      [36m<div[39m
        [33mclass[39m=[32m"flex flex-wrap items-center justify-between gap-y-2 gap-x-4"[39m
      [36m>[39m
        [36m<div[39m
          [33maria-label[39m=[32m"╨б╤В╤А╨░╨╜╨╕╤Ж╤Л"[39m
          [33mclass[39m=[32m"flex items-center gap-1"[39m
          [33mrole[39m=[32m"group"[39m
        [36m>[39m
          [36m<button[39m
            [33maria-label[39m=[32m"╨Я╤А╨╡╨┤╤Л╨┤╤Г╤Й╨░╤П ╤Б╤В╤А╨░╨╜╨╕╤Ж╨░"[39m
            [33mclass[39m=[32m"group/button inline-flex shrink-0 items-center justify-center border bg-clip-padding font-medium whitespace-nowrap transition-all 
outline-none select-none focus-visible:border-ring focus-visible:ring-3 focus-visible:ring-ring/50 active:not-aria-[haspopup]:translate-y-px disabled:pointer-events
-none disabled:opacity-50 aria-invalid:border-destructive aria-invalid:ring-3 aria-invalid:ring-destructive/20 dark:aria-invalid:border-destructive/50 dark:aria-inv
alid:ring-destructive/40 [&_svg]:pointer-events-none [&_svg]:shrink-0 border-border bg-background hover:bg-muted hover:text-foreground aria-expanded:bg-muted aria-e
xpanded:text-foreground dark:border-input dark:bg-input/30 dark:hover:bg-input/50 h-7 gap-1 rounded-[min(var(--radius-md),12px)] px-2.5 text-[0.8rem] in-data-[slot=
button-group]:rounded-lg has-data-[icon=inline-end]:pr-1.5 has-data-[icon=inline-start]:pl-1.5 [&_svg:not([class*='size-'])]:size-3.5"[39m
            [33mdata-size[39m=[32m"sm"[39m
            [33mdata-slot[39m=[32m"button"[39m
            [33mdata-variant[39m=[32m"outline"[39m
            [33mdisabled[39m=[32m""[39m
          [36m>[39m
            [0mтЖР Prev[0m
          [36m</button>[39m
          [36m<button[39m
            [33maria-current[39m=[32m"page"[39m
            [33mclass[39m=[32m"group/button inline-flex shrink-0 items-center justify-center border border-transparent bg-clip-padding font-medium whitespace-now
rap transition-all outline-none select-none focus-visible:border-ring focus-visible:ring-3 focus-visible:ring-ring/50 active:not-aria-[haspopup]:translate-y-px disa
bled:pointer-events-none disabled:opacity-50 aria-invalid:border-destructive aria-invalid:ring-3 aria-invalid:ring-destructive/20 dark:aria-invalid:border-destructi
ve/50 dark:aria-invalid:ring-destructive/40 [&_svg]:pointer-events-none [&_svg]:shrink-0 bg-primary text-primary-foreground [a]:hover:bg-primary/80 h-7 gap-1 rounde
d-[min(var(--radius-md),12px)] px-2.5 text-[0.8rem] in-data-[slot=button-group]:rounded-lg has-data-[icon=inline-end]:pr-1.5 has-data-[icon=inline-start]:pl-1.5 [&_
svg:not([class*='size-'])]:size-3.5"[39m
            [33mdata-size[39m=[32m"sm"[39m
            [33mdata-slot[39m=[32m"button"[39m
            [33mdata-variant[39m=[32m"default"[39m
          [36m>[39m
            [0m1[0m
          [36m</button>[39m
          [36m<button[39m
            [33mclass[39m=[32m"group/button inline-flex shrink-0 items-center justify-center border bg-clip-padding font-medium whitespace-nowrap transition-all 
outline-none select-none focus-visible:border-ring focus-visible:ring-3 focus-visible:ring-ring/50 active:not-aria-[haspopup]:translate-y-px disabled:pointer-events
-none disabled:opacity-50 aria-invalid:border-destructive aria-invalid:ring-3 aria-invalid:ring-destructive/20 dark:aria-invalid:border-destructive/50 dark:aria-inv
alid:ring-destructive/40 [&_svg]:pointer-events-none [&_svg]:shrink-0 border-border bg-background hover:bg-muted hover:text-foreground aria-expanded:bg-muted aria-e
xpanded:text-foreground dark:border-input dark:bg-input/30 dark:hover:bg-input/50 h-7 gap-1 rounded-[min(var(--radius-md),12px)] px-2.5 text-[0.8rem] in-data-[slot=
button-group]:rounded-lg has-data-[icon=inline-end]:pr-1.5 has-data-[icon=inline-start]:pl-1.5 [&_svg:not([class*='size-'])]:size-3.5"[39m
            [33mdata-size[39m=[32m"sm"[39m
            [33mdata-slot[39m=[32m"button"[39m
            [33mdata-variant[39m=[32m"outline"[39m
          [36m>[39m
            [0m2[0m
          [36m</button>[39m
          [36m<button[39m
            [33mclass[39m=[32m"group/button inline-flex shrink-0 items-center justify-center border bg-clip-padding font-medium whitespace-nowrap transition-all 
outline-none select-none focus-visible:border-ring focus-visible:ring-3 focus-visible:ring-ring/50 active:not-aria-[haspopup]:translate-y-px disabled:pointer-events
-none disabled:opacity-50 aria-invalid:border-destructive aria-invalid:ring-3 aria-invalid:ring-destructive/20 dark:aria-invalid:border-destructive/50 dark:aria-inv
alid:ring-destructive/40 [&_svg]:pointer-events-none [&_svg]:shrink-0 border-border bg-background hover:bg-muted hover:text-foreground aria-expanded:bg-muted aria-e
xpanded:text-foreground dark:border-input dark:bg-input/30 dark:hover:bg-input/50 h-7 gap-1 rounded-[min(var(--radius-md),12px)] px-2.5 text-[0.8rem] in-data-[slot=
button-group]:rounded-lg has-data-[icon=inline-end]:pr-1.5 has-data-[icon=inline-start]:pl-1.5 [&_svg:not([class*='size-'])]:size-3.5"[39m
            [33mdata-size[39m=[32m"sm"[39m
            [33mdata-slot[39m=[32m"button"[39m
            [33mdata-variant[39m=[32m"outline"[39m
          [36m>[39m
            [0m3[0m
          [36m</button>[39m
          [36m<button[39m
            [33maria-label[39m=[32m"╨б╨╗╨╡╨┤╤Г╤О╤Й╨░╤П ╤Б╤В╤А╨░╨╜╨╕╤Ж╨░"[39m
            [33mclass[39m=[32m"group/button inline-flex shrink-0 items-center justify-center border bg-clip-padding font-medium whitespace-nowrap transition-all 
outline-none select-none focus-visible:border-ring focus-visible:ring-3 focus-visible:ring-ring/50 active:not-aria-[haspopup]:translate-y-px disabled:pointer-events
-none disabled:opacity-50 aria-invalid:border-destructive aria-invalid:ring-3 aria-invalid:ring-destructive/20 dark:aria-invalid:border-destructive/50 dark:aria-inv
alid:ring-destructive/40 [&_svg]:pointer-events-none [&_svg]:shrink-0 border-border bg-background hover:bg-muted hover:text-foreground aria-expanded:bg-muted aria-e
xpanded:text-foreground dark:border-input dark:bg-input/30 dark:hover:bg-input/50 h-7 gap-1 rounded-[min(var(--radius-md),12px)] px-2.5 text-[0.8rem] in-data-[slot=
button-group]:rounded-lg has-data-[icon=inline-end]:pr-1.5 has-data-[icon=inline-start]:pl-1.5 [&_svg:not([class*='size-'])]:size-3.5"[39m
            [33mdata-size[39m=[32m"sm"[39m
            [33mdata-slot[39m=[32m"button"[39m
            [33mdata-variant[39m=[32m"outline"[39m
          [36m>[39m
            [0mNext тЖТ[0m
          [36m</button>[39m
        [36m</div>[39m
        [36m<div[39m
          [33maria-label[39m=[32m"╨б╤В╤А╨╛╨║ ╨╜╨░ ╤Б╤В╤А╨░╨╜╨╕╤Ж╨╡"[39m
          [33mclass[39m=[32m"flex items-center gap-1.5"[39m
          [33mrole[39m=[32m"group"[39m
        [36m>[39m
          [36m<span[39m
            [33mcla...
[90m [2mтЭп[22m Object.getElementError node_modules/@testing-library/dom/dist/config.js:[2m37:19[22m[39m
[90m [2mтЭп[22m node_modules/@testing-library/dom/dist/query-helpers.js:[2m76:38[22m[39m
[90m [2mтЭп[22m node_modules/@testing-library/dom/dist/query-helpers.js:[2m52:17[22m[39m
[90m [2mтЭп[22m node_modules/@testing-library/dom/dist/query-helpers.js:[2m95:19[22m[39m
[36m [2mтЭп[22m src/components/articles/PaginationBar.test.tsx:[2m73:34[22m[39m
    [90m 71|[39m       <PaginationBar {...defaults} page={1} onPageChange={onPageChangeтАж
    [90m 72|[39m     )[33m;[39m
    [90m 73|[39m     await userEvent.click(screen.getByRole('button', { name: /next/i }тАж
    [90m   |[39m                                  [31m^[39m
    [90m 74|[39m     [34mexpect[39m(onPageChange)[33m.[39m[34mtoHaveBeenCalledWith[39m([34m2[39m)[33m;[39m
    [90m 75|[39m   })[33m;[39m

[31m[2mтОптОптОптОптОптОптОптОптОптОптОптОптОптОптОптОптОптОптОптОптОптОптОптОп[5/6]тОп[22m[39m

[41m[1m FAIL [22m[49m src/components/articles/PaginationBar.test.tsx[2m > [22mPaginationBar тАФ accessibility[2m > [22msafePage: page=0 ╨╜╨╡ ╨▓╤Л╨╖╤Л╨▓╨░╨╡╤
В ╨╛╤И╨╕╨▒╨╛╨║ (Math.max ╨╖╨░╤Й╨╕╤В╨░)
[31m[1mTestingLibraryElementError[22m[39m: Unable to find an accessible element with the role "button" and name `/prev/i`

Here are the accessible roles:

  navigation:

  Name "╨Э╨░╨▓╨╕╨│╨░╤Ж╨╕╤П ╨┐╨╛ ╤Б╤В╤А╨░╨╜╨╕╤Ж╨░╨╝":
  [36m<nav[39m
    [33maria-label[39m=[32m"╨Э╨░╨▓╨╕╨│╨░╤Ж╨╕╤П ╨┐╨╛ ╤Б╤В╤А╨░╨╜╨╕╤Ж╨░╨╝"[39m
    [33mclass[39m=[32m"mt-4"[39m
  [36m/>[39m

  --------------------------------------------------
  group:

  Name "╨б╤В╤А╨░╨╜╨╕╤Ж╤Л":
  [36m<div[39m
    [33maria-label[39m=[32m"╨б╤В╤А╨░╨╜╨╕╤Ж╤Л"[39m
    [33mclass[39m=[32m"flex items-center gap-1"[39m
    [33mrole[39m=[32m"group"[39m
  [36m/>[39m

  Name "╨б╤В╤А╨╛╨║ ╨╜╨░ ╤Б╤В╤А╨░╨╜╨╕╤Ж╨╡":
  [36m<div[39m
    [33maria-label[39m=[32m"╨б╤В╤А╨╛╨║ ╨╜╨░ ╤Б╤В╤А╨░╨╜╨╕╤Ж╨╡"[39m
    [33mclass[39m=[32m"flex items-center gap-1.5"[39m
    [33mrole[39m=[32m"group"[39m
  [36m/>[39m

  --------------------------------------------------
  button:

  Name "╨Я╤А╨╡╨┤╤Л╨┤╤Г╤Й╨░╤П ╤Б╤В╤А╨░╨╜╨╕╤Ж╨░":
  [36m<button[39m
    [33maria-label[39m=[32m"╨Я╤А╨╡╨┤╤Л╨┤╤Г╤Й╨░╤П ╤Б╤В╤А╨░╨╜╨╕╤Ж╨░"[39m
    [33mclass[39m=[32m"group/button inline-flex shrink-0 items-center justify-center border bg-clip-padding font-medium whitespace-nowrap transition-all outline-
none select-none focus-visible:border-ring focus-visible:ring-3 focus-visible:ring-ring/50 active:not-aria-[haspopup]:translate-y-px disabled:pointer-events-none di
sabled:opacity-50 aria-invalid:border-destructive aria-invalid:ring-3 aria-invalid:ring-destructive/20 dark:aria-invalid:border-destructive/50 dark:aria-invalid:rin
g-destructive/40 [&_svg]:pointer-events-none [&_svg]:shrink-0 border-border bg-background hover:bg-muted hover:text-foreground aria-expanded:bg-muted aria-expanded:
text-foreground dark:border-input dark:bg-input/30 dark:hover:bg-input/50 h-7 gap-1 rounded-[min(var(--radius-md),12px)] px-2.5 text-[0.8rem] in-data-[slot=button-g
roup]:rounded-lg has-data-[icon=inline-end]:pr-1.5 has-data-[icon=inline-start]:pl-1.5 [&_svg:not([class*='size-'])]:size-3.5"[39m
    [33mdata-size[39m=[32m"sm"[39m
    [33mdata-slot[39m=[32m"button"[39m
    [33mdata-variant[39m=[32m"outline"[39m
    [33mdisabled[39m=[32m""[39m
  [36m/>[39m

  Name "1":
  [36m<button[39m
    [33maria-current[39m=[32m"page"[39m
    [33mclass[39m=[32m"group/button inline-flex shrink-0 items-center justify-center border border-transparent bg-clip-padding font-medium whitespace-nowrap tran
sition-all outline-none select-none focus-visible:border-ring focus-visible:ring-3 focus-visible:ring-ring/50 active:not-aria-[haspopup]:translate-y-px disabled:poi
nter-events-none disabled:opacity-50 aria-invalid:border-destructive aria-invalid:ring-3 aria-invalid:ring-destructive/20 dark:aria-invalid:border-destructive/50 da
rk:aria-invalid:ring-destructive/40 [&_svg]:pointer-events-none [&_svg]:shrink-0 bg-primary text-primary-foreground [a]:hover:bg-primary/80 h-7 gap-1 rounded-[min(v
ar(--radius-md),12px)] px-2.5 text-[0.8rem] in-data-[slot=button-group]:rounded-lg has-data-[icon=inline-end]:pr-1.5 has-data-[icon=inline-start]:pl-1.5 [&_svg:not(
[class*='size-'])]:size-3.5"[39m
    [33mdata-size[39m=[32m"sm"[39m
    [33mdata-slot[39m=[32m"button"[39m
    [33mdata-variant[39m=[32m"default"[39m
  [36m/>[39m

  Name "2":
  [36m<button[39m
    [33mclass[39m=[32m"group/button inline-flex shrink-0 items-center justify-center border bg-clip-padding font-medium whitespace-nowrap transition-all outline-
none select-none focus-visible:border-ring focus-visible:ring-3 focus-visible:ring-ring/50 active:not-aria-[haspopup]:translate-y-px disabled:pointer-events-none di
sabled:opacity-50 aria-invalid:border-destructive aria-invalid:ring-3 aria-invalid:ring-destructive/20 dark:aria-invalid:border-destructive/50 dark:aria-invalid:rin
g-destructive/40 [&_svg]:pointer-events-none [&_svg]:shrink-0 border-border bg-background hover:bg-muted hover:text-foreground aria-expanded:bg-muted aria-expanded:
text-foreground dark:border-input dark:bg-input/30 dark:hover:bg-input/50 h-7 gap-1 rounded-[min(var(--radius-md),12px)] px-2.5 text-[0.8rem] in-data-[slot=button-g
roup]:rounded-lg has-data-[icon=inline-end]:pr-1.5 has-data-[icon=inline-start]:pl-1.5 [&_svg:not([class*='size-'])]:size-3.5"[39m
    [33mdata-size[39m=[32m"sm"[39m
    [33mdata-slot[39m=[32m"button"[39m
    [33mdata-variant[39m=[32m"outline"[39m
  [36m/>[39m

  Name "3":
  [36m<button[39m
    [33mclass[39m=[32m"group/button inline-flex shrink-0 items-center justify-center border bg-clip-padding font-medium whitespace-nowrap transition-all outline-
none select-none focus-visible:border-ring focus-visible:ring-3 focus-visible:ring-ring/50 active:not-aria-[haspopup]:translate-y-px disabled:pointer-events-none di
sabled:opacity-50 aria-invalid:border-destructive aria-invalid:ring-3 aria-invalid:ring-destructive/20 dark:aria-invalid:border-destructive/50 dark:aria-invalid:rin
g-destructive/40 [&_svg]:pointer-events-none [&_svg]:shrink-0 border-border bg-background hover:bg-muted hover:text-foreground aria-expanded:bg-muted aria-expanded:
text-foreground dark:border-input dark:bg-input/30 dark:hover:bg-input/50 h-7 gap-1 rounded-[min(var(--radius-md),12px)] px-2.5 text-[0.8rem] in-data-[slot=button-g
roup]:rounded-lg has-data-[icon=inline-end]:pr-1.5 has-data-[icon=inline-start]:pl-1.5 [&_svg:not([class*='size-'])]:size-3.5"[39m
    [33mdata-size[39m=[32m"sm"[39m
    [33mdata-slot[39m=[32m"button"[39m
    [33mdata-variant[39m=[32m"outline"[39m
  [36m/>[39m

  Name "╨б╨╗╨╡╨┤╤Г╤О╤Й╨░╤П ╤Б╤В╤А╨░╨╜╨╕╤Ж╨░":
  [36m<button[39m
    [33maria-label[39m=[32m"╨б╨╗╨╡╨┤╤Г╤О╤Й╨░╤П ╤Б╤В╤А╨░╨╜╨╕╤Ж╨░"[39m
    [33mclass[39m=[32m"group/button inline-flex shrink-0 items-center justify-center border bg-clip-padding font-medium whitespace-nowrap transition-all outline-
none select-none focus-visible:border-ring focus-visible:ring-3 focus-visible:ring-ring/50 active:not-aria-[haspopup]:translate-y-px disabled:pointer-events-none di
sabled:opacity-50 aria-invalid:border-destructive aria-invalid:ring-3 aria-invalid:ring-destructive/20 dark:aria-invalid:border-destructive/50 dark:aria-invalid:rin
g-destructive/40 [&_svg]:pointer-events-none [&_svg]:shrink-0 border-border bg-background hover:bg-muted hover:text-foreground aria-expanded:bg-muted aria-expanded:
text-foreground dark:border-input dark:bg-input/30 dark:hover:bg-input/50 h-7 gap-1 rounded-[min(var(--radius-md),12px)] px-2.5 text-[0.8rem] in-data-[slot=button-g
roup]:rounded-lg has-data-[icon=inline-end]:pr-1.5 has-data-[icon=inline-start]:pl-1.5 [&_svg:not([class*='size-'])]:size-3.5"[39m
    [33mdata-size[39m=[32m"sm"[39m
    [33mdata-slot[39m=[32m"button"[39m
    [33mdata-variant[39m=[32m"outline"[39m
  [36m/>[39m

  Name "10":
  [36m<button[39m
    [33mclass[39m=[32m"group/button inline-flex shrink-0 items-center justify-center border border-transparent bg-clip-padding font-medium whitespace-nowrap tran
sition-all outline-none select-none focus-visible:border-ring focus-visible:ring-3 focus-visible:ring-ring/50 active:not-aria-[haspopup]:translate-y-px disabled:poi
nter-events-none disabled:opacity-50 aria-invalid:border-destructive aria-invalid:ring-3 aria-invalid:ring-destructive/20 dark:aria-invalid:border-destructive/50 da
rk:aria-invalid:ring-destructive/40 [&_svg]:pointer-events-none [&_svg]:shrink-0 bg-primary text-primary-foreground [a]:hover:bg-primary/80 h-7 gap-1 rounded-[min(v
ar(--radius-md),12px)] px-2.5 text-[0.8rem] in-data-[slot=button-group]:rounded-lg has-data-[icon=inline-end]:pr-1.5 has-data-[icon=inline-start]:pl-1.5 [&_svg:not(
[class*='size-'])]:size-3.5"[39m
    [33mdata-size[39m=[32m"sm"[39m
    [33mdata-slot[39m=[32m"button"[39m
    [33mdata-variant[39m=[32m"default"[39m
  [36m/>[39m

  Name "25":
  [36m<button[39m
    [33mclass[39m=[32m"group/button inline-flex shrink-0 items-center justify-center border bg-clip-padding font-medium whitespace-nowrap transition-all outline-
none select-none focus-visible:border-ring focus-visible:ring-3 focus-visible:ring-ring/50 active:not-aria-[haspopup]:translate-y-px disabled:pointer-events-none di
sabled:opacity-50 aria-invalid:border-destructive aria-invalid:ring-3 aria-invalid:ring-destructive/20 dark:aria-invalid:border-destructive/50 dark:aria-invalid:rin
g-destructive/40 [&_svg]:pointer-events-none [&_svg]:shrink-0 border-border bg-background hover:bg-muted hover:text-foreground aria-expanded:bg-muted aria-expanded:
text-foreground dark:border-input dark:bg-input/30 dark:hover:bg-input/50 h-7 gap-1 rounded-[min(var(--radius-md),12px)] px-2.5 text-[0.8rem] in-data-[slot=button-g
roup]:rounded-lg has-data-[icon=inline-end]:pr-1.5 has-data-[icon=inline-start]:pl-1.5 [&_svg:not([class*='size-'])]:size-3.5"[39m
    [33mdata-size[39m=[32m"sm"[39m
    [33mdata-slot[39m=[32m"button"[39m
    [33mdata-variant[39m=[32m"outline"[39m
  [36m/>[39m

  Name "50":
  [36m<button[39m
    [33mclass[39m=[32m"group/button inline-flex shrink-0 items-center justify-center border bg-clip-padding font-medium whitespace-nowrap transition-all outline-
none select-none focus-visible:border-ring focus-visible:ring-3 focus-visible:ring-ring/50 active:not-aria-[haspopup]:translate-y-px disabled:pointer-events-none di
sabled:opacity-50 aria-invalid:border-destructive aria-invalid:ring-3 aria-invalid:ring-destructive/20 dark:aria-invalid:border-destructive/50 dark:aria-invalid:rin
g-destructive/40 [&_svg]:pointer-events-none [&_svg]:shrink-0 border-border bg-background hover:bg-muted hover:text-foreground aria-expanded:bg-muted aria-expanded:
text-foreground dark:border-input dark:bg-input/30 dark:hover:bg-input/50 h-7 gap-1 rounded-[min(var(--radius-md),12px)] px-2.5 text-[0.8rem] in-data-[slot=button-g
roup]:rounded-lg has-data-[icon=inline-end]:pr-1.5 has-data-[icon=inline-start]:pl-1.5 [&_svg:not([class*='size-'])]:size-3.5"[39m
    [33mdata-size[39m=[32m"sm"[39m
    [33mdata-slot[39m=[32m"button"[39m
    [33mdata-variant[39m=[32m"outline"[39m
  [36m/>[39m

  --------------------------------------------------

Ignored nodes: comments, script, style
[36m<body>[39m
  [36m<div>[39m
    [36m<nav[39m
      [33maria-label[39m=[32m"╨Э╨░╨▓╨╕╨│╨░╤Ж╨╕╤П ╨┐╨╛ ╤Б╤В╤А╨░╨╜╨╕╤Ж╨░╨╝"[39m
      [33mclass[39m=[32m"mt-4"[39m
    [36m>[39m
      [36m<div[39m
        [33mclass[39m=[32m"flex flex-wrap items-center justify-between gap-y-2 gap-x-4"[39m
      [36m>[39m
        [36m<div[39m
          [33maria-label[39m=[32m"╨б╤В╤А╨░╨╜╨╕╤Ж╤Л"[39m
          [33mclass[39m=[32m"flex items-center gap-1"[39m
          [33mrole[39m=[32m"group"[39m
        [36m>[39m
          [36m<button[39m
            [33maria-label[39m=[32m"╨Я╤А╨╡╨┤╤Л╨┤╤Г╤Й╨░╤П ╤Б╤В╤А╨░╨╜╨╕╤Ж╨░"[39m
            [33mclass[39m=[32m"group/button inline-flex shrink-0 items-center justify-center border bg-clip-padding font-medium whitespace-nowrap transition-all 
outline-none select-none focus-visible:border-ring focus-visible:ring-3 focus-visible:ring-ring/50 active:not-aria-[haspopup]:translate-y-px disabled:pointer-events
-none disabled:opacity-50 aria-invalid:border-destructive aria-invalid:ring-3 aria-invalid:ring-destructive/20 dark:aria-invalid:border-destructive/50 dark:aria-inv
alid:ring-destructive/40 [&_svg]:pointer-events-none [&_svg]:shrink-0 border-border bg-background hover:bg-muted hover:text-foreground aria-expanded:bg-muted aria-e
xpanded:text-foreground dark:border-input dark:bg-input/30 dark:hover:bg-input/50 h-7 gap-1 rounded-[min(var(--radius-md),12px)] px-2.5 text-[0.8rem] in-data-[slot=
button-group]:rounded-lg has-data-[icon=inline-end]:pr-1.5 has-data-[icon=inline-start]:pl-1.5 [&_svg:not([class*='size-'])]:size-3.5"[39m
            [33mdata-size[39m=[32m"sm"[39m
            [33mdata-slot[39m=[32m"button"[39m
            [33mdata-variant[39m=[32m"outline"[39m
            [33mdisabled[39m=[32m""[39m
          [36m>[39m
            [0mтЖР Prev[0m
          [36m</button>[39m
          [36m<button[39m
            [33maria-current[39m=[32m"page"[39m
            [33mclass[39m=[32m"group/button inline-flex shrink-0 items-center justify-center border border-transparent bg-clip-padding font-medium whitespace-now
rap transition-all outline-none select-none focus-visible:border-ring focus-visible:ring-3 focus-visible:ring-ring/50 active:not-aria-[haspopup]:translate-y-px disa
bled:pointer-events-none disabled:opacity-50 aria-invalid:border-destructive aria-invalid:ring-3 aria-invalid:ring-destructive/20 dark:aria-invalid:border-destructi
ve/50 dark:aria-invalid:ring-destructive/40 [&_svg]:pointer-events-none [&_svg]:shrink-0 bg-primary text-primary-foreground [a]:hover:bg-primary/80 h-7 gap-1 rounde
d-[min(var(--radius-md),12px)] px-2.5 text-[0.8rem] in-data-[slot=button-group]:rounded-lg has-data-[icon=inline-end]:pr-1.5 has-data-[icon=inline-start]:pl-1.5 [&_
svg:not([class*='size-'])]:size-3.5"[39m
            [33mdata-size[39m=[32m"sm"[39m
            [33mdata-slot[39m=[32m"button"[39m
            [33mdata-variant[39m=[32m"default"[39m
          [36m>[39m

            [0m1[0m
          [36m</button>[39m
          [36m<button[39m
            [33mclass[39m=[32m"group/button inline-flex shrink-0 items-center justify-center border bg-clip-padding font-medium whitespace-nowrap transition-all 
outline-none select-none focus-visible:border-ring focus-visible:ring-3 focus-visible:ring-ring/50 active:not-aria-[haspopup]:translate-y-px disabled:pointer-events
-none disabled:opacity-50 aria-invalid:border-destructive aria-invalid:ring-3 aria-invalid:ring-destructive/20 dark:aria-invalid:border-destructive/50 dark:aria-inv
alid:ring-destructive/40 [&_svg]:pointer-events-none [&_svg]:shrink-0 border-border bg-background hover:bg-muted hover:text-foreground aria-expanded:bg-muted aria-e
xpanded:text-foreground dark:border-input dark:bg-input/30 dark:hover:bg-input/50 h-7 gap-1 rounded-[min(var(--radius-md),12px)] px-2.5 text-[0.8rem] in-data-[slot=
button-group]:rounded-lg has-data-[icon=inline-end]:pr-1.5 has-data-[icon=inline-start]:pl-1.5 [&_svg:not([class*='size-'])]:size-3.5"[39m
            [33mdata-size[39m=[32m"sm"[39m
            [33mdata-slot[39m=[32m"button"[39m
            [33mdata-variant[39m=[32m"outline"[39m
          [36m>[39m
            [0m2[0m
          [36m</button>[39m
          [36m<button[39m
            [33mclass[39m=[32m"group/button inline-flex shrink-0 items-center justify-center border bg-clip-padding font-medium whitespace-nowrap transition-all 
outline-none select-none focus-visible:border-ring focus-visible:ring-3 focus-visible:ring-ring/50 active:not-aria-[haspopup]:translate-y-px disabled:pointer-events
-none disabled:opacity-50 aria-invalid:border-destructive aria-invalid:ring-3 aria-invalid:ring-destructive/20 dark:aria-invalid:border-destructive/50 dark:aria-inv
alid:ring-destructive/40 [&_svg]:pointer-events-none [&_svg]:shrink-0 border-border bg-background hover:bg-muted hover:text-foreground aria-expanded:bg-muted aria-e
xpanded:text-foreground dark:border-input dark:bg-input/30 dark:hover:bg-input/50 h-7 gap-1 rounded-[min(var(--radius-md),12px)] px-2.5 text-[0.8rem] in-data-[slot=
button-group]:rounded-lg has-data-[icon=inline-end]:pr-1.5 has-data-[icon=inline-start]:pl-1.5 [&_svg:not([class*='size-'])]:size-3.5"[39m
            [33mdata-size[39m=[32m"sm"[39m
            [33mdata-slot[39m=[32m"button"[39m
            [33mdata-variant[39m=[32m"outline"[39m
          [36m>[39m
            [0m3[0m
          [36m</button>[39m
          [36m<button[39m
[2m Test Files [22m [1m[31m1 failed[39m[22m[2m | [22m[1m[32m1 passed[39m[22m[90m (2)[39m
[2m      Tests [22m [1m[31m6 failed[39m[22m[2m | [22m[1m[32m17 passed[39m[22m[90m (23)[39m
[2m   Start at [22m 20:43:09
[2m   Duration [22m 4.64s[2m (transform 303ms, setup 624ms, import 1.57s, tests 659ms, environment 3.91s)[22m

            [33maria-label[39m=[32m"╨б╨╗╨╡╨┤╤Г╤О╤Й╨░╤П ╤Б╤В╤А╨░╨╜╨╕╤Ж╨░"[39m
            [33mclass[39m=[32m"group/button inline-flex shrink-0 items-center justify-center border bg-clip-padding font-medium whitespace-nowrap transition-all 
outline-none select-none focus-visible:border-ring focus-visible:ring-3 focus-visible:ring-ring/50 active:not-aria-[haspopup]:translate-y-px disabled:pointer-events
-none disabled:opacity-50 aria-invalid:border-destructive aria-invalid:ring-3 aria-invalid:ring-destructive/20 dark:aria-invalid:border-destructive/50 dark:aria-inv
alid:ring-destructive/40 [&_svg]:pointer-events-none [&_svg]:shrink-0 border-border bg-background hover:bg-muted hover:text-foreground aria-expanded:bg-muted aria-e
xpanded:text-foreground dark:border-input dark:bg-input/30 dark:hover:bg-input/50 h-7 gap-1 rounded-[min(var(--radius-md),12px)] px-2.5 text-[0.8rem] in-data-[slot=
button-group]:rounded-lg has-data-[icon=inline-end]:pr-1.5 has-data-[icon=inline-start]:pl-1.5 [&_svg:not([class*='size-'])]:size-3.5"[39m
            [33mdata-size[39m=[32m"sm"[39m
            [33mdata-slot[39m=[32m"button"[39m
            [33mdata-variant[39m=[32m"outline"[39m
          [36m>[39m
            [0mNext тЖТ[0m
          [36m</button>[39m
        [36m</div>[39m
        [36m<div[39m
          [33maria-label[39m=[32m"╨б╤В╤А╨╛╨║ ╨╜╨░ ╤Б╤В╤А╨░╨╜╨╕╤Ж╨╡"[39m
          [33mclass[39m=[32m"flex items-center gap-1.5"[39m
          [33mrole[39m=[32m"group"[39m
        [36m>[39m
          [36m<span[39m
            [33mcla...
[90m [2mтЭп[22m Object.getElementError node_modules/@testing-library/dom/dist/config.js:[2m37:19[22m[39m
[90m [2mтЭп[22m node_modules/@testing-library/dom/dist/query-helpers.js:[2m76:38[22m[39m
[90m [2mтЭп[22m node_modules/@testing-library/dom/dist/query-helpers.js:[2m52:17[22m[39m
[90m [2mтЭп[22m node_modules/@testing-library/dom/dist/query-helpers.js:[2m95:19[22m[39m
[36m [2mтЭп[22m src/components/articles/PaginationBar.test.tsx:[2m132:19[22m[39m
    [90m130|[39m       [34mrender[39m([33m<[39m[33mPaginationBar[39m [33m{[39m[33m...[39mdefaults[33m}[39m [33mpage[39m[33m=[39m[33m{[39m[34m0
[39m[33m}[39m [33mtotal[39m[33m=[39m[33m{[39m[34m25[39m[33m}[39m [33m/[39m[33m>[39m)
    [90m131|[39m     )[33m.[39mnot[33m.[39m[34mtoThrow[39m()[33m;[39m
    [90m132|[39m     expect(screen.getByRole('button', { name: /prev/i })).toBeDisabledтАж
    [90m   |[39m                   [31m^[39m
    [90m133|[39m   })[33m;[39m
    [90m134|[39m })[33m;[39m

[31m[2mтОптОптОптОптОптОптОптОптОптОптОптОптОптОптОптОптОптОптОптОптОптОптОптОп[6/6]тОп[22m[39m

